mkdir: %_DEST%\lib%_EXT%\translate_toolkit
mkdir: %_DEST%\lib%_EXT%\translate_toolkit\translate
mkdir: %_DEST%\lib%_EXT%\translate_toolkit\translate\convert
mkdir: %_DEST%\lib%_EXT%\translate_toolkit\translate\filters
mkdir: %_DEST%\lib%_EXT%\translate_toolkit\translate\lang
mkdir: %_DEST%\lib%_EXT%\translate_toolkit\translate\misc
mkdir: %_DEST%\lib%_EXT%\translate_toolkit\translate\misc\typecheck
mkdir: %_DEST%\lib%_EXT%\translate_toolkit\translate\storage
mkdir: %_DEST%\lib%_EXT%\translate_toolkit\translate\storage\placeables
mkdir: %_DEST%\lib%_EXT%\translate_toolkit\translate\storage\versioncontrol
mkdir: %_DEST%\lib%_EXT%\translate_toolkit\translate\storage\xml_extract
mkdir: %_DEST%\lib%_EXT%\translate_toolkit\translate\search
mkdir: %_DEST%\lib%_EXT%\translate_toolkit\translate\search\indexing
mkdir: %_DEST%\lib%_EXT%\translate_toolkit\translate\services
mkdir: %_DEST%\lib%_EXT%\translate_toolkit\translate\tools

..\%__SRC%\misc\build\translate-toolkit-*\build\lib\translate\* %_DEST%\lib%_EXT%\translate_toolkit\translate\*
..\%__SRC%\misc\build\translate-toolkit-*\build\lib\translate\convert\* %_DEST%\lib%_EXT%\translate_toolkit\translate\convert\*
..\%__SRC%\misc\build\translate-toolkit-*\build\lib\translate\filters\* %_DEST%\lib%_EXT%\translate_toolkit\translate\filters\*
..\%__SRC%\misc\build\translate-toolkit-*\build\lib\translate\lang\* %_DEST%\lib%_EXT%\translate_toolkit\translate\lang\*
..\%__SRC%\misc\build\translate-toolkit-*\build\lib\translate\misc\* %_DEST%\lib%_EXT%\translate_toolkit\translate\misc\*
..\%__SRC%\misc\build\translate-toolkit-*\build\lib\translate\misc/typecheck\* %_DEST%\lib%_EXT%\translate_toolkit\translate\misc/typecheck\*
..\%__SRC%\misc\build\translate-toolkit-*\build\lib\translate\storage\* %_DEST%\lib%_EXT%\translate_toolkit\translate\storage\*
..\%__SRC%\misc\build\translate-toolkit-*\build\lib\translate\storage/placeables\* %_DEST%\lib%_EXT%\translate_toolkit\translate\storage/placeables\*
..\%__SRC%\misc\build\translate-toolkit-*\build\lib\translate\storage/versioncontrol\* %_DEST%\lib%_EXT%\translate_toolkit\translate\storage/versioncontrol\*
..\%__SRC%\misc\build\translate-toolkit-*\build\lib\translate\storage/xml_extract\* %_DEST%\lib%_EXT%\translate_toolkit\translate\storage/xml_extract\*
..\%__SRC%\misc\build\translate-toolkit-*\build\lib\translate\search\* %_DEST%\lib%_EXT%\translate_toolkit\translate\search\*
..\%__SRC%\misc\build\translate-toolkit-*\build\lib\translate\search/indexing\* %_DEST%\lib%_EXT%\translate_toolkit\translate\search/indexing\*
..\%__SRC%\misc\build\translate-toolkit-*\build\lib\translate\services\* %_DEST%\lib%_EXT%\translate_toolkit\translate\services\*
..\%__SRC%\misc\build\translate-toolkit-*\build\lib\translate\tools\* %_DEST%\lib%_EXT%\translate_toolkit\translate\tools\*
..\%__SRC%\misc\build\translate-toolkit-*\build\scripts-*\oo2po  %_DEST%\bin%_EXT%\*
..\%__SRC%\misc\build\translate-toolkit-*\build\scripts-*\po2oo  %_DEST%\bin%_EXT%\*
