sa	sal	:	xml2cmp external BOOST:boost CPPUNIT:cppunit NULL 
sa	sal										usr1	-	all	sa_mkout NULL
sa	sal\inc									nmake	-	all	sa_inc NULL
sa	sal\typesconfig							nmake	-	u	sa_tc sa_inc NULL
sa	sal\cpprt								nmake	-	u	sa_cpprt sa_util sa_inc NULL
sa	sal\rtl\source							nmake	-	all	sa_rtl sa_tc.u sa_inc NULL
sa	sal\textenc								nmake	-	all	sa_textenc sa_tc.u sa_inc NULL
sa	sal\systools\win32\uwinapi				nmake	-	n	sa_uwinapi sa_inc NULL
sa	sal\systools\win32\onlineupdate			nmake	-	n	sa_onlineupdate sa_uwinapi.n sa_inc NULL
sa	sal\osl\w32								nmake	-	n	sa_osln sa_inc NULL
sa	sal\osl\os2								nmake	-	p	sa_oslp sa_inc NULL
sa  sal\qa                                  nmake   -   all sa_qa sa_util NULL
sa	sal\osl\unx								nmake	-	u	sa_oslu sa_tc.u sa_inc NULL
sa	sal\osl\all								nmake	-	all	sa_oslall sa_tc.u sa_inc NULL
sa	sal\util								nmake	-	all	sa_util sa_tc.u sa_oslall sa_uwinapi.n sa_onlineupdate.n sa_osln.n sa_oslp.p sa_oslu.u sa_rtl sa_textenc NULL
sa sal\cppunittester nmake - all sa_cppunittester sa_cpprt.u sa_util NULL
sa sal\qa\ByteSequence nmake - all sa_qa_ByteSequence sa_cppunittester sa_util NULL
sa sal\qa\OStringBuffer nmake - all sa_qa_OStringBuffer sa_cppunittester sa_util NULL
sa sal\qa\osl\mutex nmake - all sa_qa_osl_mutex sa_cppunittester sa_util NULL
sa sal\qa\osl\profile nmake - all sa_qa_osl_profile sa_cppunittester sa_util NULL
sa sal\qa\osl\file nmake - u sa_qa_osl_file sa_cppunittester sa_util NULL
sa sal\qa\osl\module nmake - u sa_qa_osl_module sa_cppunittester sa_util NULL
sa sal\qa\osl\condition nmake - all sa_qa_osl_condition sa_cppunittester sa_util NULL
sa sal\qa\rtl\strings nmake - all sa_qa_rt_strings sa_cppunittester sa_util NULL
