mkdir: %_DEST%\inc%_EXT%\bridges
mkdir: %_DEST%\inc%_EXT%\bridges\remote

..\inc\bridges\remote\connection.h %_DEST%\inc%_EXT%\bridges\remote\connection.h
..\inc\bridges\remote\context.h %_DEST%\inc%_EXT%\bridges\remote\context.h
..\inc\bridges\remote\remote.h %_DEST%\inc%_EXT%\bridges\remote\remote.h

..\%__SRC%\lib\irmcxt* %_DEST%\lib%_EXT%\*
..\%__SRC%\lib\librmcxt* %_DEST%\lib%_EXT%\*
..\%__SRC%\bin\rmcxt* %_DEST%\bin%_EXT%\*

..\%__SRC%\lib\libremote_uno* %_DEST%\lib%_EXT%\libremote_uno*
..\%__SRC%\bin\remote_uno* %_DEST%\bin%_EXT%\remote_uno*
..\%__SRC%\lib\liburp_uno* %_DEST%\lib%_EXT%\liburp_uno*
..\%__SRC%\bin\urp_uno* %_DEST%\bin%_EXT%\urp_uno*
..\%__SRC%\lib\libjava_uno* %_DEST%\lib%_EXT%\libjava_uno*
..\%__SRC%\bin\java_uno* %_DEST%\bin%_EXT%\java_uno*
..\%__SRC%\lib\java_uno.jar %_DEST%\bin%_EXT%\java_uno.jar

..\version.mk %_DEST%\inc%_EXT%\bridges\version.mk

..\%__SRC%\bin\prot_uno_uno.* %_DEST%\bin%_EXT%\prot_uno_uno.*
..\%__SRC%\bin\msci_uno.* %_DEST%\bin%_EXT%\msci_uno.*
..\%__SRC%\lib\libprot_uno_uno.* %_DEST%\lib%_EXT%\libprot_uno_uno.*
..\%__SRC%\lib\libgcc2_uno.* %_DEST%\lib%_EXT%\libgcc2_uno.*
..\%__SRC%\lib\libsunpro5_uno.* %_DEST%\lib%_EXT%\libsunpro5_uno.*
