cp    scp2    :    setup_native transex3 PYTHON:python NULL
cp    scp2                        usr1     -    all    cp_mkout NULL
cp    scp2\macros                 nmake    -    all    cp_langmacros NULL
cp    scp2\source\activex         nmake    -    all    cp_activex cp_langmacros NULL
cp    scp2\source\calc            nmake    -    all    cp_calc cp_langmacros NULL
cp    scp2\source\canvas          nmake    -    all    cp_canvas cp_langmacros NULL
cp    scp2\source\crashrep        nmake    -    all    cp_crashrep cp_langmacros NULL
cp    scp2\source\draw            nmake    -    all    cp_draw cp_langmacros NULL
cp    scp2\source\gnome           nmake    -    all    cp_gnome cp_langmacros NULL
cp    scp2\source\graphicfilter   nmake    -    all    cp_graphicfilter cp_langmacros NULL
cp    scp2\source\impress         nmake    -    all    cp_impress cp_langmacros NULL
cp    scp2\source\javafilter      nmake    -    all    cp_javafilter cp_langmacros NULL
cp    scp2\source\lingu           nmake    -    all    cp_lingu cp_langmacros NULL
cp    scp2\source\math            nmake    -    all    cp_math cp_langmacros NULL
cp    scp2\source\ooo             nmake    -    all    cp_ooo cp_langmacros NULL
cp    scp2\source\python          nmake    -    all    cp_python cp_langmacros NULL
cp    scp2\source\quickstart      nmake    -    all    cp_quickstart cp_langmacros NULL
cp    scp2\source\testtool        nmake    -    all    cp_testtool cp_langmacros NULL
cp    scp2\source\writer          nmake    -    all    cp_writer cp_langmacros NULL
cp    scp2\source\base            nmake    -    all    cp_base cp_langmacros NULL
cp    scp2\source\xsltfilter      nmake    -    all    cp_xsltfilter cp_langmacros NULL
cp    scp2\source\winexplorerext  nmake    -    all    cp_winexplorerext cp_langmacros NULL
cp    scp2\source\ure             nmake    -    all    cp_ure NULL
cp    scp2\util                   nmake    -    all    cp_util cp_activex cp_calc cp_canvas cp_crashrep cp_draw cp_gnome cp_graphicfilter cp_impress cp_javafilter cp_lingu cp_math cp_ooo cp_python cp_quickstart cp_testtool cp_writer cp_base cp_xsltfilter cp_winexplorerext cp_ure NULL
