mkdir: %_DEST%\pck%_EXT%
mkdir: %_DEST%\pck%_EXT%\openoffice
mkdir: %COMMON_DEST%\pck%_EXT%
mkdir: %COMMON_DEST%\pck%_EXT%\openoffice

..\%__SRC%\bin\*.zip %_DEST%\pck%_EXT%\*.zip
..\common.pro\bin\*.zip %COMMON_DEST%\pck%_EXT%\*.zip
..\common.pro\bin\wordbook_en-US.zip %COMMON_DEST%\pck%_EXT%\wordbook_ja.zip
..\common.pro\bin\wordbook_en-US.zip %COMMON_DEST%\pck%_EXT%\wordbook_ko.zip
..\common.pro\bin\wordbook_en-US.zip %COMMON_DEST%\pck%_EXT%\wordbook_zh-CN.zip
..\common.pro\bin\wordbook_en-US.zip %COMMON_DEST%\pck%_EXT%\wordbook_zh-TW.zip
..\source\truetype\decorative\*.ttf %COMMON_DEST%\pck%_EXT%\*.ttf
..\source\truetype\standard_sans\*.ttf %COMMON_DEST%\pck%_EXT%\*.ttf
..\source\truetype\standard_serif\*.ttf %COMMON_DEST%\pck%_EXT%\*.ttf
..\source\truetype\symbol\*.ttf %COMMON_DEST%\pck%_EXT%\*.ttf
..\source\shellnew\soffice.* %COMMON_DEST%\pck%_EXT%\soffice.*
..\unx\source\fonts\fonts\type1\fontunxtype1portal.zip %COMMON_DEST%\pck%_EXT%\fontunxtype1portal.zip
..\unx\source\fonts\fonts.dir %COMMON_DEST%\pck%_EXT%\openoffice\fonts.dir

dos: sh -c "if test %OS% = MACOSX; then create-bundle %_DEST%\lib%_EXT%\*.dylib; fi"
