UDK_3_0_0 {
global:
GetVersionInfo;
getAllCalendars_ast_ES;
getAllCalendars_be_BY;
getAllCalendars_bg_BG;
getAllCalendars_br_FR;
getAllCalendars_bs_BA;
getAllCalendars_ca_ES;
getAllCalendars_cs_CZ;
getAllCalendars_cv_RU;
getAllCalendars_cy_GB;
getAllCalendars_da_DK;
getAllCalendars_de_AT;
getAllCalendars_de_CH;
getAllCalendars_de_DE;
getAllCalendars_de_LI;
getAllCalendars_de_LU;
getAllCalendars_dsb_DE;
getAllCalendars_el_GR;
getAllCalendars_et_EE;
getAllCalendars_eu;
getAllCalendars_fi_FI;
getAllCalendars_fo_FO;
getAllCalendars_fr_BE;
getAllCalendars_fr_CA;
getAllCalendars_fr_CH;
getAllCalendars_fr_FR;
getAllCalendars_fr_LU;
getAllCalendars_fr_MC;
getAllCalendars_fur_IT;
getAllCalendars_fy_NL;
getAllCalendars_ga_IE;
getAllCalendars_gsc_FR;
getAllCalendars_hr_HR;
getAllCalendars_hsb_DE;
getAllCalendars_is_IS;
getAllCalendars_it_CH;
getAllCalendars_it_IT;
getAllCalendars_ka_GE;
getAllCalendars_kl_GL;
getAllCalendars_la_VA;
getAllCalendars_lb_LU;
getAllCalendars_ltg_LV;
getAllCalendars_lt_LT;
getAllCalendars_lv_LV;
getAllCalendars_mk_MK;
getAllCalendars_mt_MT;
getAllCalendars_nb_NO;
getAllCalendars_nl_BE;
getAllCalendars_nl_NL;
getAllCalendars_nn_NO;
getAllCalendars_no_NO;
getAllCalendars_oc_FR;
getAllCalendars_pl_PL;
getAllCalendars_pt_BR;
getAllCalendars_pt_PT;
getAllCalendars_ro_RO;
getAllCalendars_rue_SK;
getAllCalendars_ru_RU;
getAllCalendars_sc_IT;
getAllCalendars_sh_ME;
getAllCalendars_sh_RS;
getAllCalendars_sh_YU;
getAllCalendars_sk_SK;
getAllCalendars_sl_SI;
getAllCalendars_sr_ME;
getAllCalendars_sr_RS;
getAllCalendars_sr_YU;
getAllCalendars_sv_FI;
getAllCalendars_sv_SE;
getAllCalendars_tr_TR;
getAllCalendars_uk_UA;
getAllCalendars_wa_BE;
getAllCurrencies_ast_ES;
getAllCurrencies_be_BY;
getAllCurrencies_bg_BG;
getAllCurrencies_br_FR;
getAllCurrencies_bs_BA;
getAllCurrencies_ca_ES;
getAllCurrencies_cs_CZ;
getAllCurrencies_cv_RU;
getAllCurrencies_cy_GB;
getAllCurrencies_da_DK;
getAllCurrencies_de_AT;
getAllCurrencies_de_CH;
getAllCurrencies_de_DE;
getAllCurrencies_de_LI;
getAllCurrencies_de_LU;
getAllCurrencies_dsb_DE;
getAllCurrencies_el_GR;
getAllCurrencies_et_EE;
getAllCurrencies_eu;
getAllCurrencies_fi_FI;
getAllCurrencies_fo_FO;
getAllCurrencies_fr_BE;
getAllCurrencies_fr_CA;
getAllCurrencies_fr_CH;
getAllCurrencies_fr_FR;
getAllCurrencies_fr_LU;
getAllCurrencies_fr_MC;
getAllCurrencies_fur_IT;
getAllCurrencies_fy_NL;
getAllCurrencies_ga_IE;
getAllCurrencies_gsc_FR;
getAllCurrencies_hr_HR;
getAllCurrencies_hsb_DE;
getAllCurrencies_is_IS;
getAllCurrencies_it_CH;
getAllCurrencies_it_IT;
getAllCurrencies_ka_GE;
getAllCurrencies_kl_GL;
getAllCurrencies_la_VA;
getAllCurrencies_lb_LU;
getAllCurrencies_ltg_LV;
getAllCurrencies_lt_LT;
getAllCurrencies_lv_LV;
getAllCurrencies_mk_MK;
getAllCurrencies_mt_MT;
getAllCurrencies_nb_NO;
getAllCurrencies_nl_BE;
getAllCurrencies_nl_NL;
getAllCurrencies_nn_NO;
getAllCurrencies_no_NO;
getAllCurrencies_oc_FR;
getAllCurrencies_pl_PL;
getAllCurrencies_pt_BR;
getAllCurrencies_pt_PT;
getAllCurrencies_ro_RO;
getAllCurrencies_rue_SK;
getAllCurrencies_ru_RU;
getAllCurrencies_sc_IT;
getAllCurrencies_sh_ME;
getAllCurrencies_sh_RS;
getAllCurrencies_sh_YU;
getAllCurrencies_sk_SK;
getAllCurrencies_sl_SI;
getAllCurrencies_sr_ME;
getAllCurrencies_sr_RS;
getAllCurrencies_sr_YU;
getAllCurrencies_sv_FI;
getAllCurrencies_sv_SE;
getAllCurrencies_tr_TR;
getAllCurrencies_uk_UA;
getAllCurrencies_wa_BE;
getAllFormats0_ast_ES;
getAllFormats0_be_BY;
getAllFormats0_bg_BG;
getAllFormats0_br_FR;
getAllFormats0_bs_BA;
getAllFormats0_ca_ES;
getAllFormats0_cs_CZ;
getAllFormats0_cv_RU;
getAllFormats0_cy_GB;
getAllFormats0_da_DK;
getAllFormats0_de_AT;
getAllFormats0_de_CH;
getAllFormats0_de_DE;
getAllFormats0_de_LI;
getAllFormats0_de_LU;
getAllFormats0_dsb_DE;
getAllFormats0_el_GR;
getAllFormats0_et_EE;
getAllFormats0_eu;
getAllFormats0_fi_FI;
getAllFormats0_fo_FO;
getAllFormats0_fr_BE;
getAllFormats0_fr_CA;
getAllFormats0_fr_CH;
getAllFormats0_fr_FR;
getAllFormats0_fr_LU;
getAllFormats0_fr_MC;
getAllFormats0_fur_IT;
getAllFormats0_fy_NL;
getAllFormats0_ga_IE;
getAllFormats0_gsc_FR;
getAllFormats0_hr_HR;
getAllFormats0_hsb_DE;
getAllFormats0_is_IS;
getAllFormats0_it_CH;
getAllFormats0_it_IT;
getAllFormats0_ka_GE;
getAllFormats0_kl_GL;
getAllFormats0_la_VA;
getAllFormats0_lb_LU;
getAllFormats0_ltg_LV;
getAllFormats0_lt_LT;
getAllFormats0_lv_LV;
getAllFormats0_mk_MK;
getAllFormats0_mt_MT;
getAllFormats0_nb_NO;
getAllFormats0_nl_BE;
getAllFormats0_nl_NL;
getAllFormats0_nn_NO;
getAllFormats0_no_NO;
getAllFormats0_oc_FR;
getAllFormats0_pl_PL;
getAllFormats0_pt_BR;
getAllFormats0_pt_PT;
getAllFormats0_ro_RO;
getAllFormats0_rue_SK;
getAllFormats0_ru_RU;
getAllFormats0_sc_IT;
getAllFormats0_sh_ME;
getAllFormats0_sh_RS;
getAllFormats0_sh_YU;
getAllFormats0_sk_SK;
getAllFormats0_sl_SI;
getAllFormats0_sr_ME;
getAllFormats0_sr_RS;
getAllFormats0_sr_YU;
getAllFormats0_sv_FI;
getAllFormats0_sv_SE;
getAllFormats0_tr_TR;
getAllFormats0_uk_UA;
getAllFormats0_wa_BE;
getBreakIteratorRules_ast_ES;
getBreakIteratorRules_be_BY;
getBreakIteratorRules_bg_BG;
getBreakIteratorRules_br_FR;
getBreakIteratorRules_bs_BA;
getBreakIteratorRules_ca_ES;
getBreakIteratorRules_cs_CZ;
getBreakIteratorRules_cv_RU;
getBreakIteratorRules_cy_GB;
getBreakIteratorRules_da_DK;
getBreakIteratorRules_de_AT;
getBreakIteratorRules_de_CH;
getBreakIteratorRules_de_DE;
getBreakIteratorRules_de_LI;
getBreakIteratorRules_de_LU;
getBreakIteratorRules_dsb_DE;
getBreakIteratorRules_el_GR;
getBreakIteratorRules_et_EE;
getBreakIteratorRules_eu;
getBreakIteratorRules_fi_FI;
getBreakIteratorRules_fo_FO;
getBreakIteratorRules_fr_BE;
getBreakIteratorRules_fr_CA;
getBreakIteratorRules_fr_CH;
getBreakIteratorRules_fr_FR;
getBreakIteratorRules_fr_LU;
getBreakIteratorRules_fr_MC;
getBreakIteratorRules_fur_IT;
getBreakIteratorRules_fy_NL;
getBreakIteratorRules_ga_IE;
getBreakIteratorRules_gsc_FR;
getBreakIteratorRules_hr_HR;
getBreakIteratorRules_hsb_DE;
getBreakIteratorRules_is_IS;
getBreakIteratorRules_it_CH;
getBreakIteratorRules_it_IT;
getBreakIteratorRules_ka_GE;
getBreakIteratorRules_kl_GL;
getBreakIteratorRules_la_VA;
getBreakIteratorRules_lb_LU;
getBreakIteratorRules_ltg_LV;
getBreakIteratorRules_lt_LT;
getBreakIteratorRules_lv_LV;
getBreakIteratorRules_mk_MK;
getBreakIteratorRules_mt_MT;
getBreakIteratorRules_nb_NO;
getBreakIteratorRules_nl_BE;
getBreakIteratorRules_nl_NL;
getBreakIteratorRules_nn_NO;
getBreakIteratorRules_no_NO;
getBreakIteratorRules_oc_FR;
getBreakIteratorRules_pl_PL;
getBreakIteratorRules_pt_BR;
getBreakIteratorRules_pt_PT;
getBreakIteratorRules_ro_RO;
getBreakIteratorRules_rue_SK;
getBreakIteratorRules_ru_RU;
getBreakIteratorRules_sc_IT;
getBreakIteratorRules_sh_ME;
getBreakIteratorRules_sh_RS;
getBreakIteratorRules_sh_YU;
getBreakIteratorRules_sk_SK;
getBreakIteratorRules_sl_SI;
getBreakIteratorRules_sr_ME;
getBreakIteratorRules_sr_RS;
getBreakIteratorRules_sr_YU;
getBreakIteratorRules_sv_FI;
getBreakIteratorRules_sv_SE;
getBreakIteratorRules_tr_TR;
getBreakIteratorRules_uk_UA;
getBreakIteratorRules_wa_BE;
getCollationOptions_ast_ES;
getCollationOptions_be_BY;
getCollationOptions_bg_BG;
getCollationOptions_br_FR;
getCollationOptions_bs_BA;
getCollationOptions_ca_ES;
getCollationOptions_cs_CZ;
getCollationOptions_cv_RU;
getCollationOptions_cy_GB;
getCollationOptions_da_DK;
getCollationOptions_de_AT;
getCollationOptions_de_CH;
getCollationOptions_de_DE;
getCollationOptions_de_LI;
getCollationOptions_de_LU;
getCollationOptions_dsb_DE;
getCollationOptions_el_GR;
getCollationOptions_et_EE;
getCollationOptions_eu;
getCollationOptions_fi_FI;
getCollationOptions_fo_FO;
getCollationOptions_fr_BE;
getCollationOptions_fr_CA;
getCollationOptions_fr_CH;
getCollationOptions_fr_FR;
getCollationOptions_fr_LU;
getCollationOptions_fr_MC;
getCollationOptions_fur_IT;
getCollationOptions_fy_NL;
getCollationOptions_ga_IE;
getCollationOptions_gsc_FR;
getCollationOptions_hr_HR;
getCollationOptions_hsb_DE;
getCollationOptions_is_IS;
getCollationOptions_it_CH;
getCollationOptions_it_IT;
getCollationOptions_ka_GE;
getCollationOptions_kl_GL;
getCollationOptions_la_VA;
getCollationOptions_lb_LU;
getCollationOptions_ltg_LV;
getCollationOptions_lt_LT;
getCollationOptions_lv_LV;
getCollationOptions_mk_MK;
getCollationOptions_mt_MT;
getCollationOptions_nb_NO;
getCollationOptions_nl_BE;
getCollationOptions_nl_NL;
getCollationOptions_nn_NO;
getCollationOptions_no_NO;
getCollationOptions_oc_FR;
getCollationOptions_pl_PL;
getCollationOptions_pt_BR;
getCollationOptions_pt_PT;
getCollationOptions_ro_RO;
getCollationOptions_rue_SK;
getCollationOptions_ru_RU;
getCollationOptions_sc_IT;
getCollationOptions_sh_ME;
getCollationOptions_sh_RS;
getCollationOptions_sh_YU;
getCollationOptions_sk_SK;
getCollationOptions_sl_SI;
getCollationOptions_sr_ME;
getCollationOptions_sr_RS;
getCollationOptions_sr_YU;
getCollationOptions_sv_FI;
getCollationOptions_sv_SE;
getCollationOptions_tr_TR;
getCollationOptions_uk_UA;
getCollationOptions_wa_BE;
getCollatorImplementation_ast_ES;
getCollatorImplementation_be_BY;
getCollatorImplementation_bg_BG;
getCollatorImplementation_br_FR;
getCollatorImplementation_bs_BA;
getCollatorImplementation_ca_ES;
getCollatorImplementation_cs_CZ;
getCollatorImplementation_cv_RU;
getCollatorImplementation_cy_GB;
getCollatorImplementation_da_DK;
getCollatorImplementation_de_AT;
getCollatorImplementation_de_CH;
getCollatorImplementation_de_DE;
getCollatorImplementation_de_LI;
getCollatorImplementation_de_LU;
getCollatorImplementation_dsb_DE;
getCollatorImplementation_el_GR;
getCollatorImplementation_et_EE;
getCollatorImplementation_eu;
getCollatorImplementation_fi_FI;
getCollatorImplementation_fo_FO;
getCollatorImplementation_fr_BE;
getCollatorImplementation_fr_CA;
getCollatorImplementation_fr_CH;
getCollatorImplementation_fr_FR;
getCollatorImplementation_fr_LU;
getCollatorImplementation_fr_MC;
getCollatorImplementation_fur_IT;
getCollatorImplementation_fy_NL;
getCollatorImplementation_ga_IE;
getCollatorImplementation_gsc_FR;
getCollatorImplementation_hr_HR;
getCollatorImplementation_hsb_DE;
getCollatorImplementation_is_IS;
getCollatorImplementation_it_CH;
getCollatorImplementation_it_IT;
getCollatorImplementation_ka_GE;
getCollatorImplementation_kl_GL;
getCollatorImplementation_la_VA;
getCollatorImplementation_lb_LU;
getCollatorImplementation_ltg_LV;
getCollatorImplementation_lt_LT;
getCollatorImplementation_lv_LV;
getCollatorImplementation_mk_MK;
getCollatorImplementation_mt_MT;
getCollatorImplementation_nb_NO;
getCollatorImplementation_nl_BE;
getCollatorImplementation_nl_NL;
getCollatorImplementation_nn_NO;
getCollatorImplementation_no_NO;
getCollatorImplementation_oc_FR;
getCollatorImplementation_pl_PL;
getCollatorImplementation_pt_BR;
getCollatorImplementation_pt_PT;
getCollatorImplementation_ro_RO;
getCollatorImplementation_rue_SK;
getCollatorImplementation_ru_RU;
getCollatorImplementation_sc_IT;
getCollatorImplementation_sh_ME;
getCollatorImplementation_sh_RS;
getCollatorImplementation_sh_YU;
getCollatorImplementation_sk_SK;
getCollatorImplementation_sl_SI;
getCollatorImplementation_sr_ME;
getCollatorImplementation_sr_RS;
getCollatorImplementation_sr_YU;
getCollatorImplementation_sv_FI;
getCollatorImplementation_sv_SE;
getCollatorImplementation_tr_TR;
getCollatorImplementation_uk_UA;
getCollatorImplementation_wa_BE;
getContinuousNumberingLevels_ast_ES;
getContinuousNumberingLevels_be_BY;
getContinuousNumberingLevels_bg_BG;
getContinuousNumberingLevels_br_FR;
getContinuousNumberingLevels_bs_BA;
getContinuousNumberingLevels_ca_ES;
getContinuousNumberingLevels_cs_CZ;
getContinuousNumberingLevels_cv_RU;
getContinuousNumberingLevels_cy_GB;
getContinuousNumberingLevels_da_DK;
getContinuousNumberingLevels_de_AT;
getContinuousNumberingLevels_de_CH;
getContinuousNumberingLevels_de_DE;
getContinuousNumberingLevels_de_LI;
getContinuousNumberingLevels_de_LU;
getContinuousNumberingLevels_dsb_DE;
getContinuousNumberingLevels_el_GR;
getContinuousNumberingLevels_et_EE;
getContinuousNumberingLevels_eu;
getContinuousNumberingLevels_fi_FI;
getContinuousNumberingLevels_fo_FO;
getContinuousNumberingLevels_fr_BE;
getContinuousNumberingLevels_fr_CA;
getContinuousNumberingLevels_fr_CH;
getContinuousNumberingLevels_fr_FR;
getContinuousNumberingLevels_fr_LU;
getContinuousNumberingLevels_fr_MC;
getContinuousNumberingLevels_fur_IT;
getContinuousNumberingLevels_fy_NL;
getContinuousNumberingLevels_ga_IE;
getContinuousNumberingLevels_gsc_FR;
getContinuousNumberingLevels_hr_HR;
getContinuousNumberingLevels_hsb_DE;
getContinuousNumberingLevels_is_IS;
getContinuousNumberingLevels_it_CH;
getContinuousNumberingLevels_it_IT;
getContinuousNumberingLevels_ka_GE;
getContinuousNumberingLevels_kl_GL;
getContinuousNumberingLevels_la_VA;
getContinuousNumberingLevels_lb_LU;
getContinuousNumberingLevels_ltg_LV;
getContinuousNumberingLevels_lt_LT;
getContinuousNumberingLevels_lv_LV;
getContinuousNumberingLevels_mk_MK;
getContinuousNumberingLevels_mt_MT;
getContinuousNumberingLevels_nb_NO;
getContinuousNumberingLevels_nl_BE;
getContinuousNumberingLevels_nl_NL;
getContinuousNumberingLevels_nn_NO;
getContinuousNumberingLevels_no_NO;
getContinuousNumberingLevels_oc_FR;
getContinuousNumberingLevels_pl_PL;
getContinuousNumberingLevels_pt_BR;
getContinuousNumberingLevels_pt_PT;
getContinuousNumberingLevels_ro_RO;
getContinuousNumberingLevels_rue_SK;
getContinuousNumberingLevels_ru_RU;
getContinuousNumberingLevels_sc_IT;
getContinuousNumberingLevels_sh_ME;
getContinuousNumberingLevels_sh_RS;
getContinuousNumberingLevels_sh_YU;
getContinuousNumberingLevels_sk_SK;
getContinuousNumberingLevels_sl_SI;
getContinuousNumberingLevels_sr_ME;
getContinuousNumberingLevels_sr_RS;
getContinuousNumberingLevels_sr_YU;
getContinuousNumberingLevels_sv_FI;
getContinuousNumberingLevels_sv_SE;
getContinuousNumberingLevels_tr_TR;
getContinuousNumberingLevels_uk_UA;
getContinuousNumberingLevels_wa_BE;
getFollowPageWords_ast_ES;
getFollowPageWords_be_BY;
getFollowPageWords_bg_BG;
getFollowPageWords_br_FR;
getFollowPageWords_bs_BA;
getFollowPageWords_ca_ES;
getFollowPageWords_cs_CZ;
getFollowPageWords_cv_RU;
getFollowPageWords_cy_GB;
getFollowPageWords_da_DK;
getFollowPageWords_de_AT;
getFollowPageWords_de_CH;
getFollowPageWords_de_DE;
getFollowPageWords_de_LI;
getFollowPageWords_de_LU;
getFollowPageWords_dsb_DE;
getFollowPageWords_el_GR;
getFollowPageWords_et_EE;
getFollowPageWords_eu;
getFollowPageWords_fi_FI;
getFollowPageWords_fo_FO;
getFollowPageWords_fr_BE;
getFollowPageWords_fr_CA;
getFollowPageWords_fr_CH;
getFollowPageWords_fr_FR;
getFollowPageWords_fr_LU;
getFollowPageWords_fr_MC;
getFollowPageWords_fur_IT;
getFollowPageWords_fy_NL;
getFollowPageWords_ga_IE;
getFollowPageWords_gsc_FR;
getFollowPageWords_hr_HR;
getFollowPageWords_hsb_DE;
getFollowPageWords_is_IS;
getFollowPageWords_it_CH;
getFollowPageWords_it_IT;
getFollowPageWords_ka_GE;
getFollowPageWords_kl_GL;
getFollowPageWords_la_VA;
getFollowPageWords_lb_LU;
getFollowPageWords_ltg_LV;
getFollowPageWords_lt_LT;
getFollowPageWords_lv_LV;
getFollowPageWords_mk_MK;
getFollowPageWords_mt_MT;
getFollowPageWords_nb_NO;
getFollowPageWords_nl_BE;
getFollowPageWords_nl_NL;
getFollowPageWords_nn_NO;
getFollowPageWords_no_NO;
getFollowPageWords_oc_FR;
getFollowPageWords_pl_PL;
getFollowPageWords_pt_BR;
getFollowPageWords_pt_PT;
getFollowPageWords_ro_RO;
getFollowPageWords_rue_SK;
getFollowPageWords_ru_RU;
getFollowPageWords_sc_IT;
getFollowPageWords_sh_ME;
getFollowPageWords_sh_RS;
getFollowPageWords_sh_YU;
getFollowPageWords_sk_SK;
getFollowPageWords_sl_SI;
getFollowPageWords_sr_ME;
getFollowPageWords_sr_RS;
getFollowPageWords_sr_YU;
getFollowPageWords_sv_FI;
getFollowPageWords_sv_SE;
getFollowPageWords_tr_TR;
getFollowPageWords_uk_UA;
getFollowPageWords_wa_BE;
getForbiddenCharacters_ast_ES;
getForbiddenCharacters_be_BY;
getForbiddenCharacters_bg_BG;
getForbiddenCharacters_br_FR;
getForbiddenCharacters_bs_BA;
getForbiddenCharacters_ca_ES;
getForbiddenCharacters_cs_CZ;
getForbiddenCharacters_cv_RU;
getForbiddenCharacters_cy_GB;
getForbiddenCharacters_da_DK;
getForbiddenCharacters_de_AT;
getForbiddenCharacters_de_CH;
getForbiddenCharacters_de_DE;
getForbiddenCharacters_de_LI;
getForbiddenCharacters_de_LU;
getForbiddenCharacters_dsb_DE;
getForbiddenCharacters_el_GR;
getForbiddenCharacters_et_EE;
getForbiddenCharacters_eu;
getForbiddenCharacters_fi_FI;
getForbiddenCharacters_fo_FO;
getForbiddenCharacters_fr_BE;
getForbiddenCharacters_fr_CA;
getForbiddenCharacters_fr_CH;
getForbiddenCharacters_fr_FR;
getForbiddenCharacters_fr_LU;
getForbiddenCharacters_fr_MC;
getForbiddenCharacters_fur_IT;
getForbiddenCharacters_fy_NL;
getForbiddenCharacters_ga_IE;
getForbiddenCharacters_gsc_FR;
getForbiddenCharacters_hr_HR;
getForbiddenCharacters_hsb_DE;
getForbiddenCharacters_is_IS;
getForbiddenCharacters_it_CH;
getForbiddenCharacters_it_IT;
getForbiddenCharacters_ka_GE;
getForbiddenCharacters_kl_GL;
getForbiddenCharacters_la_VA;
getForbiddenCharacters_lb_LU;
getForbiddenCharacters_ltg_LV;
getForbiddenCharacters_lt_LT;
getForbiddenCharacters_lv_LV;
getForbiddenCharacters_mk_MK;
getForbiddenCharacters_mt_MT;
getForbiddenCharacters_nb_NO;
getForbiddenCharacters_nl_BE;
getForbiddenCharacters_nl_NL;
getForbiddenCharacters_nn_NO;
getForbiddenCharacters_no_NO;
getForbiddenCharacters_oc_FR;
getForbiddenCharacters_pl_PL;
getForbiddenCharacters_pt_BR;
getForbiddenCharacters_pt_PT;
getForbiddenCharacters_ro_RO;
getForbiddenCharacters_rue_SK;
getForbiddenCharacters_ru_RU;
getForbiddenCharacters_sc_IT;
getForbiddenCharacters_sh_ME;
getForbiddenCharacters_sh_RS;
getForbiddenCharacters_sh_YU;
getForbiddenCharacters_sk_SK;
getForbiddenCharacters_sl_SI;
getForbiddenCharacters_sr_ME;
getForbiddenCharacters_sr_RS;
getForbiddenCharacters_sr_YU;
getForbiddenCharacters_sv_FI;
getForbiddenCharacters_sv_SE;
getForbiddenCharacters_tr_TR;
getForbiddenCharacters_uk_UA;
getForbiddenCharacters_wa_BE;
getIndexAlgorithm_ast_ES;
getIndexAlgorithm_be_BY;
getIndexAlgorithm_bg_BG;
getIndexAlgorithm_br_FR;
getIndexAlgorithm_bs_BA;
getIndexAlgorithm_ca_ES;
getIndexAlgorithm_cs_CZ;
getIndexAlgorithm_cv_RU;
getIndexAlgorithm_cy_GB;
getIndexAlgorithm_da_DK;
getIndexAlgorithm_de_AT;
getIndexAlgorithm_de_CH;
getIndexAlgorithm_de_DE;
getIndexAlgorithm_de_LI;
getIndexAlgorithm_de_LU;
getIndexAlgorithm_dsb_DE;
getIndexAlgorithm_el_GR;
getIndexAlgorithm_et_EE;
getIndexAlgorithm_eu;
getIndexAlgorithm_fi_FI;
getIndexAlgorithm_fo_FO;
getIndexAlgorithm_fr_BE;
getIndexAlgorithm_fr_CA;
getIndexAlgorithm_fr_CH;
getIndexAlgorithm_fr_FR;
getIndexAlgorithm_fr_LU;
getIndexAlgorithm_fr_MC;
getIndexAlgorithm_fur_IT;
getIndexAlgorithm_fy_NL;
getIndexAlgorithm_ga_IE;
getIndexAlgorithm_gsc_FR;
getIndexAlgorithm_hr_HR;
getIndexAlgorithm_hsb_DE;
getIndexAlgorithm_is_IS;
getIndexAlgorithm_it_CH;
getIndexAlgorithm_it_IT;
getIndexAlgorithm_ka_GE;
getIndexAlgorithm_kl_GL;
getIndexAlgorithm_la_VA;
getIndexAlgorithm_lb_LU;
getIndexAlgorithm_ltg_LV;
getIndexAlgorithm_lt_LT;
getIndexAlgorithm_lv_LV;
getIndexAlgorithm_mk_MK;
getIndexAlgorithm_mt_MT;
getIndexAlgorithm_nb_NO;
getIndexAlgorithm_nl_BE;
getIndexAlgorithm_nl_NL;
getIndexAlgorithm_nn_NO;
getIndexAlgorithm_no_NO;
getIndexAlgorithm_oc_FR;
getIndexAlgorithm_pl_PL;
getIndexAlgorithm_pt_BR;
getIndexAlgorithm_pt_PT;
getIndexAlgorithm_ro_RO;
getIndexAlgorithm_rue_SK;
getIndexAlgorithm_ru_RU;
getIndexAlgorithm_sc_IT;
getIndexAlgorithm_sh_ME;
getIndexAlgorithm_sh_RS;
getIndexAlgorithm_sh_YU;
getIndexAlgorithm_sk_SK;
getIndexAlgorithm_sl_SI;
getIndexAlgorithm_sr_ME;
getIndexAlgorithm_sr_RS;
getIndexAlgorithm_sr_YU;
getIndexAlgorithm_sv_FI;
getIndexAlgorithm_sv_SE;
getIndexAlgorithm_tr_TR;
getIndexAlgorithm_uk_UA;
getIndexAlgorithm_wa_BE;
getLCInfo_ast_ES;
getLCInfo_be_BY;
getLCInfo_bg_BG;
getLCInfo_br_FR;
getLCInfo_bs_BA;
getLCInfo_ca_ES;
getLCInfo_cs_CZ;
getLCInfo_cv_RU;
getLCInfo_cy_GB;
getLCInfo_da_DK;
getLCInfo_de_AT;
getLCInfo_de_CH;
getLCInfo_de_DE;
getLCInfo_de_LI;
getLCInfo_de_LU;
getLCInfo_dsb_DE;
getLCInfo_el_GR;
getLCInfo_et_EE;
getLCInfo_eu;
getLCInfo_fi_FI;
getLCInfo_fo_FO;
getLCInfo_fr_BE;
getLCInfo_fr_CA;
getLCInfo_fr_CH;
getLCInfo_fr_FR;
getLCInfo_fr_LU;
getLCInfo_fr_MC;
getLCInfo_fur_IT;
getLCInfo_fy_NL;
getLCInfo_ga_IE;
getLCInfo_gsc_FR;
getLCInfo_hr_HR;
getLCInfo_hsb_DE;
getLCInfo_is_IS;
getLCInfo_it_CH;
getLCInfo_it_IT;
getLCInfo_ka_GE;
getLCInfo_kl_GL;
getLCInfo_la_VA;
getLCInfo_lb_LU;
getLCInfo_ltg_LV;
getLCInfo_lt_LT;
getLCInfo_lv_LV;
getLCInfo_mk_MK;
getLCInfo_mt_MT;
getLCInfo_nb_NO;
getLCInfo_nl_BE;
getLCInfo_nl_NL;
getLCInfo_nn_NO;
getLCInfo_no_NO;
getLCInfo_oc_FR;
getLCInfo_pl_PL;
getLCInfo_pt_BR;
getLCInfo_pt_PT;
getLCInfo_ro_RO;
getLCInfo_rue_SK;
getLCInfo_ru_RU;
getLCInfo_sc_IT;
getLCInfo_sh_ME;
getLCInfo_sh_RS;
getLCInfo_sh_YU;
getLCInfo_sk_SK;
getLCInfo_sl_SI;
getLCInfo_sr_ME;
getLCInfo_sr_RS;
getLCInfo_sr_YU;
getLCInfo_sv_FI;
getLCInfo_sv_SE;
getLCInfo_tr_TR;
getLCInfo_uk_UA;
getLCInfo_wa_BE;
getLocaleItem_ast_ES;
getLocaleItem_be_BY;
getLocaleItem_bg_BG;
getLocaleItem_br_FR;
getLocaleItem_bs_BA;
getLocaleItem_ca_ES;
getLocaleItem_cs_CZ;
getLocaleItem_cv_RU;
getLocaleItem_cy_GB;
getLocaleItem_da_DK;
getLocaleItem_de_AT;
getLocaleItem_de_CH;
getLocaleItem_de_DE;
getLocaleItem_de_LI;
getLocaleItem_de_LU;
getLocaleItem_dsb_DE;
getLocaleItem_el_GR;
getLocaleItem_et_EE;
getLocaleItem_eu;
getLocaleItem_fi_FI;
getLocaleItem_fo_FO;
getLocaleItem_fr_BE;
getLocaleItem_fr_CA;
getLocaleItem_fr_CH;
getLocaleItem_fr_FR;
getLocaleItem_fr_LU;
getLocaleItem_fr_MC;
getLocaleItem_fur_IT;
getLocaleItem_fy_NL;
getLocaleItem_ga_IE;
getLocaleItem_gsc_FR;
getLocaleItem_hr_HR;
getLocaleItem_hsb_DE;
getLocaleItem_is_IS;
getLocaleItem_it_CH;
getLocaleItem_it_IT;
getLocaleItem_ka_GE;
getLocaleItem_kl_GL;
getLocaleItem_la_VA;
getLocaleItem_lb_LU;
getLocaleItem_ltg_LV;
getLocaleItem_lt_LT;
getLocaleItem_lv_LV;
getLocaleItem_mk_MK;
getLocaleItem_mt_MT;
getLocaleItem_nb_NO;
getLocaleItem_nl_BE;
getLocaleItem_nl_NL;
getLocaleItem_nn_NO;
getLocaleItem_no_NO;
getLocaleItem_oc_FR;
getLocaleItem_pl_PL;
getLocaleItem_pt_BR;
getLocaleItem_pt_PT;
getLocaleItem_ro_RO;
getLocaleItem_rue_SK;
getLocaleItem_ru_RU;
getLocaleItem_sc_IT;
getLocaleItem_sh_ME;
getLocaleItem_sh_RS;
getLocaleItem_sh_YU;
getLocaleItem_sk_SK;
getLocaleItem_sl_SI;
getLocaleItem_sr_ME;
getLocaleItem_sr_RS;
getLocaleItem_sr_YU;
getLocaleItem_sv_FI;
getLocaleItem_sv_SE;
getLocaleItem_tr_TR;
getLocaleItem_uk_UA;
getLocaleItem_wa_BE;
getOutlineNumberingLevels_ast_ES;
getOutlineNumberingLevels_be_BY;
getOutlineNumberingLevels_bg_BG;
getOutlineNumberingLevels_br_FR;
getOutlineNumberingLevels_bs_BA;
getOutlineNumberingLevels_ca_ES;
getOutlineNumberingLevels_cs_CZ;
getOutlineNumberingLevels_cv_RU;
getOutlineNumberingLevels_cy_GB;
getOutlineNumberingLevels_da_DK;
getOutlineNumberingLevels_de_AT;
getOutlineNumberingLevels_de_CH;
getOutlineNumberingLevels_de_DE;
getOutlineNumberingLevels_de_LI;
getOutlineNumberingLevels_de_LU;
getOutlineNumberingLevels_dsb_DE;
getOutlineNumberingLevels_el_GR;
getOutlineNumberingLevels_et_EE;
getOutlineNumberingLevels_eu;
getOutlineNumberingLevels_fi_FI;
getOutlineNumberingLevels_fo_FO;
getOutlineNumberingLevels_fr_BE;
getOutlineNumberingLevels_fr_CA;
getOutlineNumberingLevels_fr_CH;
getOutlineNumberingLevels_fr_FR;
getOutlineNumberingLevels_fr_LU;
getOutlineNumberingLevels_fr_MC;
getOutlineNumberingLevels_fur_IT;
getOutlineNumberingLevels_fy_NL;
getOutlineNumberingLevels_ga_IE;
getOutlineNumberingLevels_gsc_FR;
getOutlineNumberingLevels_hr_HR;
getOutlineNumberingLevels_hsb_DE;
getOutlineNumberingLevels_is_IS;
getOutlineNumberingLevels_it_CH;
getOutlineNumberingLevels_it_IT;
getOutlineNumberingLevels_ka_GE;
getOutlineNumberingLevels_kl_GL;
getOutlineNumberingLevels_la_VA;
getOutlineNumberingLevels_lb_LU;
getOutlineNumberingLevels_ltg_LV;
getOutlineNumberingLevels_lt_LT;
getOutlineNumberingLevels_lv_LV;
getOutlineNumberingLevels_mk_MK;
getOutlineNumberingLevels_mt_MT;
getOutlineNumberingLevels_nb_NO;
getOutlineNumberingLevels_nl_BE;
getOutlineNumberingLevels_nl_NL;
getOutlineNumberingLevels_nn_NO;
getOutlineNumberingLevels_no_NO;
getOutlineNumberingLevels_oc_FR;
getOutlineNumberingLevels_pl_PL;
getOutlineNumberingLevels_pt_BR;
getOutlineNumberingLevels_pt_PT;
getOutlineNumberingLevels_ro_RO;
getOutlineNumberingLevels_rue_SK;
getOutlineNumberingLevels_ru_RU;
getOutlineNumberingLevels_sc_IT;
getOutlineNumberingLevels_sh_ME;
getOutlineNumberingLevels_sh_RS;
getOutlineNumberingLevels_sh_YU;
getOutlineNumberingLevels_sk_SK;
getOutlineNumberingLevels_sl_SI;
getOutlineNumberingLevels_sr_ME;
getOutlineNumberingLevels_sr_RS;
getOutlineNumberingLevels_sr_YU;
getOutlineNumberingLevels_sv_FI;
getOutlineNumberingLevels_sv_SE;
getOutlineNumberingLevels_tr_TR;
getOutlineNumberingLevels_uk_UA;
getOutlineNumberingLevels_wa_BE;
getReservedWords_ast_ES;
getReservedWords_be_BY;
getReservedWords_bg_BG;
getReservedWords_br_FR;
getReservedWords_bs_BA;
getReservedWords_ca_ES;
getReservedWords_cs_CZ;
getReservedWords_cv_RU;
getReservedWords_cy_GB;
getReservedWords_da_DK;
getReservedWords_de_AT;
getReservedWords_de_CH;
getReservedWords_de_DE;
getReservedWords_de_LI;
getReservedWords_de_LU;
getReservedWords_dsb_DE;
getReservedWords_el_GR;
getReservedWords_et_EE;
getReservedWords_eu;
getReservedWords_fi_FI;
getReservedWords_fo_FO;
getReservedWords_fr_BE;
getReservedWords_fr_CA;
getReservedWords_fr_CH;
getReservedWords_fr_FR;
getReservedWords_fr_LU;
getReservedWords_fr_MC;
getReservedWords_fur_IT;
getReservedWords_fy_NL;
getReservedWords_ga_IE;
getReservedWords_gsc_FR;
getReservedWords_hr_HR;
getReservedWords_hsb_DE;
getReservedWords_is_IS;
getReservedWords_it_CH;
getReservedWords_it_IT;
getReservedWords_ka_GE;
getReservedWords_kl_GL;
getReservedWords_la_VA;
getReservedWords_lb_LU;
getReservedWords_ltg_LV;
getReservedWords_lt_LT;
getReservedWords_lv_LV;
getReservedWords_mk_MK;
getReservedWords_mt_MT;
getReservedWords_nb_NO;
getReservedWords_nl_BE;
getReservedWords_nl_NL;
getReservedWords_nn_NO;
getReservedWords_no_NO;
getReservedWords_oc_FR;
getReservedWords_pl_PL;
getReservedWords_pt_BR;
getReservedWords_pt_PT;
getReservedWords_ro_RO;
getReservedWords_rue_SK;
getReservedWords_ru_RU;
getReservedWords_sc_IT;
getReservedWords_sh_ME;
getReservedWords_sh_RS;
getReservedWords_sh_YU;
getReservedWords_sk_SK;
getReservedWords_sl_SI;
getReservedWords_sr_ME;
getReservedWords_sr_RS;
getReservedWords_sr_YU;
getReservedWords_sv_FI;
getReservedWords_sv_SE;
getReservedWords_tr_TR;
getReservedWords_uk_UA;
getReservedWords_wa_BE;
getSearchOptions_ast_ES;
getSearchOptions_be_BY;
getSearchOptions_bg_BG;
getSearchOptions_br_FR;
getSearchOptions_bs_BA;
getSearchOptions_ca_ES;
getSearchOptions_cs_CZ;
getSearchOptions_cv_RU;
getSearchOptions_cy_GB;
getSearchOptions_da_DK;
getSearchOptions_de_AT;
getSearchOptions_de_CH;
getSearchOptions_de_DE;
getSearchOptions_de_LI;
getSearchOptions_de_LU;
getSearchOptions_dsb_DE;
getSearchOptions_el_GR;
getSearchOptions_et_EE;
getSearchOptions_eu;
getSearchOptions_fi_FI;
getSearchOptions_fo_FO;
getSearchOptions_fr_BE;
getSearchOptions_fr_CA;
getSearchOptions_fr_CH;
getSearchOptions_fr_FR;
getSearchOptions_fr_LU;
getSearchOptions_fr_MC;
getSearchOptions_fur_IT;
getSearchOptions_fy_NL;
getSearchOptions_ga_IE;
getSearchOptions_gsc_FR;
getSearchOptions_hr_HR;
getSearchOptions_hsb_DE;
getSearchOptions_is_IS;
getSearchOptions_it_CH;
getSearchOptions_it_IT;
getSearchOptions_ka_GE;
getSearchOptions_kl_GL;
getSearchOptions_la_VA;
getSearchOptions_lb_LU;
getSearchOptions_ltg_LV;
getSearchOptions_lt_LT;
getSearchOptions_lv_LV;
getSearchOptions_mk_MK;
getSearchOptions_mt_MT;
getSearchOptions_nb_NO;
getSearchOptions_nl_BE;
getSearchOptions_nl_NL;
getSearchOptions_nn_NO;
getSearchOptions_no_NO;
getSearchOptions_oc_FR;
getSearchOptions_pl_PL;
getSearchOptions_pt_BR;
getSearchOptions_pt_PT;
getSearchOptions_ro_RO;
getSearchOptions_rue_SK;
getSearchOptions_ru_RU;
getSearchOptions_sc_IT;
getSearchOptions_sh_ME;
getSearchOptions_sh_RS;
getSearchOptions_sh_YU;
getSearchOptions_sk_SK;
getSearchOptions_sl_SI;
getSearchOptions_sr_ME;
getSearchOptions_sr_RS;
getSearchOptions_sr_YU;
getSearchOptions_sv_FI;
getSearchOptions_sv_SE;
getSearchOptions_tr_TR;
getSearchOptions_uk_UA;
getSearchOptions_wa_BE;
getTransliterations_ast_ES;
getTransliterations_be_BY;
getTransliterations_bg_BG;
getTransliterations_br_FR;
getTransliterations_bs_BA;
getTransliterations_ca_ES;
getTransliterations_cs_CZ;
getTransliterations_cv_RU;
getTransliterations_cy_GB;
getTransliterations_da_DK;
getTransliterations_de_AT;
getTransliterations_de_CH;
getTransliterations_de_DE;
getTransliterations_de_LI;
getTransliterations_de_LU;
getTransliterations_dsb_DE;
getTransliterations_el_GR;
getTransliterations_et_EE;
getTransliterations_eu;
getTransliterations_fi_FI;
getTransliterations_fo_FO;
getTransliterations_fr_BE;
getTransliterations_fr_CA;
getTransliterations_fr_CH;
getTransliterations_fr_FR;
getTransliterations_fr_LU;
getTransliterations_fr_MC;
getTransliterations_fur_IT;
getTransliterations_fy_NL;
getTransliterations_ga_IE;
getTransliterations_gsc_FR;
getTransliterations_hr_HR;
getTransliterations_hsb_DE;
getTransliterations_is_IS;
getTransliterations_it_CH;
getTransliterations_it_IT;
getTransliterations_ka_GE;
getTransliterations_kl_GL;
getTransliterations_la_VA;
getTransliterations_lb_LU;
getTransliterations_ltg_LV;
getTransliterations_lt_LT;
getTransliterations_lv_LV;
getTransliterations_mk_MK;
getTransliterations_mt_MT;
getTransliterations_nb_NO;
getTransliterations_nl_BE;
getTransliterations_nl_NL;
getTransliterations_nn_NO;
getTransliterations_no_NO;
getTransliterations_oc_FR;
getTransliterations_pl_PL;
getTransliterations_pt_BR;
getTransliterations_pt_PT;
getTransliterations_ro_RO;
getTransliterations_rue_SK;
getTransliterations_ru_RU;
getTransliterations_sc_IT;
getTransliterations_sh_ME;
getTransliterations_sh_RS;
getTransliterations_sh_YU;
getTransliterations_sk_SK;
getTransliterations_sl_SI;
getTransliterations_sr_ME;
getTransliterations_sr_RS;
getTransliterations_sr_YU;
getTransliterations_sv_FI;
getTransliterations_sv_SE;
getTransliterations_tr_TR;
getTransliterations_uk_UA;
getTransliterations_wa_BE;
getUnicodeScripts_ast_ES;
getUnicodeScripts_be_BY;
getUnicodeScripts_bg_BG;
getUnicodeScripts_br_FR;
getUnicodeScripts_bs_BA;
getUnicodeScripts_ca_ES;
getUnicodeScripts_cs_CZ;
getUnicodeScripts_cv_RU;
getUnicodeScripts_cy_GB;
getUnicodeScripts_da_DK;
getUnicodeScripts_de_AT;
getUnicodeScripts_de_CH;
getUnicodeScripts_de_DE;
getUnicodeScripts_de_LI;
getUnicodeScripts_de_LU;
getUnicodeScripts_dsb_DE;
getUnicodeScripts_el_GR;
getUnicodeScripts_et_EE;
getUnicodeScripts_eu;
getUnicodeScripts_fi_FI;
getUnicodeScripts_fo_FO;
getUnicodeScripts_fr_BE;
getUnicodeScripts_fr_CA;
getUnicodeScripts_fr_CH;
getUnicodeScripts_fr_FR;
getUnicodeScripts_fr_LU;
getUnicodeScripts_fr_MC;
getUnicodeScripts_fur_IT;
getUnicodeScripts_fy_NL;
getUnicodeScripts_ga_IE;
getUnicodeScripts_gsc_FR;
getUnicodeScripts_hr_HR;
getUnicodeScripts_hsb_DE;
getUnicodeScripts_is_IS;
getUnicodeScripts_it_CH;
getUnicodeScripts_it_IT;
getUnicodeScripts_ka_GE;
getUnicodeScripts_kl_GL;
getUnicodeScripts_la_VA;
getUnicodeScripts_lb_LU;
getUnicodeScripts_ltg_LV;
getUnicodeScripts_lt_LT;
getUnicodeScripts_lv_LV;
getUnicodeScripts_mk_MK;
getUnicodeScripts_mt_MT;
getUnicodeScripts_nb_NO;
getUnicodeScripts_nl_BE;
getUnicodeScripts_nl_NL;
getUnicodeScripts_nn_NO;
getUnicodeScripts_no_NO;
getUnicodeScripts_oc_FR;
getUnicodeScripts_pl_PL;
getUnicodeScripts_pt_BR;
getUnicodeScripts_pt_PT;
getUnicodeScripts_ro_RO;
getUnicodeScripts_rue_SK;
getUnicodeScripts_ru_RU;
getUnicodeScripts_sc_IT;
getUnicodeScripts_sh_ME;
getUnicodeScripts_sh_RS;
getUnicodeScripts_sh_YU;
getUnicodeScripts_sk_SK;
getUnicodeScripts_sl_SI;
getUnicodeScripts_sr_ME;
getUnicodeScripts_sr_RS;
getUnicodeScripts_sr_YU;
getUnicodeScripts_sv_FI;
getUnicodeScripts_sv_SE;
getUnicodeScripts_tr_TR;
getUnicodeScripts_uk_UA;
getUnicodeScripts_wa_BE;

local:
    *;
};
