__mh_dylib_header
___builtin_delete
___builtin_new
___check_eh_spec
___cp_pop_exception
___cp_push_exception
___eh_alloc
___eh_rtime_match
___get_eh_context
___pure_virtual
___rtti_class
___rtti_si
___rtti_user
___sjthrow
___start_cp_handler
___terminate
_terminate__Fv
dyld_stub_binding_helper
rest_world
save_world
__._9bad_alloc
___tf9bad_alloc
___vt_9bad_alloc
___vt_9exception
__keymgr_get_per_thread_data
__._10bad_typeid
__._8bad_cast
___get_eh_info
___is_pointer__FPv
___throw_type_match_rtti
___vt_10bad_typeid
___vt_8bad_cast
__keymgr_set_per_thread_data
___tf9exception
___ti9exception
_what__C9exception
__._9type_info
___eq__C9type_infoRCB0
___tf16__user_type_info
___tf9type_info
___ti9type_info
___vt_9type_info
___18OSDBCDriverManagerRCQ53com3sun4star3unot9Reference1ZQ53com3sun4star4lang20XMultiServiceFactory
___18ODriverEnumerationRCQ24_STLt6vector2ZQ53com3sun4star3unot9Reference1ZQ53com3sun4star4sdbc7XDriverZQ24_STLt9allocator1ZB2
_implGetDriverForURL__18OSDBCDriverManagerRCQ23rtl8OUString
___tf13bad_exception
___uncatch_exception
___eh_free
___tfv
___dynamic_cast
