mkdir: %_DEST%\inc%_EXT%\oox
mkdir: %_DEST%\inc%_EXT%\oox\helper
mkdir: %_DEST%\inc%_EXT%\oox\core
mkdir: %_DEST%\inc%_EXT%\oox\drawingml
mkdir: %_DEST%\inc%_EXT%\oox\drawingml\chart
mkdir: %_DEST%\inc%_EXT%\oox\drawingml\table
mkdir: %_DEST%\inc%_EXT%\oox\export
mkdir: %_DEST%\inc%_EXT%\oox\ole
mkdir: %_DEST%\inc%_EXT%\oox\vml
mkdir: %_DEST%\inc%_EXT%\oox\xls

..\%__SRC%\misc\*.map %_DEST%\bin%_EXT%\*.map
..\%__SRC%\lib\ixo.lib %_DEST%\lib%_EXT%\ixo.lib
..\%__SRC%\lib\xol.lib %_DEST%\lib%_EXT%\xol.lib
..\%__SRC%\lib\libxol.a %_DEST%\lib%_EXT%\libxol.a
..\%__SRC%\bin\*.dll %_DEST%\bin%_EXT%\*.dll
..\%__SRC%\lib\lib*.so %_DEST%\lib%_EXT%\lib*.so
..\%__SRC%\lib\i*.lib %_DEST%\lib%_EXT%\i*.lib
..\%__SRC%\lib\*.dylib %_DEST%\lib%_EXT%\*.dylib

..\%__SRC%\inc\tokens.hxx %_DEST%\inc%_EXT%\oox\core\tokens.hxx

..\source\token\tokens.txt %_DEST%\inc%_EXT%\oox\token.txt
..\source\token\namespaces.txt %_DEST%\inc%_EXT%\oox\namespaces.txt
..\inc\oox\dllapi.h %_DEST%\inc%_EXT%\oox\dllapi.h
..\inc\oox\helper\binarystreambase.hxx %_DEST%\inc%_EXT%\oox\helper\binarystreambase.hxx
..\inc\oox\helper\helper.hxx %_DEST%\inc%_EXT%\oox\helper\helper.hxx
..\inc\oox\helper\containerhelper.hxx %_DEST%\inc%_EXT%\oox\helper\containerhelper.hxx
..\inc\oox\helper\graphichelper.hxx %_DEST%\inc%_EXT%\oox\helper\graphichelper.hxx
..\inc\oox\helper\storagebase.hxx %_DEST%\inc%_EXT%\oox\helper\storagebase.hxx
..\inc\oox\helper\zipstorage.hxx %_DEST%\inc%_EXT%\oox\helper\zipstorage.hxx
..\inc\oox\core\filterbase.hxx %_DEST%\inc%_EXT%\oox\core\filterbase.hxx
..\inc\oox\core\filterdetect.hxx %_DEST%\inc%_EXT%\oox\core\filterdetect.hxx
..\inc\oox\core\relations.hxx %_DEST%\inc%_EXT%\oox\core\relations.hxx
..\inc\oox\core\xmlfilterbase.hxx %_DEST%\inc%_EXT%\oox\core\xmlfilterbase.hxx
..\inc\oox\drawingml\chart\chartconverter.hxx %_DEST%\inc%_EXT%\oox\drawingml\chart\chartconverter.hxx
..\inc\oox\drawingml\table\tablestylelist.hxx %_DEST%\inc%_EXT%\oox\drawingml\table\tablestylelist.hxx
..\inc\oox\ole\vbaproject.hxx %_DEST%\inc%_EXT%\oox\ole\vbaproject.hxx
..\inc\oox\ole\oleobjecthelper.hxx %_DEST%\inc%_EXT%\oox\ole\oleobjecthelper.hxx
..\inc\oox\vml\vmldrawing.hxx %_DEST%\inc%_EXT%\oox\vml\vmldrawing.hxx
..\inc\oox\vml\vmlshape.hxx %_DEST%\inc%_EXT%\oox\vml\vmlshape.hxx
..\inc\oox\export\*.hxx %_DEST%\inc%_EXT%\oox\export\*.hxx
..\inc\oox\ole\oleobjecthelper.hxx %_DEST%\inc%_EXT%\oox\ole\oleobjecthelper.hxx
..\inc\oox\ole\vbaproject.hxx %_DEST%\inc%_EXT%\oox\ole\vbaproject.hxx
..\inc\oox\ole\olestorage.hxx %_DEST%\inc%_EXT%\oox\ole\olestorage.hxx

dos: sh -c "if test %OS% = MACOSX; then create-bundle %_DEST%\lib%_EXT%\*.dylib; fi"

..\xml\components.xml %_DEST%\xml%_EXT%\components.xml
