swext swext :   officecfg L10N:l10n l10ntools javaunohelper ridljar unoil jurt APACHE_COMMONS:apache-commons readlicense_oo xsltml xmlhelp NULL
swext swext             usr1    -    all    swext_mkout NULL
swext swext\mediawiki\help                                              nmake   -    all    swext_mwhelp NULL
swext swext\mediawiki\src\registry\schema\org\openoffice\Office\Custom  nmake   -    all    swext_mwschema NULL
swext swext\mediawiki\src\registry\data\org\openoffice\Office\Custom    nmake   -    all    swext_mwcustomdata swext_mwschema NULL
swext swext\mediawiki\src\registry\data\org\openoffice\Office           nmake   -    all    swext_mwofficedata NULL
swext swext\mediawiki\src\registry\data\org\openoffice\TypeDetection    nmake   -    all    swext_mwtypedetection NULL
swext swext\mediawiki\src                                               nmake   -    all    swext_mwlicense NULL
swext swext\mediawiki                                                   nmake   -    all    swext_mw swext_mwhelp swext_mwschema swext_mwcustomdata swext_mwofficedata swext_mwlicense swext_mwtypedetection NULL

