cn  connectivity    :    shell  L10N:l10n comphelper SO:moz_prebuilt svl UNIXODBC:unixODBC unoil javaunohelper HSQLDB:hsqldb qadevOOo officecfg LIBXSLT:libxslt APACHE_COMMONS:apache-commons NULL
cn  connectivity                                    usr1    -   all cn_mkout NULL
cn  connectivity\inc                                nmake   -   all cn_inc NULL
cn  connectivity\java\sdbc_hsqldb                   nmake   -   all cn_jhsqldbdb cn_hsqldb cn_inc NULL
cn  connectivity\java\sdbc_postgresql               nmake   -   all cn_postgresqldb cn_dbtools cn_inc NULL
cn  connectivity\source\commontools                 nmake   -   all cn_cmtools cn_parse cn_inc NULL
cn  connectivity\source\manager                     nmake   -   all cn_manager cn_dbtools cn_inc NULL
cn  connectivity\source\cpool                       nmake   -   all cn_cpool cn_dbtools cn_inc NULL
cn  connectivity\source\resource                    nmake   -   all cn_res cn_inc NULL
cn  connectivity\source\sdbcx                       nmake   -   all cn_sdbcx cn_inc NULL
cn  connectivity\source\drivers\ado                 nmake   -   all cn_ado cn_dbtools cn_inc NULL
cn  connectivity\source\drivers\macab               nmake   -   all cn_macab cn_dbtools cn_inc NULL
cn  connectivity\source\drivers\evoab2              nmake   -   all cn_evoab2 cn_dbtools cn_file cn_inc NULL
cn  connectivity\source\drivers\calc                nmake   -   all cn_calc cn_file cn_inc NULL
cn  connectivity\source\drivers\odbcbase            nmake   -   all cn_odbcbase cn_dbtools cn_inc NULL
cn  connectivity\source\drivers\odbc                nmake   -   all cn_odbc cn_odbcbase cn_inc NULL
cn  connectivity\source\drivers\mysql               nmake   -   all cn_mysql cn_dbtools cn_inc NULL
cn  connectivity\source\drivers\jdbc                nmake   -   all cn_jdbc cn_dbtools cn_inc NULL
cn  connectivity\source\drivers\adabas              nmake   -   all cn_adabas cn_dbtools cn_odbcbase cn_inc NULL
cn  connectivity\source\drivers\file                nmake   -   all cn_file cn_dbtools cn_inc NULL
cn  connectivity\source\drivers\flat                nmake   -   all cn_flat cn_dbtools cn_file cn_inc NULL
cn  connectivity\source\drivers\dbase               nmake   -   all cn_dbase cn_dbtools cn_file cn_inc NULL
cn  connectivity\source\drivers\hsqldb              nmake   -   all cn_hsqldb cn_dbtools cn_inc NULL
cn  connectivity\source\parse                       nmake   -   all cn_parse cn_inc NULL
cn  connectivity\source\simpledbt                   nmake   -   all cn_simpledbt cn_cmtools cn_inc NULL
cn  connectivity\source\dbtools                     nmake   -   all cn_dbtools cn_simpledbt cn_cmtools cn_parse cn_res cn_sdbcx cn_inc cn_res NULL
cn  connectivity\qa\connectivity\tools              nmake   -   all cn_qa_tools cn_inc NULL
cn  connectivity\qa                                 nmake   -   all cn_qa cn_inc NULL
cn  connectivity\util                               nmake   -   all cn_util cn_ado cn_evoab2 cn_calc cn_odbc cn_mysql cn_jdbc cn_adabas cn_flat cn_dbase cn_hsqldb cn_macab cn_postgresqldb NULL
