mkdir: %COMMON_DEST%\bin%_EXT%\hid
..\%COMMON_OUTDIR%\misc\*.hid %COMMON_DEST%\bin%_EXT%\hid\*.hid
..\%__SRC%\bin\*.dll %_DEST%\bin%_EXT%\*.dll
..\%__SRC%\class\*.jar %_DEST%\bin%_EXT%\*.jar
..\%__SRC%\lib\lib*.so %_DEST%\lib%_EXT%
..\%__SRC%\lib\*.dylib %_DEST%\lib%_EXT%\*.dylib
..\%__SRC%\lib\*.sl %_DEST%\lib%_EXT%\*.sl
..\%__SRC%\bin\*.bin %_DEST%\bin%_EXT%\*.bin
..\%__SRC%\bin\*.res %_DEST%\bin%_EXT%\*.res
..\%__SRC%\bin\*.rdb %_DEST%\rdb%_EXT%\*.rdb

mkdir: %_DEST%\inc%_EXT%\chart2

mkdir: %_DEST%\inc%_EXT%\drafts
mkdir: %_DEST%\inc%_EXT%\drafts\com
mkdir: %_DEST%\inc%_EXT%\drafts\com\sun
mkdir: %_DEST%\inc%_EXT%\drafts\com\sun\star
mkdir: %_DEST%\inc%_EXT%\drafts\com\sun\star\chart2
mkdir: %_DEST%\inc%_EXT%\drafts\com\sun\star\layout

..\%__SRC%\inc\drafts\com\sun\star\chart2\*.hdl %_DEST%\inc%_EXT%\drafts\com\sun\star\chart2\*.hdl
..\%__SRC%\inc\drafts\com\sun\star\chart2\*.hpp %_DEST%\inc%_EXT%\drafts\com\sun\star\chart2\*.hpp
..\%__SRC%\inc\drafts\com\sun\star\layout\*.hdl %_DEST%\inc%_EXT%\drafts\com\sun\star\layout\*.hdl
..\%__SRC%\inc\drafts\com\sun\star\layout\*.hpp %_DEST%\inc%_EXT%\drafts\com\sun\star\layout\*.hpp
