mkdir: %COMMON_DEST%\bin\hid
mkdir: %_DEST%\pck
..\%COMMON_OUTDIR%\misc\*.hid %COMMON_DEST%\bin\hid\*.hid
..\%__SRC%\bin\*.zip %_DEST%\pck\*.zip
 ..\%__SRC%\bin\wzi*.res %_DEST%\bin\wzi*.res
..\%__SRC%\bin\dbw*.res %_DEST%\bin\dbw*.res
..\%__SRC%\bin\tpl*.res %_DEST%\bin\tpl*.res
..\%__SRC%\bin\imp*.res %_DEST%\bin\imp*.res
..\%__SRC%\bin\wwz*.res %_DEST%\bin\wwz*.res
..\%__SRC%\bin\eur*.res %_DEST%\bin\eur*.res
..\%__SRC%\bin\cal*.res %_DEST%\bin\cal*.res
..\%__SRC%\bin\com*.res %_DEST%\bin\com*.res
REM ..\%__SRC%\bin\*.res %_DEST%\bin\*.res

..\%__SRC%\class\*.jar %_DEST%\bin\*.jar
..\%__SRC%\misc\agenda.component %_DEST%\xml\agenda.component
..\%__SRC%\misc\fax.component %_DEST%\xml\fax.component
..\%__SRC%\misc\form.component %_DEST%\xml\form.component
..\%__SRC%\misc\letter.component %_DEST%\xml\letter.component
..\%__SRC%\misc\query.component %_DEST%\xml\query.component
..\%__SRC%\misc\report.component %_DEST%\xml\report.component
..\%__SRC%\misc\table.component %_DEST%\xml\table.component
..\%__SRC%\misc\web.component %_DEST%\xml\web.component
