mkdir: %_DEST%\xml%_EXT%
..\xml\*.xml %_DEST%\xml%_EXT%\*.xml

mkdir: %_DEST%\inc%_EXT%\i18npool

..\%__SRC%\bin\i18npool.uno.dll %_DEST%\bin%_EXT%\i18npool.uno.dll
..\%__SRC%\lib\i18npool.uno.so %_DEST%\lib%_EXT%\i18npool.uno.so
..\%__SRC%\lib\i18npool.uno.dylib %_DEST%\lib%_EXT%\i18npool.uno.dylib

..\%__SRC%\bin\i18nsearch.uno.dll %_DEST%\bin%_EXT%\i18nsearch.uno.dll
..\%__SRC%\lib\i18nsearch.uno.so %_DEST%\lib%_EXT%\i18nsearch.uno.so
..\%__SRC%\lib\i18nsearch.uno.dylib %_DEST%\lib%_EXT%\i18nsearch.uno.dylib

..\%__SRC%\bin\localedata_*.dll %_DEST%\bin%_EXT%\localedata_*.dll
..\%__SRC%\lib\liblocaledata_*.so %_DEST%\lib%_EXT%\liblocaledata_*.so
..\%__SRC%\lib\liblocaledata_*.dylib %_DEST%\lib%_EXT%\liblocaledata_*.dylib

..\%__SRC%\bin\dict_*.dll %_DEST%\bin%_EXT%\dict_*.dll
..\%__SRC%\lib\libdict_*.so %_DEST%\lib%_EXT%\libdict_*.so
..\%__SRC%\lib\libdict_*.dylib %_DEST%\lib%_EXT%\libdict_*.dylib

..\%__SRC%\lib\lib*static*.dylib %_DEST%\lib%_EXT%\lib*static*.dylib
..\%__SRC%\misc\*staticdatamembers.cxx %_DEST%\inc%_EXT%\*staticdatamembers.cxx
..\%__SRC%\misc\*staticdatamembers.h* %_DEST%\inc%_EXT%\*staticdatamembers.h*

dos: sh -c "if test %OS% = MACOSX; then create-bundle %_DEST%\lib%_EXT%\*.dylib; fi"
dos: sh -c "if test %OS% = MACOSX; then create-libstatic-link %_DEST%\lib%_EXT%; fi"
