# Comment line
# Pack.lst: Contains the packaging information for the update packaging process.
# Syntax: Product, list of platforms, list of languages, target	(Separator: spaces)
# Syntax for list of languages: One multilingual installation set uses separator ","
# (Example: "en-US,de" creates english-german multilingual installation set)  
# Different installation sets use the "|" as separator

# Product       List_of_platforms                                                   List_of_languages   Target

OpenOffice      unxlngi6.pro,unxmacxi.pro,unxsoli4.pro,unxsols4.pro,wntmsci10.pro,wntmsci11.pro,wntmsci12.pro,unxlngi6,unxmacxi,unxsoli4,unxsols4,wntmsci11  en-US   openoffice
BrOffice                                                                                          pt-BR   broffice
OpenOffice_wJRE unxlngi6.pro,unxsoli4.pro,unxsols4.pro,wntmsci11.pro,wntmsci11                    en-US   openofficewithjre
BrOffice_wJRE                                                                                     pt-BR   brofficewithjre
OpenOffice_Dev  unxlngi6.pro,unxsoli4.pro,unxsols4.pro,wntmsci11.pro,unxmacxi.pro                 en-US   openofficedev
BrOffice_Dev                                                                                      pt-BR   brofficedev
OpenOffice_Dev_Archive   unxlngi6.pro,unxsoli4.pro,unxsols4.pro,wntmsci11.pro                     en-US   openofficedevarchive
OpenOffice_SDK  unxlngi6.pro,unxsoli4.pro,unxsols4.pro,wntmsci11.pro,unxlngi6,unxsoli4,unxsols4,wntmsci11  en-US   sdkoo
BrOffice_SDK                                                                                      pt-BR   sdkbro
URE             unxlngi6.pro,unxsoli4.pro,unxsols4.pro,wntmsci11.pro,unxlngi6,unxsoli4,unxsols4,wntmsci11  en-US   ure
OpenOfficeLanguagepack   unxlngi6.pro,unxsoli4.pro,unxsols4.pro,wntmsci11.pro                     de      ooolanguagepack
OpenOfficeDevLanguagepack   unxlngi6.pro,unxsoli4.pro,unxsols4.pro,wntmsci11.pro   de|es|fr|it|nl|sv|zh-CN|zh-TW|ko|ja|ru|pl|hu|tr|ar   ooodevlanguagepack
BrOfficeLanguagepack     unxlngi6.pro,unxsoli4.pro,unxsols4.pro,wntmsci11.pro                     pt-BR   broolanguagepack
OpenOfficeLanguagepack   unxlngi6,unxsoli4,unxsols4,wntmsci11                                              de      ooolanguagepack

