go      goodies :    l10n svtools NULL
go	goodies									usr1	-	all	g_mkout NULL
go	goodies\inc								nmake	-	all	g_inc NULL
go	goodies\prj								get		-	all	g_prj NULL
go	goodies\source\base3d					nmake	-	all	g_base3d g_inc NULL
go	goodies\source\inv					nmake	-	all	g_inv g_inc NULL
go	goodies\source\graphic					nmake	-	all	g_graph g_inc NULL
go	goodies\source\filter.vcl\eos2met		nmake	-	all	g_vfeom g_inc NULL
go	goodies\source\filter.vcl\ios2met		nmake	-	all	g_vfiom g_inc NULL
go	goodies\source\filter.vcl\epict			nmake	-	all	g_vfept g_inc NULL
go	goodies\source\filter.vcl\egif			nmake	-	all	g_vfegf g_inc NULL
go	goodies\source\filter.vcl\ipcd			nmake	-	all	g_vfipc g_inc NULL
go	goodies\source\filter.vcl\ipcx			nmake	-	all	g_vfipx g_inc NULL
go	goodies\source\filter.vcl\ipict			nmake	-	all	g_vfipt g_inc NULL
go	goodies\source\filter.vcl\idxf			nmake	-	all	g_vfidx g_inc NULL
go	goodies\source\filter.vcl\itiff			nmake	-	all	g_vfitf g_inc NULL
go	goodies\source\filter.vcl\ipbm			nmake	-	all	g_vfpbm g_inc NULL
go	goodies\source\filter.vcl\epbm			nmake	-	all	g_epbm g_inc NULL
go	goodies\source\filter.vcl\epgm			nmake	-	all	g_epgm g_inc NULL
go	goodies\source\filter.vcl\eppm			nmake	-	all	g_eppm g_inc NULL
go	goodies\source\filter.vcl\iras			nmake	-	all	g_iras g_inc NULL
go	goodies\source\filter.vcl\expm			nmake	-	all	g_expm g_inc NULL
go	goodies\source\filter.vcl\eras			nmake	-	all	g_eras g_inc NULL
go	goodies\source\filter.vcl\etiff			nmake	-	all	g_etiff g_inc NULL
go	goodies\source\filter.vcl\eps			nmake	-	all	g_eps g_inc NULL
go	goodies\source\filter.vcl\itga			nmake	-	all	g_itga g_inc NULL
go	goodies\source\filter.vcl\ipsd			nmake	-	all	g_ipsd g_inc NULL
go	goodies\source\filter.vcl\ieps			nmake	-	all	g_ieps g_inc NULL
go	goodies\source\filter.vcl\icgm			nmake	-	all	g_icgm g_inc NULL
go	goodies\source\unographic				nmake	-	all	g_unographic g_inc NULL
go	goodies\util							nmake	-	all	g_util g_base3d g_inv g_graph g_unographic NULL
