dos: echo =====================================================================
dos: echo delivering license and readme-files...
dos: echo =====================================================================
mkdir: %_DEST%\bin%_EXT%\en-US
mkdir: %_DEST%\bin%_EXT%\en-US\osl
mkdir: %_DEST%\bin%_EXT%\pt
mkdir: %_DEST%\bin%_EXT%\pt\osl
mkdir: %_DEST%\bin%_EXT%\ru
mkdir: %_DEST%\bin%_EXT%\ru\osl
mkdir: %_DEST%\bin%_EXT%\el
mkdir: %_DEST%\bin%_EXT%\el\osl
mkdir: %_DEST%\bin%_EXT%\nl
mkdir: %_DEST%\bin%_EXT%\nl\osl
mkdir: %_DEST%\bin%_EXT%\fr
mkdir: %_DEST%\bin%_EXT%\fr\osl
mkdir: %_DEST%\bin%_EXT%\es
mkdir: %_DEST%\bin%_EXT%\es\osl
mkdir: %_DEST%\bin%_EXT%\fi
mkdir: %_DEST%\bin%_EXT%\fi\osl
mkdir: %_DEST%\bin%_EXT%\hu
mkdir: %_DEST%\bin%_EXT%\hu\osl
mkdir: %_DEST%\bin%_EXT%\ca
mkdir: %_DEST%\bin%_EXT%\ca\osl
mkdir: %_DEST%\bin%_EXT%\it
mkdir: %_DEST%\bin%_EXT%\it\osl
mkdir: %_DEST%\bin%_EXT%\bg
mkdir: %_DEST%\bin%_EXT%\bg\osl
mkdir: %_DEST%\bin%_EXT%\cs
mkdir: %_DEST%\bin%_EXT%\cs\osl
mkdir: %_DEST%\bin%_EXT%\sk
mkdir: %_DEST%\bin%_EXT%\sk\osl
mkdir: %_DEST%\bin%_EXT%\en-GB
mkdir: %_DEST%\bin%_EXT%\en-GB\osl
mkdir: %_DEST%\bin%_EXT%\da
mkdir: %_DEST%\bin%_EXT%\da\osl
mkdir: %_DEST%\bin%_EXT%\sv
mkdir: %_DEST%\bin%_EXT%\sv\osl
mkdir: %_DEST%\bin%_EXT%\no
mkdir: %_DEST%\bin%_EXT%\no\osl
mkdir: %_DEST%\bin%_EXT%\pl
mkdir: %_DEST%\bin%_EXT%\pl\osl
mkdir: %_DEST%\bin%_EXT%\de
mkdir: %_DEST%\bin%_EXT%\de\osl
mkdir: %_DEST%\bin%_EXT%\sl
mkdir: %_DEST%\bin%_EXT%\sl\osl
mkdir: %_DEST%\bin%_EXT%\pt-BR
mkdir: %_DEST%\bin%_EXT%\pt-BR\osl
mkdir: %_DEST%\bin%_EXT%\th
mkdir: %_DEST%\bin%_EXT%\th\osl
mkdir: %_DEST%\bin%_EXT%\et
mkdir: %_DEST%\bin%_EXT%\et\osl
mkdir: %_DEST%\bin%_EXT%\ja
mkdir: %_DEST%\bin%_EXT%\ja\osl
mkdir: %_DEST%\bin%_EXT%\ko
mkdir: %_DEST%\bin%_EXT%\ko\osl
mkdir: %_DEST%\bin%_EXT%\zh-CN
mkdir: %_DEST%\bin%_EXT%\zh-CN\osl
mkdir: %_DEST%\bin%_EXT%\zh-TW
mkdir: %_DEST%\bin%_EXT%\zh-TW\osl
mkdir: %_DEST%\bin%_EXT%\tr
mkdir: %_DEST%\bin%_EXT%\tr\osl
mkdir: %_DEST%\bin%_EXT%\hi-IN
mkdir: %_DEST%\bin%_EXT%\hi-IN\osl
mkdir: %_DEST%\bin%_EXT%\ar
mkdir: %_DEST%\bin%_EXT%\ar\osl
mkdir: %_DEST%\bin%_EXT%\he
mkdir: %_DEST%\bin%_EXT%\he\osl
mkdir: %_DEST%\pck%_EXT%
..\%__SRC%\misc\license\%GUI%\* %_DEST%\bin%_EXT%\en-US\osl\*
..\%__SRC%\misc\license\%GUI%\LICENSE %_DEST%\bin%_EXT%\en-US\osl\LICENSE_en-US
..\%__SRC%\misc\license\WNT\license.txt %_DEST%\bin%_EXT%\en-US\osl\license_en-US.txt
..\%__SRC%\misc\license\%GUI%\license.html %_DEST%\bin%_EXT%\en-US\osl\LICENSE_en-US.html
..\%__SRC%\misc\license\%GUI%\* %_DEST%\bin%_EXT%\pt\osl\*
..\%__SRC%\misc\license\%GUI%\LICENSE %_DEST%\bin%_EXT%\pt\osl\LICENSE_pt
..\%__SRC%\misc\license\WNT\license.txt %_DEST%\bin%_EXT%\pt\osl\license_pt.txt
..\%__SRC%\misc\license\%GUI%\license.html %_DEST%\bin%_EXT%\pt\osl\LICENSE_pt.html
..\%__SRC%\misc\license\%GUI%\* %_DEST%\bin%_EXT%\ru\osl\*
..\%__SRC%\misc\license\%GUI%\LICENSE %_DEST%\bin%_EXT%\ru\osl\LICENSE_ru
..\%__SRC%\misc\license\WNT\license.txt %_DEST%\bin%_EXT%\ru\osl\license_ru.txt
..\%__SRC%\misc\license\%GUI%\license.html %_DEST%\bin%_EXT%\ru\osl\LICENSE_ru.html
..\%__SRC%\misc\license\%GUI%\* %_DEST%\bin%_EXT%\el\osl\*
..\%__SRC%\misc\license\%GUI%\LICENSE %_DEST%\bin%_EXT%\el\osl\LICENSE_el
..\%__SRC%\misc\license\WNT\license.txt %_DEST%\bin%_EXT%\el\osl\license_el.txt
..\%__SRC%\misc\license\%GUI%\license.html %_DEST%\bin%_EXT%\el\osl\LICENSE_el.html
..\%__SRC%\misc\license\%GUI%\* %_DEST%\bin%_EXT%\nl\osl\*
..\%__SRC%\misc\license\%GUI%\LICENSE %_DEST%\bin%_EXT%\nl\osl\LICENSE_nl
..\%__SRC%\misc\license\WNT\license.txt %_DEST%\bin%_EXT%\nl\osl\license_nl.txt
..\%__SRC%\misc\license\%GUI%\license.html %_DEST%\bin%_EXT%\nl\osl\LICENSE_nl.html
..\%__SRC%\misc\license\%GUI%\* %_DEST%\bin%_EXT%\cs\osl\*
..\%__SRC%\misc\license\%GUI%\LICENSE %_DEST%\bin%_EXT%\cs\osl\LICENSE_cs
..\%__SRC%\misc\license\WNT\license.txt %_DEST%\bin%_EXT%\cs\osl\license_cs.txt
..\%__SRC%\misc\license\%GUI%\license.html %_DEST%\bin%_EXT%\cs\osl\LICENSE_cs.html
..\%__SRC%\misc\license\%GUI%\* %_DEST%\bin%_EXT%\sk\osl\*
..\%__SRC%\misc\license\%GUI%\LICENSE %_DEST%\bin%_EXT%\sk\osl\LICENSE_sk
..\%__SRC%\misc\license\WNT\license.txt %_DEST%\bin%_EXT%\sk\osl\license_sk.txt
..\%__SRC%\misc\license\%GUI%\license.html %_DEST%\bin%_EXT%\sk\osl\LICENSE_sk.html
..\%__SRC%\misc\license\%GUI%\* %_DEST%\bin%_EXT%\de\osl\*
..\%__SRC%\misc\license\%GUI%\LICENSE %_DEST%\bin%_EXT%\de\osl\LICENSE_de
..\%__SRC%\misc\license\WNT\license.txt %_DEST%\bin%_EXT%\de\osl\license_de.txt
..\%__SRC%\misc\license\%GUI%\license.html %_DEST%\bin%_EXT%\de\osl\LICENSE_de.html
..\%__SRC%\misc\license\%GUI%\* %_DEST%\bin%_EXT%\sl\osl\*
..\%__SRC%\misc\license\%GUI%\LICENSE %_DEST%\bin%_EXT%\sl\osl\LICENSE_sl
..\%__SRC%\misc\license\WNT\license.txt %_DEST%\bin%_EXT%\sl\osl\license_sl.txt
..\%__SRC%\misc\license\%GUI%\license.html %_DEST%\bin%_EXT%\sl\osl\LICENSE_sl.html
..\%__SRC%\misc\license\%GUI%\* %_DEST%\bin%_EXT%\ca\osl\*
..\%__SRC%\misc\license\%GUI%\LICENSE %_DEST%\bin%_EXT%\ca\osl\LICENSE_ca
..\%__SRC%\misc\license\WNT\license.txt %_DEST%\bin%_EXT%\ca\osl\license_ca.txt
..\%__SRC%\misc\license\%GUI%\license.html %_DEST%\bin%_EXT%\ca\osl\LICENSE_ca.html
..\%__SRC%\misc\license\%GUI%\* %_DEST%\bin%_EXT%\nl\osl\*
..\%__SRC%\misc\license\%GUI%\LICENSE %_DEST%\bin%_EXT%\nl\osl\LICENSE_33
..\%__SRC%\misc\license\WNT\license.txt %_DEST%\bin%_EXT%\nl\osl\license_nl.txt
..\%__SRC%\misc\license\%GUI%\license.html %_DEST%\bin%_EXT%\nl\osl\LICENSE_nl.html
..\%__SRC%\misc\license\%GUI%\* %_DEST%\bin%_EXT%\fr\osl\*
..\%__SRC%\misc\license\%GUI%\LICENSE %_DEST%\bin%_EXT%\fr\osl\LICENSE_fr
..\%__SRC%\misc\license\WNT\license.txt %_DEST%\bin%_EXT%\fr\osl\license_fr.txt
..\%__SRC%\misc\license\%GUI%\license.html %_DEST%\bin%_EXT%\fr\osl\LICENSE_fr.html
..\%__SRC%\misc\license\%GUI%\* %_DEST%\bin%_EXT%\es\osl\*
..\%__SRC%\misc\license\%GUI%\LICENSE %_DEST%\bin%_EXT%\es\osl\LICENSE_es
..\%__SRC%\misc\license\WNT\license.txt %_DEST%\bin%_EXT%\es\osl\license_es.txt
..\%__SRC%\misc\license\%GUI%\license.html %_DEST%\bin%_EXT%\es\osl\LICENSE_es.html
..\%__SRC%\misc\license\%GUI%\LICENSE %_DEST%\bin%_EXT%\fi\osl\LICENSE_fi
..\%__SRC%\misc\license\WNT\license.txt %_DEST%\bin%_EXT%\fi\osl\license_fi.txt
..\%__SRC%\misc\license\%GUI%\license.html %_DEST%\bin%_EXT%\fi\osl\LICENSE_fi.html
..\%__SRC%\misc\license\%GUI%\* %_DEST%\bin%_EXT%\hu\osl\*
..\%__SRC%\misc\license\%GUI%\LICENSE %_DEST%\bin%_EXT%\hu\osl\LICENSE_hu
..\%__SRC%\misc\license\WNT\license.txt %_DEST%\bin%_EXT%\hu\osl\license_hu.txt
..\%__SRC%\misc\license\%GUI%\license.html %_DEST%\bin%_EXT%\hu\osl\LICENSE_hu.html
..\%__SRC%\misc\license\%GUI%\* %_DEST%\bin%_EXT%\it\osl\*
..\%__SRC%\misc\license\%GUI%\LICENSE %_DEST%\bin%_EXT%\it\osl\LICENSE_it
..\%__SRC%\misc\license\WNT\license.txt %_DEST%\bin%_EXT%\it\osl\license_it.txt
..\%__SRC%\misc\license\%GUI%\license.html %_DEST%\bin%_EXT%\it\osl\LICENSE_it.html
..\%__SRC%\misc\license\%GUI%\* %_DEST%\bin%_EXT%\sv\osl\*
..\%__SRC%\misc\license\%GUI%\LICENSE %_DEST%\bin%_EXT%\sv\osl\LICENSE_sv
..\%__SRC%\misc\license\WNT\license.txt %_DEST%\bin%_EXT%\sv\osl\license_sv.txt
..\%__SRC%\misc\license\%GUI%\license.html %_DEST%\bin%_EXT%\sv\osl\LICENSE_sv.html
..\%__SRC%\misc\license\%GUI%\* %_DEST%\bin%_EXT%\pt-BR\osl\*
..\%__SRC%\misc\license\%GUI%\LICENSE %_DEST%\bin%_EXT%\pt-BR\osl\LICENSE_pt-BR
..\%__SRC%\misc\license\WNT\license.txt %_DEST%\bin%_EXT%\pt-BR\osl\license_pt-BR.txt
..\%__SRC%\misc\license\%GUI%\license.html %_DEST%\bin%_EXT%\pt-BR\osl\LICENSE_pt-BR.html
..\%__SRC%\misc\license\%GUI%\* %_DEST%\bin%_EXT%\et\osl\*
..\%__SRC%\misc\license\%GUI%\LICENSE %_DEST%\bin%_EXT%\et\osl\LICENSE_et
..\%__SRC%\misc\license\WNT\license.txt %_DEST%\bin%_EXT%\et\osl\license_et.txt
..\%__SRC%\misc\license\%GUI%\license.html %_DEST%\bin%_EXT%\et\osl\LICENSE_et.html
..\%__SRC%\misc\license\%GUI%\* %_DEST%\bin%_EXT%\ja\osl\*
..\%__SRC%\misc\license\%GUI%\LICENSE %_DEST%\bin%_EXT%\ja\osl\LICENSE_ja
..\%__SRC%\misc\license\WNT\license.txt %_DEST%\bin%_EXT%\ja\osl\license_ja.txt
..\%__SRC%\misc\license\%GUI%\license.html %_DEST%\bin%_EXT%\ja\osl\LICENSE_ja.html
..\%__SRC%\misc\license\%GUI%\* %_DEST%\bin%_EXT%\ko\osl\*
..\%__SRC%\misc\license\%GUI%\LICENSE %_DEST%\bin%_EXT%\ko\osl\LICENSE_ko
..\%__SRC%\misc\license\WNT\license.txt %_DEST%\bin%_EXT%\ko\osl\license_ko.txt
..\%__SRC%\misc\license\%GUI%\license.html %_DEST%\bin%_EXT%\ko\osl\LICENSE_ko.html
..\%__SRC%\misc\license\%GUI%\* %_DEST%\bin%_EXT%\zh-CN\osl\*
..\%__SRC%\misc\license\%GUI%\LICENSE %_DEST%\bin%_EXT%\zh-CN\osl\LICENSE_zh-CN
..\%__SRC%\misc\license\WNT\license.txt %_DEST%\bin%_EXT%\zh-CN\osl\license_zh-CN.txt
..\%__SRC%\misc\license\%GUI%\license.html %_DEST%\bin%_EXT%\zh-CN\osl\LICENSE_zh-CN.html
..\%__SRC%\misc\license\%GUI%\* %_DEST%\bin%_EXT%\zh-TW\osl\*
..\%__SRC%\misc\license\%GUI%\LICENSE %_DEST%\bin%_EXT%\zh-TW\osl\LICENSE_zh-TW
..\%__SRC%\misc\license\WNT\license.txt %_DEST%\bin%_EXT%\zh-TW\osl\license_zh-TW.txt
..\%__SRC%\misc\license\%GUI%\license.html %_DEST%\bin%_EXT%\zh-TW\osl\LICENSE_zh-TW.html
..\%__SRC%\misc\license\%GUI%\* %_DEST%\bin%_EXT%\tr\osl\*
..\%__SRC%\misc\license\%GUI%\LICENSE %_DEST%\bin%_EXT%\tr\osl\LICENSE_tr
..\%__SRC%\misc\license\WNT\license.txt %_DEST%\bin%_EXT%\tr\osl\license_tr.txt
..\%__SRC%\misc\license\%GUI%\license.html %_DEST%\bin%_EXT%\tr\osl\LICENSE_tr.html
..\%__SRC%\misc\license\%GUI%\* %_DEST%\bin%_EXT%\ar\osl\*
..\%__SRC%\misc\license\%GUI%\LICENSE %_DEST%\bin%_EXT%\ar\osl\LICENSE_ar
..\%__SRC%\misc\license\WNT\license.txt %_DEST%\bin%_EXT%\ar\osl\license_ar.txt
..\%__SRC%\misc\license\%GUI%\license.html %_DEST%\bin%_EXT%\ar\osl\LICENSE_ar.html
..\%__SRC%\misc\license\%GUI%\* %_DEST%\bin%_EXT%\he\osl\*
..\%__SRC%\misc\license\%GUI%\LICENSE %_DEST%\bin%_EXT%\he\osl\LICENSE_he
..\%__SRC%\misc\license\WNT\license.txt %_DEST%\bin%_EXT%\he\osl\license_he.txt
..\%__SRC%\misc\license\%GUI%\license.html %_DEST%\bin%_EXT%\he\osl\LICENSE_he.html
..\source\cinema\* %_DEST%\pck%_EXT%\*
..\%__SRC%\misc\en-US\* %_DEST%\bin%_EXT%\en-US\osl\*
..\%__SRC%\misc\en-US\readme_en-US.txt %_DEST%\bin%_EXT%\en-US\osl\README_en-US
..\%__SRC%\misc\en-US\readme_en-US.html %_DEST%\bin%_EXT%\en-US\osl\README_en-US.html
..\%__SRC%\misc\pt\* %_DEST%\bin%_EXT%\pt\osl\*
..\%__SRC%\misc\pt\readme_pt.txt %_DEST%\bin%_EXT%\pt\osl\README_pt
..\%__SRC%\misc\pt\readme_pt.html %_DEST%\bin%_EXT%\pt\osl\README_pt.html
..\%__SRC%\misc\ru\* %_DEST%\bin%_EXT%\ru\osl\*
..\%__SRC%\misc\ru\readme_ru.txt %_DEST%\bin%_EXT%\ru\osl\README_ru
..\%__SRC%\misc\ru\readme_ru.html %_DEST%\bin%_EXT%\ru\osl\README_ru.html
..\%__SRC%\misc\el\* %_DEST%\bin%_EXT%\el\osl\*
..\%__SRC%\misc\el\readme_el.txt %_DEST%\bin%_EXT%\el\osl\README_el
..\%__SRC%\misc\el\readme_el.html %_DEST%\bin%_EXT%\el\osl\README_el.html
..\%__SRC%\misc\nl\* %_DEST%\bin%_EXT%\nl\osl\*
..\%__SRC%\misc\nl\readme_nl.txt %_DEST%\bin%_EXT%\nl\osl\README_nl
..\%__SRC%\misc\nl\readme_nl.html %_DEST%\bin%_EXT%\nl\osl\README_nl.html
..\%__SRC%\misc\fr\* %_DEST%\bin%_EXT%\fr\osl\*
..\%__SRC%\misc\fr\readme_fr.txt %_DEST%\bin%_EXT%\fr\osl\README_fr
..\%__SRC%\misc\fr\readme_fr.html %_DEST%\bin%_EXT%\fr\osl\README_fr.html
..\%__SRC%\misc\es\* %_DEST%\bin%_EXT%\es\osl\*
..\%__SRC%\misc\es\readme_es.txt %_DEST%\bin%_EXT%\es\osl\README_es
..\%__SRC%\misc\es\readme_es.html %_DEST%\bin%_EXT%\es\osl\README_es.html
..\%__SRC%\misc\fi\* %_DEST%\bin%_EXT%\fi\osl\*
..\%__SRC%\misc\fi\readme_fi.txt %_DEST%\bin%_EXT%\fi\osl\README_fi
..\%__SRC%\misc\fi\readme_fi.html %_DEST%\bin%_EXT%\fi\osl\README_fi.html
..\%__SRC%\misc\hu\* %_DEST%\bin%_EXT%\hu\osl\*
..\%__SRC%\misc\hu\readme_hu.txt %_DEST%\bin%_EXT%\hu\osl\README_hu
..\%__SRC%\misc\hu\readme_hu.html %_DEST%\bin%_EXT%\hu\osl\README_hu.html
..\%__SRC%\misc\ca\* %_DEST%\bin%_EXT%\ca\osl\*
..\%__SRC%\misc\ca\readme_ca.txt %_DEST%\bin%_EXT%\ca\osl\README_hu
..\%__SRC%\misc\ca\readme_ca.html %_DEST%\bin%_EXT%\ca\osl\README_hu.html
..\%__SRC%\misc\it\* %_DEST%\bin%_EXT%\it\osl\*
..\%__SRC%\misc\it\readme_it.txt %_DEST%\bin%_EXT%\it\osl\README_it
..\%__SRC%\misc\it\readme_it.html %_DEST%\bin%_EXT%\it\osl\README_it.html
..\%__SRC%\misc\cs\* %_DEST%\bin%_EXT%\cs\osl\*
..\%__SRC%\misc\cs\readme_cs.txt %_DEST%\bin%_EXT%\cs\osl\README_cs
..\%__SRC%\misc\cs\readme_cs.html %_DEST%\bin%_EXT%\cs\osl\README_cs.html
..\%__SRC%\misc\sk\* %_DEST%\bin%_EXT%\sk\osl\*
..\%__SRC%\misc\sk\readme_sk.txt %_DEST%\bin%_EXT%\sk\osl\README_sk
..\%__SRC%\misc\sk\readme_sk.html %_DEST%\bin%_EXT%\sk\osl\README_sk.html
..\%__SRC%\misc\da\* %_DEST%\bin%_EXT%\da\osl\*
..\%__SRC%\misc\da\readme_da.txt %_DEST%\bin%_EXT%\da\osl\README_da
..\%__SRC%\misc\da\readme_da.html %_DEST%\bin%_EXT%\da\osl\README_da.html
..\%__SRC%\misc\sv\* %_DEST%\bin%_EXT%\sv\osl\*
..\%__SRC%\misc\sv\readme_sv.txt %_DEST%\bin%_EXT%\sv\osl\README_sv
..\%__SRC%\misc\sv\readme_sv.html %_DEST%\bin%_EXT%\sv\osl\README_sv.html
..\%__SRC%\misc\pl\* %_DEST%\bin%_EXT%\pl\osl\*
..\%__SRC%\misc\pl\readme_pl.txt %_DEST%\bin%_EXT%\pl\osl\README_pl
..\%__SRC%\misc\pl\readme_pl.html %_DEST%\bin%_EXT%\pl\osl\README_pl.html
..\%__SRC%\misc\de\* %_DEST%\bin%_EXT%\de\osl\*
..\%__SRC%\misc\de\readme_de.txt %_DEST%\bin%_EXT%\de\osl\README_de
..\%__SRC%\misc\de\readme_de.html %_DEST%\bin%_EXT%\de\osl\README_de.html
..\%__SRC%\misc\sl\* %_DEST%\bin%_EXT%\sl\osl\*
..\%__SRC%\misc\sl\readme_sl.txt %_DEST%\bin%_EXT%\sl\osl\README_sl
..\%__SRC%\misc\sl\readme_sl.html %_DEST%\bin%_EXT%\sl\osl\README_sl.html
..\%__SRC%\misc\pt-BR\* %_DEST%\bin%_EXT%\pt-BR\osl\*
..\%__SRC%\misc\pt-BR\readme_pt-BR.txt %_DEST%\bin%_EXT%\pt-BR\osl\README_pt-BR
..\%__SRC%\misc\pt-BR\readme_pt-BR.html %_DEST%\bin%_EXT%\pt-BR\osl\README_pt-BR.html
..\%__SRC%\misc\th\* %_DEST%\bin%_EXT%\th\osl\*
..\%__SRC%\misc\th\readme_th.txt %_DEST%\bin%_EXT%\th\osl\README_th
..\%__SRC%\misc\th\readme_th.html %_DEST%\bin%_EXT%\th\osl\README_th.html
..\%__SRC%\misc\et\* %_DEST%\bin%_EXT%\et\osl\*
..\%__SRC%\misc\et\readme_et.txt %_DEST%\bin%_EXT%\et\osl\README_et
..\%__SRC%\misc\et\readme_et.html %_DEST%\bin%_EXT%\et\osl\README_et.html
..\%__SRC%\misc\ja\* %_DEST%\bin%_EXT%\ja\osl\*
..\%__SRC%\misc\ja\readme_ja.txt %_DEST%\bin%_EXT%\ja\osl\README_ja
..\%__SRC%\misc\ja\readme_ja.html %_DEST%\bin%_EXT%\ja\osl\README_ja.html
..\%__SRC%\misc\ko\* %_DEST%\bin%_EXT%\ko\osl\*
..\%__SRC%\misc\ko\readme_ko.txt %_DEST%\bin%_EXT%\ko\osl\README_ko
..\%__SRC%\misc\ko\readme_ko.html %_DEST%\bin%_EXT%\ko\osl\README_ko.html
..\%__SRC%\misc\zh-CN\* %_DEST%\bin%_EXT%\zh-CN\osl\*
..\%__SRC%\misc\zh-CN\readme_zh-CN.txt %_DEST%\bin%_EXT%\zh-CN\osl\README_zh-CN
..\%__SRC%\misc\zh-CN\readme_zh-CN.html %_DEST%\bin%_EXT%\zh-CN\osl\README_zh-CN.html
..\%__SRC%\misc\zh-TW\* %_DEST%\bin%_EXT%\zh-TW\osl\*
..\%__SRC%\misc\zh-TW\readme_zh-TW.txt %_DEST%\bin%_EXT%\zh-TW\osl\README_zh-TW
..\%__SRC%\misc\zh-TW\readme_zh-TW.html %_DEST%\bin%_EXT%\zh-TW\osl\README_zh-TW.html
..\%__SRC%\misc\tr\* %_DEST%\bin%_EXT%\tr\osl\*
..\%__SRC%\misc\tr\readme_tr.txt %_DEST%\bin%_EXT%\tr\osl\README_tr
..\%__SRC%\misc\tr\readme_tr.html %_DEST%\bin%_EXT%\tr\osl\README_tr.html
..\%__SRC%\misc\hi-IN\* %_DEST%\bin%_EXT%\hi-IN\osl\*
..\%__SRC%\misc\hi-IN\readme_hi-IN.txt %_DEST%\bin%_EXT%\hi-IN\osl\README_hi-IN
..\%__SRC%\misc\hi-IN\readme_hi-IN.html %_DEST%\bin%_EXT%\hi-IN\osl\README_hi-IN.html
..\%__SRC%\misc\ar\* %_DEST%\bin%_EXT%\ar\osl\*
..\%__SRC%\misc\ar\readme_ar.txt %_DEST%\bin%_EXT%\ar\osl\README_ar
..\%__SRC%\misc\ar\readme_ar.html %_DEST%\bin%_EXT%\ar\osl\README_ar.html
..\%__SRC%\misc\he\* %_DEST%\bin%_EXT%\he\osl\*
..\%__SRC%\misc\he\readme_he.txt %_DEST%\bin%_EXT%\he\osl\README_he
..\%__SRC%\misc\he\readme_he.html %_DEST%\bin%_EXT%\he\osl\README_he.html

..\%__SRC%\misc\THIRDPARTYLICENSEREADME.html %_DEST%\bin%_EXT%\THIRDPARTYLICENSEREADME.html
