mkdir: %COMMON_DEST%\bin%_EXT%\hid
mkdir: %COMMON_DEST%\res%_EXT%
mkdir: %_DEST%\inc%_EXT%\sfx2

..\%COMMON_OUTDIR%\misc\*.hid %COMMON_DEST%\bin%_EXT%\hid\*.hid
..\%__SRC%\lib\sfx.lib %_DEST%\lib%_EXT%\sfx.lib
..\%__SRC%\lib\lib*.so %_DEST%\lib%_EXT%
..\%__SRC%\lib\*.a %_DEST%\lib%_EXT%\*.a
..\%__SRC%\lib\*.dylib %_DEST%\lib%_EXT%\*.dylib
..\%__SRC%\slb\sfx.lib %_DEST%\lib%_EXT%\xsfx.lib
..\%__SRC%\lib\isfx.lib %_DEST%\lib%_EXT%\isfx.lib
..\%__SRC%\lib\debug.lib %_DEST%\lib%_EXT%\sfxdebug.lib
..\%__SRC%\bin\sfx?????.sym %_DEST%\bin%_EXT%\sfx?????.sym
..\%__SRC%\bin\sfx?????.dll %_DEST%\bin%_EXT%\sfx?????.dll
..\%__SRC%\bin\sfx*.res %_DEST%\bin%_EXT%\sfx*.res
..\%__SRC%\bin\sfx?????.sym %_DEST%\bin%_EXT%\sfx?????.sym
..\%__SRC%\misc\sfx?????.map %_DEST%\bin%_EXT%\sfx?????.map
..\%__SRC%\bin\elc?????.dll %_DEST%\bin%_EXT%\elc?????.dll
..\%__SRC%\srs\sfx.srs %_DEST%\res%_EXT%\sfx.srs
..\%COMMON_OUTDIR%\srs\sfx_srs.hid %COMMON_DEST%\res%_EXT%\sfx_srs.hid
..\%__SRC%\srs\sfxslots.srs %_DEST%\res%_EXT%\sfxslots.srs
..\%COMMON_OUTDIR%\srs\sfxslots_srs.hid %COMMON_DEST%\res%_EXT%\sfxslots_srs.hid
..\util\sfx.xml %_DEST%\xml%_EXT%\sfx.xml
..\%__SRC%\misc\sfx2.csv %_DEST%\inc%_EXT%\sfx2.csv

..\inc\sfx2\*.h %_DEST%\inc%_EXT%\sfx2\*.h
..\inc\sfx2\*.hxx %_DEST%\inc%_EXT%\sfx2\*.hxx
..\inc\sfx2\*.hrc %_DEST%\inc%_EXT%\sfx2\*.hrc

..\sdi\sfx.sdi %_DEST%\inc%_EXT%\sfx2\sfx.sdi
..\sdi\sfxitems.sdi %_DEST%\inc%_EXT%\sfx2\sfxitems.sdi
..\inc\brokenpackageint.hxx %_DEST%\inc%_EXT%\sfx2\brokenpackageint.hxx
..\inc\dinfedt.hxx %_DEST%\inc%_EXT%\sfx2\dinfedt.hxx
..\inc\imgmgr.hxx %_DEST%\inc%_EXT%\sfx2\imgmgr.hxx
..\inc\mieclip.hxx %_DEST%\inc%_EXT%\sfx2\mieclip.hxx
..\inc\minfitem.hxx %_DEST%\inc%_EXT%\sfx2\minfitem.hxx
..\inc\sfxhelp.hxx %_DEST%\inc%_EXT%\sfx2\sfxhelp.hxx
..\inc\stbitem.hxx %_DEST%\inc%_EXT%\sfx2\stbitem.hxx
..\inc\tplpitem.hxx %_DEST%\inc%_EXT%\sfx2\tplpitem.hxx
..\inc\viewfac.hxx %_DEST%\inc%_EXT%\sfx2\viewfac.hxx
..\inc\basmgr.hxx %_DEST%\inc%_EXT%\sfx2\basmgr.hxx
..\inc\imagemgr.hxx %_DEST%\inc%_EXT%\sfx2\imagemgr.hxx
..\inc\QuerySaveDocument.hxx %_DEST%\inc%_EXT%\sfx2\QuerySaveDocument.hxx
..\inc\mailmodelapi.hxx %_DEST%\inc%_EXT%\sfx2\mailmodelapi.hxx
..\inc\docinsert.hxx %_DEST%\inc%_EXT%\sfx2\docinsert.hxx

..\%__SRC%\misc\sfx.component %_DEST%\xml%_EXT%\sfx.component
