mkdir: %COMMON_DEST%\bin%_EXT%\hid
mkdir: %_DEST%\inc%_EXT%\sw
mkdir: %_DEST%\xml%_EXT%\uiconfig
mkdir: %_DEST%\xml%_EXT%\uiconfig\swriter
mkdir: %_DEST%\xml%_EXT%\uiconfig\sweb
mkdir: %_DEST%\xml%_EXT%\uiconfig\sglobal
mkdir: %_DEST%\xml%_EXT%\uiconfig\swriter\menubar
mkdir: %_DEST%\xml%_EXT%\uiconfig\sweb\menubar
mkdir: %_DEST%\xml%_EXT%\uiconfig\sglobal\menubar
mkdir: %_DEST%\xml%_EXT%\uiconfig\swriter\toolbar
mkdir: %_DEST%\xml%_EXT%\uiconfig\sweb\toolbar
mkdir: %_DEST%\xml%_EXT%\uiconfig\sglobal\toolbar

..\%COMMON_OUTDIR%\misc\*.hid %COMMON_DEST%\bin%_EXT%\hid\*.hid
..\xml\*.xml %_DEST%\xml%_EXT%\*.xml
..\%__SRC%\bin\soffice.pdb %_DEST%\bin%_EXT%\soffice.pdb
..\%__SRC%\bin\swslots.tlb %_DEST%\bin%_EXT%\swslots.tlb
..\%__SRC%\bin\wswslots.tlb %_DEST%\bin%_EXT%\wswslots.tlb
..\%__SRC%\bin\sw?????.dll %_DEST%\bin%_EXT%\sw?????.dll
..\%__SRC%\bin\swd?????.dll %_DEST%\bin%_EXT%\swd?????.dll
..\%__SRC%\bin\swui?????.dll %_DEST%\bin%_EXT%\swui?????.dll
..\%__SRC%\bin\sw*.res %_DEST%\bin%_EXT%\sw*.res
..\%__SRC%\slb\lib*.* %_DEST%\lib%_EXT%\lib*.*
..\%__SRC%\lib\lib*.* %_DEST%\lib%_EXT%\lib*.*

..\uiconfig\swriter\menubar\*.xml %_DEST%\xml%_EXT%\uiconfig\swriter\menubar\*.xml
..\uiconfig\sweb\menubar\*.xml %_DEST%\xml%_EXT%\uiconfig\sweb\menubar\*.xml
..\uiconfig\sglobal\menubar\*.xml %_DEST%\xml%_EXT%\uiconfig\sglobal\menubar\*.xml
..\uiconfig\swriter\toolbar\*.xml %_DEST%\xml%_EXT%\uiconfig\swriter\toolbar\*.xml
..\uiconfig\sweb\toolbar\*.xml %_DEST%\xml%_EXT%\uiconfig\sweb\toolbar\*.xml
..\uiconfig\sglobal\toolbar\*.xml %_DEST%\xml%_EXT%\uiconfig\sglobal\toolbar\*.xml
