mkdir: %_DEST%\inc%_EXT%\python
mkdir: %_DEST%\lib%_EXT%\python
mkdir: %_DEST%\lib%_EXT%\python\lib-old
mkdir: %_DEST%\lib%_EXT%\python\lib-tk
mkdir: %_DEST%\lib%_EXT%\python\site-packages
mkdir: %_DEST%\lib%_EXT%\python\test
mkdir: %_DEST%\lib%_EXT%\python\test\output
mkdir: %_DEST%\lib%_EXT%\python\test\data
mkdir: %_DEST%\lib%_EXT%\python\encodings
mkdir: %_DEST%\lib%_EXT%\python\email
mkdir: %_DEST%\lib%_EXT%\python\compiler
mkdir: %_DEST%\lib%_EXT%\python\hotshot
mkdir: %_DEST%\lib%_EXT%\python\distutils
mkdir: %_DEST%\lib%_EXT%\python\distutils\command
mkdir: %_DEST%\lib%_EXT%\python\xml
mkdir: %_DEST%\lib%_EXT%\python\xml\dom
mkdir: %_DEST%\lib%_EXT%\python\xml\parsers
mkdir: %_DEST%\lib%_EXT%\python\xml\sax
mkdir: %_DEST%\lib%_EXT%\python\curses
mkdir: %_DEST%\lib%_EXT%\python\plat-linux2
mkdir: %_DEST%\lib%_EXT%\python\config
mkdir: %_DEST%\lib%_EXT%\python\lib-dynload
mkdir: %_DEST%\lib%_EXT%\python\bsddb
mkdir: %_DEST%\lib%_EXT%\python\logging
mkdir: %_DEST%\lib%_EXT%\python\idlelib
mkdir: %_DEST%\lib%_EXT%\python\idlelib\Icons

#..\%__SRC%\misc\build\python-inst\include\python2.3\* %_DEST%\inc%_EXT%\python\*
..\%__SRC%\misc\build\Python-2.3.4\Include\* %_DEST%\inc%_EXT%\python\*

..\%__SRC%\misc\build\Python-2.3.4\Lib\* %_DEST%\lib%_EXT%\python\*
..\%__SRC%\misc\build\Python-2.3.4\Lib\lib-old\* %_DEST%\lib%_EXT%\python\lib-old\*
..\%__SRC%\misc\build\Python-2.3.4\Lib\lib-tk\* %_DEST%\lib%_EXT%\python\lib-tk\*
..\%__SRC%\misc\build\Python-2.3.4\Lib\site-packages\* %_DEST%\lib%_EXT%\python\site-packages\*
..\%__SRC%\misc\build\Python-2.3.4\Lib\test\* %_DEST%\lib%_EXT%\python\test\*
..\%__SRC%\misc\build\Python-2.3.4\Lib\test\output\* %_DEST%\lib%_EXT%\python\test\output\*
..\%__SRC%\misc\build\Python-2.3.4\Lib\test\data\* %_DEST%\lib%_EXT%\python\test\data\*
..\%__SRC%\misc\build\Python-2.3.4\Lib\encodings\* %_DEST%\lib%_EXT%\python\encodings\*
..\%__SRC%\misc\build\Python-2.3.4\Lib\email\* %_DEST%\lib%_EXT%\python\email\*
..\%__SRC%\misc\build\Python-2.3.4\Lib\compiler\* %_DEST%\lib%_EXT%\python\compiler\*
..\%__SRC%\misc\build\Python-2.3.4\Lib\hotshot\* %_DEST%\lib%_EXT%\python\hotshot\*
..\%__SRC%\misc\build\Python-2.3.4\Lib\distutils\* %_DEST%\lib%_EXT%\python\distutils\*
..\%__SRC%\misc\build\Python-2.3.4\Lib\distutils\command\* %_DEST%\lib%_EXT%\python\distutils\command\*
..\%__SRC%\misc\build\Python-2.3.4\Lib\xml\* %_DEST%\lib%_EXT%\python\xml\*
..\%__SRC%\misc\build\Python-2.3.4\Lib\xml\dom\* %_DEST%\lib%_EXT%\python\xml\dom\*
..\%__SRC%\misc\build\Python-2.3.4\Lib\xml\parsers\* %_DEST%\lib%_EXT%\python\xml\parsers\*
..\%__SRC%\misc\build\Python-2.3.4\Lib\xml\sax\* %_DEST%\lib%_EXT%\python\xml\sax\*
..\%__SRC%\misc\build\Python-2.3.4\Lib\curses\* %_DEST%\lib%_EXT%\python\curses\*
..\%__SRC%\misc\build\Python-2.3.4\Lib\plat-linux2\* %_DEST%\lib%_EXT%\python\plat-linux2\*
..\%__SRC%\misc\build\Python-2.3.4\Lib\config\* %_DEST%\lib%_EXT%\python\config\*
..\%__SRC%\misc\build\Python-2.3.4\Lib\bsddb\* %_DEST%\lib%_EXT%\python\bsddb\*
..\%__SRC%\misc\build\Python-2.3.4\Lib\logging\* %_DEST%\lib%_EXT%\python\logging\*
..\%__SRC%\misc\build\Python-2.3.4\Lib\idlelib\* %_DEST%\lib%_EXT%\python\idlelib\*
..\%__SRC%\misc\build\Python-2.3.4\Lib\idlelib\Icons\* %_DEST%\lib%_EXT%\python\idlelib\Icons\*
..\pyversion.mk %_DEST%\inc%_EXT%\pyversion.mk

#unix ONLY !
..\%__SRC%\misc\build\python-inst\include\python2.3\pyconfig.h %_DEST%\inc%_EXT%\python\pyconfig.h
..\%__SRC%\misc\build\python-inst\lib\python2.3\lib-dynload\* %_DEST%\lib%_EXT%\python\lib-dynload\*
..\%__SRC%\misc\build\python-inst\bin\python %_DEST%\bin%_EXT%\python
..\%__SRC%\misc\build\python-inst\bin\idle %_DEST%\bin%_EXT%\idle
..\%__SRC%\misc\build\python-inst\lib\libpython2.3.so.1.0 %_DEST%\lib%_EXT%\libpython2.3.so.1.0
symlink: %_DEST%\lib%_EXT%\libpython2.3.so.1.0 %_DEST%\lib%_EXT%\libpython2.3.so

# MacOS X
..\%__SRC%\misc\build\python-inst\lib\libpython2.3.dylib %_DEST%\lib%_EXT%\libpython2.3.dylib

#MingW ONLY !
..\%__SRC%\misc\build\python-inst\include\python22\pyconfig.h %_DEST%\inc%_EXT%\python\pyconfig.h
..\%__SRC%\misc\build\python-inst\bin\python.exe %_DEST%\bin%_EXT%\python.exe
..\%__SRC%\misc\build\Python-2.3.4\libpython2.3.dll %_DEST%\bin%_EXT%\libpython2.3.dll

# WINDOWS ONLY !
..\%__SRC%\misc\build\pyconfig.h %_DEST%\inc%_EXT%\python\pyconfig.h
..\%__SRC%\misc\build\Python-2.3.4\PCBuild\python.exe %_DEST%\bin%_EXT%\python.exe
..\%__SRC%\misc\build\Python-2.3.4\PCBuild\python.exe %_DEST%\bin%_EXT%\python.exe
..\%__SRC%\misc\build\Python-2.3.4\PCBuild\python23.dll %_DEST%\bin%_EXT%\python23.dll
..\%__SRC%\misc\build\Python-2.3.4\PCBuild\python23.lib %_DEST%\lib%_EXT%\python23.lib
..\%__SRC%\misc\build\Python-2.3.4\PCBuild\_sre.pyd %_DEST%\lib%_EXT%\python\_sre.pyd
..\%__SRC%\misc\build\Python-2.3.4\PCBuild\_socket.pyd %_DEST%\lib%_EXT%\python\_socket.pyd
..\%__SRC%\misc\build\Python-2.3.4\PCBuild\_symtable.pyd %_DEST%\lib%_EXT%\python\_symtable.pyd
..\%__SRC%\misc\build\Python-2.3.4\PCBuild\mmap.pyd %_DEST%\lib%_EXT%\python\mmap.pyd
..\%__SRC%\misc\build\Python-2.3.4\PCBuild\parser.pyd %_DEST%\lib%_EXT%\python\parser.pyd
..\%__SRC%\misc\build\Python-2.3.4\PCBuild\datetime.pyd %_DEST%\lib%_EXT%\python\datetime.pyd
..\%__SRC%\misc\build\Python-2.3.4\PCBuild\select.pyd %_DEST%\lib%_EXT%\python\select.pyd
..\%__SRC%\misc\build\Python-2.3.4\PCBuild\unicodedata.pyd %_DEST%\lib%_EXT%\python\unicodedata.pyd
..\%__SRC%\misc\build\Python-2.3.4\PCBuild\_winreg.pyd %_DEST%\lib%_EXT%\python\_winreg.pyd
..\%__SRC%\misc\build\Python-2.3.4\PCBuild\winsound.pyd %_DEST%\lib%_EXT%\python\winsound.pyd
..\%__SRC%\misc\build\Python-2.3.4\PCBuild\parser.pyd %_DEST%\lib%_EXT%\python\parser.pyd
..\%__SRC%\misc\build\Python-2.3.4\PCBuild\pyexpat.pyd %_DEST%\lib%_EXT%\python\pyexpat.pyd
..\%__SRC%\misc\build\Python-2.3.4\PCBuild\_csv.pyd %_DEST%\lib%_EXT%\python\_csv.pyd
..\%__SRC%\misc\build\Python-2.3.4\PCBuild\_testcapi.pyd %_DEST%\lib%_EXT%\python\_testcapi.pyd

#linklib: libpython.so.*.*.*

