mkdir: %_DEST%\inc%_EXT%\cppunit
mkdir: %_DEST%\inc%_EXT%\cppunit\portability
mkdir: %_DEST%\inc%_EXT%\cppunit\autoregister
mkdir: %_DEST%\inc%_EXT%\cppunit\extensions

..\inc\cppunit\*.h %_DEST%\inc%_EXT%\cppunit\*.h
..\inc\cppunit\*.hxx %_DEST%\inc%_EXT%\cppunit\*.hxx
..\inc\cppunit\portability\*.h %_DEST%\inc%_EXT%\cppunit\portability\*.h
..\inc\cppunit\extensions\*.h %_DEST%\inc%_EXT%\cppunit\extensions\*.h
..\inc\cppunit\autoregister\htestresult.h %_DEST%\inc%_EXT%\cppunit\autoregister\htestresult.h
..\inc\cppunit\autoregister\treswrapper.h %_DEST%\inc%_EXT%\cppunit\autoregister\treswrapper.h
..\inc\cppunit\autoregister\testfunc.h %_DEST%\inc%_EXT%\cppunit\autoregister\testfunc.h
..\inc\cppunit\autoregister\registertestfunction.h %_DEST%\inc%_EXT%\cppunit\autoregister\registertestfunction.h
..\inc\cppunit\autoregister\callbackstructure.h %_DEST%\inc%_EXT%\cppunit\autoregister\callbackstructure.h
..\inc\cppunit\autoregister\callbackfunc_fktptr.h %_DEST%\inc%_EXT%\cppunit\autoregister\callbackfunc_fktptr.h

# ..\src\result\inc\cppunit\*.h %_DEST%\inc%_EXT%\cppunit\*.h
# ..\src\result\inc\cppunit\result\*.h %_DEST%\inc%_EXT%\cppunit\result\*.h

# ..\%__SRC%\lib\tstutil.lib   %_DEST%\lib%_EXT%\tstutil.lib
# ..\%__SRC%\bin\testshl.exe   %_DEST%\bin%_EXT%\testshl.exe
..\%__SRC%\bin\testshl2.exe    %_DEST%\bin%_EXT%\testshl2.exe
..\%__SRC%\bin\testshl2_timeout.exe    %_DEST%\bin%_EXT%\testshl2_timeout.exe
..\%__SRC%\bin\testshl2        %_DEST%\bin%_EXT%\testshl2
..\%__SRC%\bin\versioninfo.exe %_DEST%\bin%_EXT%\versioninfo.exe
..\%__SRC%\bin\versioninfo     %_DEST%\bin%_EXT%\versioninfo

..\source\codegen\codegen.pl %_DEST%\bin%_EXT%\codegen_testshl2.pl

mkdir: %_DEST%\inc%_EXT%\testshl
..\inc\*.hxx %_DEST%\inc%_EXT%\testshl\*.hxx
..\inc\*.h   %_DEST%\inc%_EXT%\testshl\*.h

..\%__SRC%\lib\cppunit.lib %_DEST%\lib%_EXT%\cppunit.lib
..\%__SRC%\lib\*.a %_DEST%\lib%_EXT%\*.a

