mkdir: %_DEST%\bin%_EXT%\osl
..\%__SRC%\bin\*.dll %_DEST%\bin%_EXT%\*.dll
..\%__SRC%\bin\*.exe %_DEST%\bin%_EXT%\*.exe

mkdir: %_DEST%\bin%_EXT%\userscripts
..\%__SRC%\bin\install %_DEST%\bin%_EXT%\userscripts\install
..\%__SRC%\bin\uninstall %_DEST%\bin%_EXT%\userscripts\uninstall

..\%__SRC%\bin\ulfconv %_DEST%\bin%_EXT%\ulfconv
..\%__SRC%\bin\langpackscript.sh %_DEST%\bin%_EXT%\langpackscript.sh
..\%__SRC%\bin\linuxpatchscript.sh %_DEST%\bin%_EXT%\linuxpatchscript.sh
..\%__SRC%\bin\downloadscript.sh %_DEST%\bin%_EXT%\downloadscript.sh
..\%__SRC%\bin\register_extensions %_DEST%\bin%_EXT%\register_extensions
..\%__SRC%\bin\deregister_extensions %_DEST%\bin%_EXT%\deregister_extensions
..\%__SRC%\bin\unpack_update.sh %_DEST%\bin%_EXT%\unpack_update
..\%__SRC%\bin\update.sh %_DEST%\bin%_EXT%\update
..\%__SRC%\bin\javaloader.sh %_DEST%\bin%_EXT%\javaloader.sh
..\%__SRC%\bin\stclient_wrapper.sh %_DEST%\bin%_EXT%\stclient_wrapper
..\%__SRC%\bin\stclient_wrapper.exe %_DEST%\bin%_EXT%\stclient_wrapper.exe
..\source\win32\msi-encodinglist.txt %_DEST%\bin%_EXT%\msi-encodinglist.txt
..\source\win32\patchlist.txt %_DEST%\bin%_EXT%\patchlist.txt
..\source\win32\desktophelper.txt %_DEST%\bin%_EXT%\desktophelper.txt
..\source\win32\get_retval.bat %_DEST%\bin%_EXT%\get_retval.bat
..\source\win32\nsis\downloadtemplate.nsi %_DEST%\bin%_EXT%\downloadtemplate.nsi
..\source\win32\nsis\*.ico %_DEST%\bin%_EXT%\*.ico
..\source\win32\nsis\*.bmp %_DEST%\bin%_EXT%\*.bmp
..\source\linux\*.dat %_DEST%\bin%_EXT%\*.dat
..\source\java\openofficeorg_setup.gif %_DEST%\bin%_EXT%\osl\Setup.gif
..\source\java\javaversion.dat %_DEST%\bin%_EXT%\javaversion.dat
..\source\packinfo\solariscopyrightfile %_DEST%\bin%_EXT%\solariscopyrightfile
..\source\packinfo\*.txt %_DEST%\bin%_EXT%\*.txt

..\%__SRC%\lib\getuid.so %_DEST%\bin%_EXT%\getuid.so

..\inc\setup_native\qswin32.h %_DEST%\inc%_EXT%\setup_native\qswin32.h

mkdir: %_DEST%\xml%_EXT%\registry\spool
mkdir: %_DEST%\xml%_EXT%\registry\spool\org
mkdir: %_DEST%\xml%_EXT%\registry\spool\org\openoffice
mkdir: %_DEST%\xml%_EXT%\registry\spool\org\openoffice\Office
mkdir: %_DEST%\xml%_EXT%\registry\spool\org\openoffice\Office\Jobs

..\%__SRC%\misc\registry\spool\org\openoffice\Office\Jobs\*.xcu %_DEST%\xml%_EXT%\registry\spool\org\openoffice\Office\Jobs
