qa  qadevOOo    :   OOoRunner NULL
qa  qadevOOo                                             usr1    -   all qa_mkout NULL
qa  qadevOOo\runner\util                                 nmake   -   all util NULL
qa  qadevOOo\runner\share                                nmake   -   all share util NULL
qa  qadevOOo\runner\stats                                nmake   -   all stats share NULL
qa  qadevOOo\runner\lib                                  nmake   -   all lib stats NULL
qa  qadevOOo\runner\complexlib                           nmake   -   all complexlib lib NULL
qa  qadevOOo\runner\helper                               nmake   -   all helper complexlib NULL
qa  qadevOOo\runner\basicrunner\basichelper              nmake   -   all basicrunner_basichelper helper NULL
qa  qadevOOo\runner\basicrunner                          nmake   -   all basicrunner basicrunner_basichelper NULL
qa  qadevOOo\runner\base                                 nmake   -   all base basicrunner NULL
qa  qadevOOo\runner\org\openoffice                       nmake   -   all org_openoffice base NULL
qa  qadevOOo\runner                                      nmake   -   all runner org_openoffice NULL
qa  qadevOOo\tests\java\ifc\accessibility                nmake   -   all ifc_accessibility runner NULL
qa  qadevOOo\tests\java\ifc\awt                          nmake   -   all ifc_awt ifc_accessibility NULL
qa  qadevOOo\tests\java\ifc\beans                        nmake   -   all ifc_beans ifc_awt NULL
qa  qadevOOo\tests\java\ifc\bridge                       nmake   -   all ifc_bridge ifc_beans NULL
qa  qadevOOo\tests\java\ifc\chart                        nmake   -   all ifc_chart ifc_bridge NULL
qa  qadevOOo\tests\java\ifc\connection                   nmake   -   all ifc_connection ifc_chart NULL
qa  qadevOOo\tests\java\ifc\container                    nmake   -   all ifc_container ifc_connection NULL
qa  qadevOOo\tests\java\ifc\datatransfer\clipboard       nmake   -   all ifc_datatransfer_clipboard ifc_container NULL
qa  qadevOOo\tests\java\ifc\datatransfer                 nmake   -   all ifc_datatransfer ifc_datatransfer_clipboard NULL
qa  qadevOOo\tests\java\ifc\document                     nmake   -   all ifc_document ifc_datatransfer NULL
qa  qadevOOo\tests\java\ifc\drawing                      nmake   -   all ifc_drawing ifc_document NULL
qa  qadevOOo\tests\java\ifc\form                         nmake   -   all ifc_form ifc_drawing NULL
qa  qadevOOo\tests\java\ifc\form\component               nmake   -   all ifc_form_component ifc_form NULL
qa  qadevOOo\tests\java\ifc\formula                      nmake   -   all ifc_formula ifc_form_component NULL
qa  qadevOOo\tests\java\ifc\frame                        nmake   -   all ifc_frame ifc_formula NULL
qa  qadevOOo\tests\java\ifc\i18n                         nmake   -   all ifc_i18n ifc_frame NULL
qa  qadevOOo\tests\java\ifc\io                           nmake   -   all ifc_io ifc_i18n NULL
qa  qadevOOo\tests\java\ifc\java                         nmake   -   all ifc_java ifc_io NULL
qa  qadevOOo\tests\java\ifc\lang                         nmake   -   all ifc_lang ifc_java NULL
qa  qadevOOo\tests\java\ifc\linguistic2                  nmake   -   all ifc_linguistic2 ifc_lang NULL
qa  qadevOOo\tests\java\ifc\loader                       nmake   -   all ifc_loader ifc_linguistic2 NULL
qa  qadevOOo\tests\java\ifc\presentation                 nmake   -   all ifc_presentation ifc_loader NULL
qa  qadevOOo\tests\java\ifc\reflection                   nmake   -   all ifc_reflection ifc_presentation NULL
qa  qadevOOo\tests\java\ifc\registry                     nmake   -   all ifc_registry ifc_reflection NULL
qa  qadevOOo\tests\java\ifc\script                       nmake   -   all ifc_script ifc_registry NULL
qa  qadevOOo\tests\java\ifc\sdb                          nmake   -   all ifc_sdb ifc_script NULL
qa  qadevOOo\tests\java\ifc\sdbc                         nmake   -   all ifc_sdbc ifc_sdb NULL
qa  qadevOOo\tests\java\ifc\sdbcx                        nmake   -   all ifc_sdbcx ifc_sdbc NULL
qa  qadevOOo\tests\java\ifc\sheet                        nmake   -   all ifc_sheet ifc_sdbcx NULL
qa  qadevOOo\tests\java\ifc\style                        nmake   -   all ifc_style ifc_sheet NULL
qa  qadevOOo\tests\java\ifc\system                       nmake   -   all ifc_system ifc_style NULL
qa  qadevOOo\tests\java\ifc\table                        nmake   -   all ifc_table ifc_system NULL
qa  qadevOOo\tests\java\ifc\task                         nmake   -   all ifc_task ifc_table NULL
qa  qadevOOo\tests\java\ifc\text                         nmake   -   all ifc_text ifc_task NULL
qa  qadevOOo\tests\java\ifc\ucb                          nmake   -   all ifc_ucb ifc_text NULL
qa  qadevOOo\tests\java\ifc\ui\dialogs                   nmake   -   all ifc_ui_dialogs ifc_ucb NULL
qa  qadevOOo\tests\java\ifc\uno                          nmake   -   all ifc_uno ifc_ui_dialogs NULL
qa  qadevOOo\tests\java\ifc\util                         nmake   -   all ifc_util ifc_uno NULL
qa  qadevOOo\tests\java\ifc\view                         nmake   -   all ifc_view ifc_util NULL
qa  qadevOOo\tests\java\ifc\xml\sax                      nmake   -   all ifc_xml_sax ifc_view NULL
qa  qadevOOo\tests\java\ifc\xml                          nmake   -   all ifc_xml ifc_xml_sax NULL
qa  qadevOOo\tests\java\mod\_acceptor                    nmake   -   all mod__acceptor ifc_xml NULL
qa  qadevOOo\tests\java\mod\_adabas                      nmake   -   all mod__adabas ifc_xml NULL
qa  qadevOOo\tests\java\mod\_ado                         nmake   -   all mod__ado ifc_xml NULL
qa  qadevOOo\tests\java\mod\_brdgfctr                    nmake   -   all mod__brdgfctr ifc_xml NULL
qa  qadevOOo\tests\java\mod\_cached                      nmake   -   all mod__cached ifc_xml NULL
qa  qadevOOo\tests\java\mod\_cmdmail                     nmake   -   all mod__cmdmail ifc_xml NULL
qa  qadevOOo\tests\java\mod\_cnt                         nmake   -   all mod__cnt ifc_xml NULL
qa  qadevOOo\tests\java\mod\_connectr                    nmake   -   all mod__connectr ifc_xml NULL
qa  qadevOOo\tests\java\mod\_corefl                      nmake   -   all mod__corefl ifc_xml NULL
qa  qadevOOo\tests\java\mod\_cpld                        nmake   -   all mod__cpld ifc_xml NULL
qa  qadevOOo\tests\java\mod\_dbaccess                    nmake   -   all mod__dbaccess ifc_xml NULL
qa  qadevOOo\tests\java\mod\_dbpool                      nmake   -   all mod__dbpool ifc_xml NULL
qa  qadevOOo\tests\java\mod\_defreg                      nmake   -   all mod__defreg ifc_xml NULL
qa  qadevOOo\tests\java\mod\_dtrans                      nmake   -   all mod__dtrans ifc_xml NULL
qa  qadevOOo\tests\java\mod\_dynamicloader               nmake   -   all mod__dynamicloader ifc_xml NULL
qa  qadevOOo\tests\java\mod\_file\calc                   nmake   -   all mod__file_calc ifc_xml NULL
qa  qadevOOo\tests\java\mod\_file\dbase                  nmake   -   all mod__file_dbase ifc_xml NULL
qa  qadevOOo\tests\java\mod\_file\flat                   nmake   -   all mod__file_flat ifc_xml NULL
qa  qadevOOo\tests\java\mod\_fileacc                     nmake   -   all mod__fileacc ifc_xml NULL
qa  qadevOOo\tests\java\mod\_fop                         nmake   -   all mod__fop ifc_xml NULL
qa  qadevOOo\tests\java\mod\_forms                       nmake   -   all mod__forms ifc_xml NULL
qa  qadevOOo\tests\java\mod\_fps                         nmake   -   all mod__fps ifc_xml NULL
qa  qadevOOo\tests\java\mod\_ftransl                     nmake   -   all mod__ftransl ifc_xml NULL
qa  qadevOOo\tests\java\mod\_fwk                         nmake   -   all mod__fwk ifc_xml NULL
qa  qadevOOo\tests\java\mod\_fwl                         nmake   -   all mod__fwl ifc_xml NULL
qa  qadevOOo\tests\java\mod\_i18n                        nmake   -   all mod__i18n ifc_xml NULL
qa  qadevOOo\tests\java\mod\_impreg                      nmake   -   all mod__impreg ifc_xml NULL
qa  qadevOOo\tests\java\mod\_insp                        nmake   -   all mod__insp ifc_xml NULL
qa  qadevOOo\tests\java\mod\_inv                         nmake   -   all mod__inv ifc_xml NULL
qa  qadevOOo\tests\java\mod\_invadp                      nmake   -   all mod__invadp ifc_xml NULL
qa  qadevOOo\tests\java\mod\_javaloader                  nmake   -   all mod__javaloader ifc_xml NULL
qa  qadevOOo\tests\java\mod\_jdbc                        nmake   -   all mod__jdbc ifc_xml NULL
qa  qadevOOo\tests\java\mod\_jen                         nmake   -   all mod__jen ifc_xml NULL
qa  qadevOOo\tests\java\mod\_lng                         nmake   -   all mod__lng ifc_xml NULL
qa  qadevOOo\tests\java\mod\_lnn                         nmake   -   all mod__lnn ifc_xml NULL
qa  qadevOOo\tests\java\mod\_mcnttype                    nmake   -   all mod__mcnttype ifc_xml NULL
qa  qadevOOo\tests\java\mod\_mozab                       nmake   -   all mod__mozab ifc_xml NULL
qa  qadevOOo\tests\java\mod\_namingservice               nmake   -   all mod__namingservice ifc_xml NULL
qa  qadevOOo\tests\java\mod\_odbc                        nmake   -   all mod__odbc ifc_xml NULL
qa  qadevOOo\tests\java\mod\_proxyfac                    nmake   -   all mod__proxyfac ifc_xml NULL
qa  qadevOOo\tests\java\mod\_proxyset                    nmake   -   all mod__proxyset ifc_xml NULL
qa  qadevOOo\tests\java\mod\_rdbtdp                      nmake   -   all mod__rdbtdp ifc_xml NULL
qa  qadevOOo\tests\java\mod\_remotebridge                nmake   -   all mod__remotebridge ifc_xml NULL
qa  qadevOOo\tests\java\mod\_sc                          nmake   -   all mod__sc ifc_xml NULL
qa  qadevOOo\tests\java\mod\_sch                         nmake   -   all mod__sch ifc_xml NULL
qa  qadevOOo\tests\java\mod\_sd                          nmake   -   all mod__sd ifc_xml NULL
qa  qadevOOo\tests\java\mod\_sfx                         nmake   -   all mod__sfx ifc_xml NULL
qa  qadevOOo\tests\java\mod\_simreg                      nmake   -   all mod__simreg ifc_xml NULL
qa  qadevOOo\tests\java\mod\_sm                          nmake   -   all mod__sm ifc_xml NULL
qa  qadevOOo\tests\java\mod\_smgr                        nmake   -   all mod__smgr ifc_xml NULL
qa  qadevOOo\tests\java\mod\_smplmail                    nmake   -   all mod__smplmail ifc_xml NULL
qa  qadevOOo\tests\java\mod\_srtrs                       nmake   -   all mod__srtrs ifc_xml NULL
qa  qadevOOo\tests\java\mod\_stm                         nmake   -   all mod__stm ifc_xml NULL
qa  qadevOOo\tests\java\mod\_svtools                     nmake   -   all mod__svtools ifc_xml NULL
qa  qadevOOo\tests\java\mod\_svx                         nmake   -   all mod__svx ifc_xml NULL
qa  qadevOOo\tests\java\mod\_sw                          nmake   -   all mod__sw ifc_xml NULL
qa  qadevOOo\tests\java\mod\_sysdtrans                   nmake   -   all mod__sysdtrans ifc_xml NULL
qa  qadevOOo\tests\java\mod\_syssh                       nmake   -   all mod__syssh ifc_xml NULL
qa  qadevOOo\tests\java\mod\_tcv                         nmake   -   all mod__tcv ifc_xml NULL
qa  qadevOOo\tests\java\mod\_tdmgr                       nmake   -   all mod__tdmgr ifc_xml NULL
qa  qadevOOo\tests\java\mod\_text                        nmake   -   all mod__text ifc_xml NULL
qa  qadevOOo\tests\java\mod\_toolkit                     nmake   -   all mod__toolkit ifc_xml NULL
qa  qadevOOo\tests\java\mod\_ucb                         nmake   -   all mod__ucb ifc_xml NULL
qa  qadevOOo\tests\java\mod\_ucpdav                      nmake   -   all mod__ucpdav ifc_xml NULL
qa  qadevOOo\tests\java\mod\_ucpfile                     nmake   -   all mod__ucpfile ifc_xml NULL
qa  qadevOOo\tests\java\mod\_ucphier                     nmake   -   all mod__ucphier ifc_xml NULL
qa  qadevOOo\tests\java\mod\_ucppkg                      nmake   -   all mod__ucppkg ifc_xml NULL
qa  qadevOOo\tests\java\mod\_ucprmt                      nmake   -   all mod__ucprmt ifc_xml NULL
qa  qadevOOo\tests\java\mod\_uui                         nmake   -   all mod__uui ifc_xml NULL
qa  qadevOOo\tests\java\mod\_uuresolver                  nmake   -   all mod__uuresolver ifc_xml NULL
qa  qadevOOo\tests\java\mod\_xmloff\Chart                nmake   -   all mod__xmloff_Chart ifc_xml NULL
qa  qadevOOo\tests\java\mod\_xmloff\Draw                 nmake   -   all mod__xmloff_Draw ifc_xml NULL
qa  qadevOOo\tests\java\mod\_xmloff\Impress              nmake   -   all mod__xmloff_Impress ifc_xml NULL
