mkdir: %COMMON_DEST%\bin%_EXT%\hid
mkdir: %_DEST%\xml%_EXT%\uiconfig
mkdir: %_DEST%\xml%_EXT%\uiconfig\modules
mkdir: %_DEST%\xml%_EXT%\uiconfig\modules\smath
mkdir: %_DEST%\xml%_EXT%\uiconfig\modules\smath\menubar
mkdir: %_DEST%\xml%_EXT%\uiconfig\modules\smath\toolbar
mkdir: %_DEST%\xml%_EXT%\uiconfig\modules\smath\statusbar

..\%COMMON_OUTDIR%\misc\*.hid %COMMON_DEST%\bin%_EXT%\hid\*.hid
..\%__SRC%\lib\lib*.* %_DEST%\lib%_EXT%\lib*.*
..\%__SRC%\misc\*.map %_DEST%\bin%_EXT%\*.map
..\xml\*.xml %_DEST%\xml%_EXT%\*.xml
..\%__SRC%\bin\sm?????.dll %_DEST%\bin%_EXT%\sm?????.dll
..\%__SRC%\bin\smd?????.dll %_DEST%\bin%_EXT%\smd?????.dll
..\%__SRC%\bin\sm*.res %_DEST%\bin%_EXT%\sm*.res
..\%__SRC%\bin\sm?????.sym %_DEST%\bin%_EXT%\sm?????.sym
mkdir: %_DEST%\inc%_EXT%\starmath

..\uiconfig\smath\menubar\*.xml %_DEST%\xml%_EXT%\uiconfig\modules\smath\menubar\*.xml
..\uiconfig\smath\toolbar\*.xml %_DEST%\xml%_EXT%\uiconfig\modules\smath\toolbar\*.xml
..\uiconfig\smath\statusbar\*.xml %_DEST%\xml%_EXT%\uiconfig\modules\smath\statusbar\*.xml
..\%__SRC%\misc\sm.component %_DEST%\xml%_EXT%\sm.component
..\%__SRC%\misc\smd.component %_DEST%\xml%_EXT%\smd.component
