[checkboxes]
savingorsendingdocuments=checked
signingdocuments=unchecked
printingdocuments=checked
creatingpdffiles=checked
removepersonalinformationonsaving=checked
recommendpasswordprotectiononsaving=checked
recommendtoopendocumentreadonly=unchecked
recordchanges=unchecked

[pushbuttons]
macrosecurity=
protect=
