fontscale=80%
iconscale=3
iconstyle=3
fontantialiasing=unchecked
aapixel=5
state_aapixel=disabled
iconsinmenueanzeigen=2
inaktivemenueeintraege=unchecked
vorschauinschriftlisten=unchecked
schriftenhistorie=unchecked
dokumentansicht=unchecked
geoeffnetedokumente=checked
opengl=checked
UseHardwareAcceleration=checked
useantialiasing=unchecked
mousepositioning=2
mausaktion=1
transparency=unchecked
selectionopacity=10%

