mkdir: %_DEST%\inc%_EXT%\toolkit
mkdir: %_DEST%\inc%_EXT%\toolkit\helper
mkdir: %_DEST%\inc%_EXT%\toolkit\awt
mkdir: %_DEST%\inc%_EXT%\toolkit\controls

..\%__SRC%\lib\itk.lib %_DEST%\lib%_EXT%\itk.lib
..\%__SRC%\lib\*.so %_DEST%\lib%_EXT%\*.so
..\%__SRC%\lib\*.sl %_DEST%\lib%_EXT%\*.sl
..\%__SRC%\lib\*.a %_DEST%\lib%_EXT%\*.a
..\%__SRC%\lib\*.dylib %_DEST%\lib%_EXT%\*.dylib
..\%__SRC%\bin\tk%UPD%??.res %_DEST%\bin%_EXT%\tk%upd%??.res
..\%__SRC%\bin\tk%upd%??.sym %_DEST%\bin%_EXT%\tk?????.sym
..\%__SRC%\bin\tk%upd%??.dll %_DEST%\bin%_EXT%\tk?????.dll
..\%__SRC%\misc\tk%upd%??.map %_DEST%\bin%_EXT%\tk?????.map

hedabu: ..\inc\toolkit\awt\vclxcontainer.hxx %_DEST%\inc%_EXT%\toolkit\awt\vclxcontainer.hxx
hedabu: ..\inc\toolkit\awt\vclxdevice.hxx %_DEST%\inc%_EXT%\toolkit\awt\vclxdevice.hxx
hedabu: ..\inc\toolkit\awt\vclxtoolkit.hxx %_DEST%\inc%_EXT%\toolkit\awt\vclxtoolkit.hxx
hedabu: ..\inc\toolkit\awt\vclxtopwindow.hxx %_DEST%\inc%_EXT%\toolkit\awt\vclxtopwindow.hxx
hedabu: ..\inc\toolkit\awt\vclxwindow.hxx %_DEST%\inc%_EXT%\toolkit\awt\vclxwindow.hxx
hedabu: ..\inc\toolkit\awt\vclxwindows.hxx %_DEST%\inc%_EXT%\toolkit\awt\vclxwindows.hxx

hedabu: ..\inc\toolkit\controls\unocontrol.hxx %_DEST%\inc%_EXT%\toolkit\controls\unocontrol.hxx

hedabu: ..\inc\toolkit\helper\emptyfontdescriptor.hxx %_DEST%\inc%_EXT%\toolkit\helper\emptyfontdescriptor.hxx
hedabu: ..\inc\toolkit\helper\vclunohelper.hxx %_DEST%\inc%_EXT%\toolkit\helper\vclunohelper.hxx
hedabu: ..\inc\toolkit\helper\convert.hxx %_DEST%\inc%_EXT%\toolkit\helper\convert.hxx
hedabu: ..\inc\toolkit\helper\property.hxx %_DEST%\inc%_EXT%\toolkit\helper\property.hxx
hedabu: ..\inc\toolkit\helper\macros.hxx %_DEST%\inc%_EXT%\toolkit\helper\macros.hxx
hedabu: ..\inc\toolkit\helper\mutexhelper.hxx %_DEST%\inc%_EXT%\toolkit\helper\mutexhelper.hxx
hedabu: ..\inc\toolkit\helper\mutexandbroadcasthelper.hxx %_DEST%\inc%_EXT%\toolkit\helper\mutexandbroadcasthelper.hxx
hedabu: ..\inc\toolkit\helper\listenermultiplexer.hxx %_DEST%\inc%_EXT%\toolkit\helper\listenermultiplexer.hxx
hedabu: ..\inc\toolkit\helper\unowrapper.hxx %_DEST%\inc%_EXT%\toolkit\helper\unowrapper.hxx

hedabu: ..\inc\toolkit\helper\vclunohelper.hxx %_DEST%\inc%_EXT%\toolkit\unohlp.hxx


..\%__SRC%\lib\lib*static*.dylib %_DEST%\lib%_EXT%\lib*static*.dylib
..\%__SRC%\misc\*staticdatamembers.cxx %_DEST%\inc%_EXT%\*staticdatamembers.cxx
..\%__SRC%\misc\*staticdatamembers.hxx %_DEST%\inc%_EXT%\*staticdatamembers.hxx

dos: sh -c "if test %OS% = MACOSX; then create-bundle %_DEST%\lib%_EXT%\*.dylib; fi"
dos: sh -c "if test dos: sh -c "if test %OS% = MACOSX; then create-libstatic-link %_DEST%\lib%_EXT%; fi"
