mkdir: %COMMON_DEST%\bin%_EXT%\hid
mkdir: %_DEST%\inc%_EXT%\framework
mkdir: %_DEST%\xml%_EXT%\uiconfig
mkdir: %_DEST%\xml%_EXT%\uiconfig\modules
mkdir: %_DEST%\xml%_EXT%\uiconfig\modules\StartModule
mkdir: %_DEST%\xml%_EXT%\uiconfig\modules\StartModule\menubar
mkdir: %_DEST%\xml%_EXT%\uiconfig\modules\StartModule\toolbar
mkdir: %_DEST%\xml%_EXT%\uiconfig\modules\StartModule\statusbar

..\%COMMON_OUTDIR%\misc\*.hid %COMMON_DEST%\bin%_EXT%\hid\*.hid
..\%__SRC%\bin\*.res %_DEST%\bin%_EXT%\*
..\%__SRC%\bin\*.dll %_DEST%\bin%_EXT%\*
..\%__SRC%\bin\*.exe %_DEST%\bin%_EXT%\*
..\%__SRC%\bin\login %_DEST%\bin%_EXT%\login.bin
..\%__SRC%\lib\lib*.so %_DEST%\lib%_EXT%
..\%__SRC%\lib\lib*.dylib %_DEST%\lib%_EXT%

..\dtd\menubar.dtd %_DEST%\bin%_EXT%\menubar.dtd
..\dtd\toolbar.dtd %_DEST%\bin%_EXT%\toolbar.dtd
..\dtd\statusbar.dtd %_DEST%\bin%_EXT%\statusbar.dtd
..\dtd\event.dtd %_DEST%\bin%_EXT%\event.dtd
..\dtd\accelerator.dtd %_DEST%\bin%_EXT%\accelerator.dtd
..\dtd\image.dtd %_DEST%\bin%_EXT%\image.dtd
..\dtd\groupuinames.dtd %_DEST%\bin%_EXT%\groupuinames.dtd

..\%__SRC%\lib\ifwe.lib %_DEST%\lib%_EXT%\ifwe.lib
..\%__SRC%\lib\ifwi.lib %_DEST%\lib%_EXT%\ifwi.lib
..\inc\framework/*.h %_DEST%\inc%_EXT%\framework\*.h
..\inc\framework/*.hxx %_DEST%\inc%_EXT%\framework\*.hxx

..\uiconfig\startmodule\menubar\*.xml %_DEST%\xml%_EXT%\uiconfig\modules\StartModule\menubar\*.xml
..\uiconfig\startmodule\toolbar\*.xml %_DEST%\xml%_EXT%\uiconfig\modules\StartModule\toolbar\*.xml
..\uiconfig\startmodule\statusbar\*.xml %_DEST%\xml%_EXT%\uiconfig\modules\StartModule\statusbar\*.xml

..\source\unotypes\fw?.xml %_DEST%\xml%_EXT%\*.xml

..\%__SRC%\misc\fwk.component %_DEST%\xml%_EXT%\fwk.component
..\%__SRC%\misc\fwl.component %_DEST%\xml%_EXT%\fwl.component
..\%__SRC%\misc\fwm.component %_DEST%\xml%_EXT%\fwm.component

