mkdir: %_DEST%\inc%_EXT%\boost

..\%__SRC%\misc\build\boost-1.30.2\boost\rational.hpp %_DEST%\inc%_EXT%\boost\rational.hpp
..\%__SRC%\misc\build\boost-1.30.2\boost\operators.hpp %_DEST%\inc%_EXT%\boost\operators.hpp
..\%__SRC%\misc\build\boost-1.30.2\boost\tokenizer.hpp %_DEST%\inc%_EXT%\boost\tokenizer.hpp
..\%__SRC%\misc\build\boost-1.30.2\boost\token_iterator.hpp %_DEST%\inc%_EXT%\boost\token_iterator.hpp
..\%__SRC%\misc\build\boost-1.30.2\boost\token_functions.hpp %_DEST%\inc%_EXT%\boost\token_functions.hpp
..\%__SRC%\misc\build\boost-1.30.2\boost\enable_shared_from_this.hpp %_DEST%\inc%_EXT%\boost\enable_shared_from_this.hpp
..\%__SRC%\misc\build\boost-1.30.2\boost\array.hpp %_DEST%\inc%_EXT%\boost\array.hpp

..\%__SRC%\misc\build\boost-1.30.2\boost\cast.hpp %_DEST%\inc%_EXT%\boost\cast.hpp
..\%__SRC%\misc\build\boost-1.30.2\boost\enable_shared_from_this.hpp %_DEST%\inc%_EXT%\boost\enable_shared_from_this.hpp

..\%__SRC%\misc\build\boost-1.30.2\boost\function.hpp %_DEST%\inc%_EXT%\boost\function.hpp
mkdir: %_DEST%\inc%_EXT%\boost\function
..\%__SRC%\misc\build\boost-1.30.2\boost\function\*.*pp %_DEST%\inc%_EXT%\boost\function\*.*pp
mkdir: %_DEST%\inc%_EXT%\boost\function\detail
..\%__SRC%\misc\build\boost-1.30.2\boost\function\detail\*.*pp %_DEST%\inc%_EXT%\boost\function\detail\*.*pp
mkdir: %_DEST%\inc%_EXT%\boost\pending
..\%__SRC%\misc\build\boost-1.30.2\boost\pending\ct_if.hpp %_DEST%\inc%_EXT%\boost\pending\ct_if.hpp

..\%__SRC%\misc\build\boost-1.30.2\boost\mem_fn.hpp %_DEST%\inc%_EXT%\boost\mem_fn.hpp
..\%__SRC%\misc\build\boost-1.30.2\boost\get_pointer.hpp %_DEST%\inc%_EXT%\boost\get_pointer.hpp
..\%__SRC%\misc\build\boost-1.30.2\boost\bind.hpp %_DEST%\inc%_EXT%\boost\bind.hpp
mkdir: %_DEST%\inc%_EXT%\boost\bind
..\%__SRC%\misc\build\boost-1.30.2\boost\bind\*.*pp %_DEST%\inc%_EXT%\boost\bind\*.*pp

..\%__SRC%\misc\build\spirit-1.6.1\miniboost\boost\*.*pp %_DEST%\inc%_EXT%\boost\*.*pp

mkdir: %_DEST%\inc%_EXT%\boost\config
..\%__SRC%\misc\build\spirit-1.6.1\miniboost\boost\config\*.*pp %_DEST%\inc%_EXT%\boost\config\*.*pp
mkdir: %_DEST%\inc%_EXT%\boost\config\compiler
..\%__SRC%\misc\build\spirit-1.6.1\miniboost\boost\config\compiler\*.*pp %_DEST%\inc%_EXT%\boost\config\compiler\*.*pp
mkdir: %_DEST%\inc%_EXT%\boost\config\platform
..\%__SRC%\misc\build\spirit-1.6.1\miniboost\boost\config\platform\*.*pp %_DEST%\inc%_EXT%\boost\config\platform\*.*pp
mkdir: %_DEST%\inc%_EXT%\boost\config\stdlib
..\%__SRC%\misc\build\spirit-1.6.1\miniboost\boost\config\stdlib\*.*pp %_DEST%\inc%_EXT%\boost\config\stdlib\*.*pp

mkdir: %_DEST%\inc%_EXT%\boost\detail
..\%__SRC%\misc\build\spirit-1.6.1\miniboost\boost\detail\*.*pp %_DEST%\inc%_EXT%\boost\detail\*.*pp

mkdir: %_DEST%\inc%_EXT%\boost\mpl
..\%__SRC%\misc\build\spirit-1.6.1\miniboost\boost\mpl\*.*pp %_DEST%\inc%_EXT%\boost\mpl\*.*pp
mkdir: %_DEST%\inc%_EXT%\boost\mpl\aux_
..\%__SRC%\misc\build\spirit-1.6.1\miniboost\boost\mpl\aux_\*.*pp %_DEST%\inc%_EXT%\boost\mpl\aux_\*.*pp
mkdir: %_DEST%\inc%_EXT%\boost\mpl\aux_\config
..\%__SRC%\misc\build\spirit-1.6.1\miniboost\boost\mpl\aux_\config\*.*pp %_DEST%\inc%_EXT%\boost\mpl\aux_\config\*.*pp
mkdir: %_DEST%\inc%_EXT%\boost\mpl\aux_\preprocessed
..\%__SRC%\misc\build\spirit-1.6.1\miniboost\boost\mpl\aux_\preprocessed\*.*pp %_DEST%\inc%_EXT%\boost\mpl\aux_\preprocessed\*.*pp
mkdir: %_DEST%\inc%_EXT%\boost\mpl\aux_\preprocessed\bcc
..\%__SRC%\misc\build\spirit-1.6.1\miniboost\boost\mpl\aux_\preprocessed\bcc\*.*pp %_DEST%\inc%_EXT%\boost\mpl\aux_\preprocessed\bcc\*.*pp
mkdir: %_DEST%\inc%_EXT%\boost\mpl\aux_\preprocessed\bcc551
..\%__SRC%\misc\build\spirit-1.6.1\miniboost\boost\mpl\aux_\preprocessed\bcc551\*.*pp %_DEST%\inc%_EXT%\boost\mpl\aux_\preprocessed\bcc551\*.*pp
mkdir: %_DEST%\inc%_EXT%\boost\mpl\aux_\preprocessed\gcc
..\%__SRC%\misc\build\spirit-1.6.1\miniboost\boost\mpl\aux_\preprocessed\gcc\*.*pp %_DEST%\inc%_EXT%\boost\mpl\aux_\preprocessed\gcc\*.*pp
mkdir: %_DEST%\inc%_EXT%\boost\mpl\aux_\preprocessed\msvc60
..\%__SRC%\misc\build\spirit-1.6.1\miniboost\boost\mpl\aux_\preprocessed\msvc60\*.*pp %_DEST%\inc%_EXT%\boost\mpl\aux_\preprocessed\msvc60\*.*pp
mkdir: %_DEST%\inc%_EXT%\boost\mpl\aux_\preprocessed\msvc70
..\%__SRC%\misc\build\spirit-1.6.1\miniboost\boost\mpl\aux_\preprocessed\msvc70\*.*pp %_DEST%\inc%_EXT%\boost\mpl\aux_\preprocessed\msvc70\*.*pp
mkdir: %_DEST%\inc%_EXT%\boost\mpl\aux_\preprocessed\mwcw
..\%__SRC%\misc\build\spirit-1.6.1\miniboost\boost\mpl\aux_\preprocessed\mwcw\*.*pp %_DEST%\inc%_EXT%\boost\mpl\aux_\preprocessed\mwcw\*.*pp
mkdir: %_DEST%\inc%_EXT%\boost\mpl\aux_\preprocessed\no_ctps
..\%__SRC%\misc\build\spirit-1.6.1\miniboost\boost\mpl\aux_\preprocessed\no_ctps\*.*pp %_DEST%\inc%_EXT%\boost\mpl\aux_\preprocessed\no_ctps\*.*pp
mkdir: %_DEST%\inc%_EXT%\boost\mpl\aux_\preprocessed\no_ttp
..\%__SRC%\misc\build\spirit-1.6.1\miniboost\boost\mpl\aux_\preprocessed\no_ttp\*.*pp %_DEST%\inc%_EXT%\boost\mpl\aux_\preprocessed\no_ttp\*.*pp
mkdir: %_DEST%\inc%_EXT%\boost\mpl\aux_\preprocessed\plain
..\%__SRC%\misc\build\spirit-1.6.1\miniboost\boost\mpl\aux_\preprocessed\plain\*.*pp %_DEST%\inc%_EXT%\boost\mpl\aux_\preprocessed\plain\*.*pp
mkdir: %_DEST%\inc%_EXT%\boost\mpl\aux_\preprocessor
..\%__SRC%\misc\build\spirit-1.6.1\miniboost\boost\mpl\aux_\preprocessor\*.*pp %_DEST%\inc%_EXT%\boost\mpl\aux_\preprocessor\*.*pp
mkdir: %_DEST%\inc%_EXT%\boost\mpl\aux_\range_c
..\%__SRC%\misc\build\spirit-1.6.1\miniboost\boost\mpl\aux_\range_c\*.*pp %_DEST%\inc%_EXT%\boost\mpl\aux_\range_c\*.*pp
mkdir: %_DEST%\inc%_EXT%\boost\mpl\limits
..\%__SRC%\misc\build\spirit-1.6.1\miniboost\boost\mpl\limits\*.*pp %_DEST%\inc%_EXT%\boost\mpl\limits\*.*pp
mkdir: %_DEST%\inc%_EXT%\boost\mpl\list
..\%__SRC%\misc\build\spirit-1.6.1\miniboost\boost\mpl\list\*.*pp %_DEST%\inc%_EXT%\boost\mpl\list\*.*pp
mkdir: %_DEST%\inc%_EXT%\boost\mpl\list\aux_
..\%__SRC%\misc\build\spirit-1.6.1\miniboost\boost\mpl\list\aux_\*.*pp %_DEST%\inc%_EXT%\boost\mpl\list\aux_\*.*pp
mkdir: %_DEST%\inc%_EXT%\boost\mpl\list\aux_\preprocessed
..\%__SRC%\misc\build\spirit-1.6.1\miniboost\boost\mpl\list\aux_\preprocessed\*.*pp %_DEST%\inc%_EXT%\boost\mpl\list\aux_\preprocessed\*.*pp
mkdir: %_DEST%\inc%_EXT%\boost\mpl\list\aux_\preprocessed\plain
..\%__SRC%\misc\build\spirit-1.6.1\miniboost\boost\mpl\list\aux_\preprocessed\plain\*.*pp %_DEST%\inc%_EXT%\boost\mpl\list\aux_\preprocessed\plain\*.*pp
mkdir: %_DEST%\inc%_EXT%\boost\mpl\math
..\%__SRC%\misc\build\spirit-1.6.1\miniboost\boost\mpl\math\*.*pp %_DEST%\inc%_EXT%\boost\mpl\math\*.*pp
mkdir: %_DEST%\inc%_EXT%\boost\mpl\vector
..\%__SRC%\misc\build\spirit-1.6.1\miniboost\boost\mpl\vector\*.*pp %_DEST%\inc%_EXT%\boost\mpl\vector\*.*pp
mkdir: %_DEST%\inc%_EXT%\boost\mpl\vector\aux_
..\%__SRC%\misc\build\spirit-1.6.1\miniboost\boost\mpl\vector\aux_\*.*pp %_DEST%\inc%_EXT%\boost\mpl\vector\aux_\*.*pp
mkdir: %_DEST%\inc%_EXT%\boost\mpl\vector\aux_\preprocessed
..\%__SRC%\misc\build\spirit-1.6.1\miniboost\boost\mpl\vector\aux_\preprocessed\*.*pp %_DEST%\inc%_EXT%\boost\mpl\vector\aux_\preprocessed\*.*pp
mkdir: %_DEST%\inc%_EXT%\boost\mpl\vector\aux_\preprocessed\no_ctps
..\%__SRC%\misc\build\spirit-1.6.1\miniboost\boost\mpl\vector\aux_\preprocessed\no_ctps\*.*pp %_DEST%\inc%_EXT%\boost\mpl\vector\aux_\preprocessed\no_ctps\*.*pp
mkdir: %_DEST%\inc%_EXT%\boost\mpl\vector\aux_\preprocessed\plain
..\%__SRC%\misc\build\spirit-1.6.1\miniboost\boost\mpl\vector\aux_\preprocessed\plain\*.*pp %_DEST%\inc%_EXT%\boost\mpl\vector\aux_\preprocessed\plain\*.*pp
mkdir: %_DEST%\inc%_EXT%\boost\mpl\vector\aux_\preprocessed\typeof_based
..\%__SRC%\misc\build\spirit-1.6.1\miniboost\boost\mpl\vector\aux_\preprocessed\typeof_based\*.*pp %_DEST%\inc%_EXT%\boost\mpl\vector\aux_\preprocessed\typeof_based\*.*pp

mkdir: %_DEST%\inc%_EXT%\boost\preprocessor
..\%__SRC%\misc\build\spirit-1.6.1\miniboost\boost\preprocessor\*.*pp %_DEST%\inc%_EXT%\boost\preprocessor\*.*pp
mkdir: %_DEST%\inc%_EXT%\boost\preprocessor\arithmetic
..\%__SRC%\misc\build\spirit-1.6.1\miniboost\boost\preprocessor\arithmetic\*.*pp %_DEST%\inc%_EXT%\boost\preprocessor\arithmetic\*.*pp
mkdir: %_DEST%\inc%_EXT%\boost\preprocessor\arithmetic\detail
..\%__SRC%\misc\build\spirit-1.6.1\miniboost\boost\preprocessor\arithmetic\detail\*.*pp %_DEST%\inc%_EXT%\boost\preprocessor\arithmetic\detail\*.*pp
mkdir: %_DEST%\inc%_EXT%\boost\preprocessor\array
..\%__SRC%\misc\build\spirit-1.6.1\miniboost\boost\preprocessor\array\*.*pp %_DEST%\inc%_EXT%\boost\preprocessor\array\*.*pp
mkdir: %_DEST%\inc%_EXT%\boost\preprocessor\comparison
..\%__SRC%\misc\build\spirit-1.6.1\miniboost\boost\preprocessor\comparison\*.*pp %_DEST%\inc%_EXT%\boost\preprocessor\comparison\*.*pp
mkdir: %_DEST%\inc%_EXT%\boost\preprocessor\config
..\%__SRC%\misc\build\spirit-1.6.1\miniboost\boost\preprocessor\config\*.*pp %_DEST%\inc%_EXT%\boost\preprocessor\config\*.*pp
mkdir: %_DEST%\inc%_EXT%\boost\preprocessor\control
..\%__SRC%\misc\build\spirit-1.6.1\miniboost\boost\preprocessor\control\*.*pp %_DEST%\inc%_EXT%\boost\preprocessor\control\*.*pp
mkdir: %_DEST%\inc%_EXT%\boost\preprocessor\control\detail
..\%__SRC%\misc\build\spirit-1.6.1\miniboost\boost\preprocessor\control\detail\*.*pp %_DEST%\inc%_EXT%\boost\preprocessor\control\detail\*.*pp
mkdir: %_DEST%\inc%_EXT%\boost\preprocessor\control\detail\edg
..\%__SRC%\misc\build\spirit-1.6.1\miniboost\boost\preprocessor\control\detail\edg\*.*pp %_DEST%\inc%_EXT%\boost\preprocessor\control\detail\edg\*.*pp
mkdir: %_DEST%\inc%_EXT%\boost\preprocessor\control\detail\msvc
..\%__SRC%\misc\build\spirit-1.6.1\miniboost\boost\preprocessor\control\detail\msvc\*.*pp %_DEST%\inc%_EXT%\boost\preprocessor\control\detail\msvc\*.*pp
mkdir: %_DEST%\inc%_EXT%\boost\preprocessor\debug
..\%__SRC%\misc\build\spirit-1.6.1\miniboost\boost\preprocessor\debug\*.*pp %_DEST%\inc%_EXT%\boost\preprocessor\debug\*.*pp
mkdir: %_DEST%\inc%_EXT%\boost\preprocessor\detail
..\%__SRC%\misc\build\spirit-1.6.1\miniboost\boost\preprocessor\detail\*.*pp %_DEST%\inc%_EXT%\boost\preprocessor\detail\*.*pp
mkdir: %_DEST%\inc%_EXT%\boost\preprocessor\facilities
..\%__SRC%\misc\build\spirit-1.6.1\miniboost\boost\preprocessor\facilities\*.*pp %_DEST%\inc%_EXT%\boost\preprocessor\facilities\*.*pp
mkdir: %_DEST%\inc%_EXT%\boost\preprocessor\iteration
..\%__SRC%\misc\build\spirit-1.6.1\miniboost\boost\preprocessor\iteration\*.*pp %_DEST%\inc%_EXT%\boost\preprocessor\iteration\*.*pp
mkdir: %_DEST%\inc%_EXT%\boost\preprocessor\iteration\detail
..\%__SRC%\misc\build\spirit-1.6.1\miniboost\boost\preprocessor\iteration\detail\*.*pp %_DEST%\inc%_EXT%\boost\preprocessor\iteration\detail\*.*pp
mkdir: %_DEST%\inc%_EXT%\boost\preprocessor\iteration\detail\bounds
..\%__SRC%\misc\build\spirit-1.6.1\miniboost\boost\preprocessor\iteration\detail\bounds\*.*pp %_DEST%\inc%_EXT%\boost\preprocessor\iteration\detail\bounds\*.*pp
mkdir: %_DEST%\inc%_EXT%\boost\preprocessor\iteration\detail\iter
..\%__SRC%\misc\build\spirit-1.6.1\miniboost\boost\preprocessor\iteration\detail\iter\*.*pp %_DEST%\inc%_EXT%\boost\preprocessor\iteration\detail\iter\*.*pp
mkdir: %_DEST%\inc%_EXT%\boost\preprocessor\list
..\%__SRC%\misc\build\spirit-1.6.1\miniboost\boost\preprocessor\list\*.*pp %_DEST%\inc%_EXT%\boost\preprocessor\list\*.*pp
mkdir: %_DEST%\inc%_EXT%\boost\preprocessor\list\detail
..\%__SRC%\misc\build\spirit-1.6.1\miniboost\boost\preprocessor\list\detail\*.*pp %_DEST%\inc%_EXT%\boost\preprocessor\list\detail\*.*pp
mkdir: %_DEST%\inc%_EXT%\boost\preprocessor\list\detail\edg
..\%__SRC%\misc\build\spirit-1.6.1\miniboost\boost\preprocessor\list\detail\edg\*.*pp %_DEST%\inc%_EXT%\boost\preprocessor\list\detail\edg\*.*pp
mkdir: %_DEST%\inc%_EXT%\boost\preprocessor\logical
..\%__SRC%\misc\build\spirit-1.6.1\miniboost\boost\preprocessor\logical\*.*pp %_DEST%\inc%_EXT%\boost\preprocessor\logical\*.*pp
mkdir: %_DEST%\inc%_EXT%\boost\preprocessor\punctuation
..\%__SRC%\misc\build\spirit-1.6.1\miniboost\boost\preprocessor\punctuation\*.*pp %_DEST%\inc%_EXT%\boost\preprocessor\punctuation\*.*pp
mkdir: %_DEST%\inc%_EXT%\boost\preprocessor\repetition
..\%__SRC%\misc\build\spirit-1.6.1\miniboost\boost\preprocessor\repetition\*.*pp %_DEST%\inc%_EXT%\boost\preprocessor\repetition\*.*pp
mkdir: %_DEST%\inc%_EXT%\boost\preprocessor\repetition\detail
..\%__SRC%\misc\build\spirit-1.6.1\miniboost\boost\preprocessor\repetition\detail\*.*pp %_DEST%\inc%_EXT%\boost\preprocessor\repetition\detail\*.*pp
mkdir: %_DEST%\inc%_EXT%\boost\preprocessor\repetition\detail\edg
..\%__SRC%\misc\build\spirit-1.6.1\miniboost\boost\preprocessor\repetition\detail\edg\*.*pp %_DEST%\inc%_EXT%\boost\preprocessor\repetition\detail\edg\*.*pp
mkdir: %_DEST%\inc%_EXT%\boost\preprocessor\repetition\detail\msvc
..\%__SRC%\misc\build\spirit-1.6.1\miniboost\boost\preprocessor\repetition\detail\msvc\*.*pp %_DEST%\inc%_EXT%\boost\preprocessor\repetition\detail\msvc\*.*pp
mkdir: %_DEST%\inc%_EXT%\boost\preprocessor\selection
..\%__SRC%\misc\build\spirit-1.6.1\miniboost\boost\preprocessor\selection\*.*pp %_DEST%\inc%_EXT%\boost\preprocessor\selection\*.*pp
mkdir: %_DEST%\inc%_EXT%\boost\preprocessor\seq
..\%__SRC%\misc\build\spirit-1.6.1\miniboost\boost\preprocessor\seq\*.*pp %_DEST%\inc%_EXT%\boost\preprocessor\seq\*.*pp
mkdir: %_DEST%\inc%_EXT%\boost\preprocessor\seq\detail
..\%__SRC%\misc\build\spirit-1.6.1\miniboost\boost\preprocessor\seq\detail\*.*pp %_DEST%\inc%_EXT%\boost\preprocessor\seq\detail\*.*pp
mkdir: %_DEST%\inc%_EXT%\boost\preprocessor\slot
..\%__SRC%\misc\build\spirit-1.6.1\miniboost\boost\preprocessor\slot\*.*pp %_DEST%\inc%_EXT%\boost\preprocessor\slot\*.*pp
mkdir: %_DEST%\inc%_EXT%\boost\preprocessor\slot\detail
..\%__SRC%\misc\build\spirit-1.6.1\miniboost\boost\preprocessor\slot\detail\*.*pp %_DEST%\inc%_EXT%\boost\preprocessor\slot\detail\*.*pp
mkdir: %_DEST%\inc%_EXT%\boost\preprocessor\tuple
..\%__SRC%\misc\build\spirit-1.6.1\miniboost\boost\preprocessor\tuple\*.*pp %_DEST%\inc%_EXT%\boost\preprocessor\tuple\*.*pp

mkdir: %_DEST%\inc%_EXT%\boost\type_traits
..\%__SRC%\misc\build\spirit-1.6.1\miniboost\boost\type_traits\*.*pp %_DEST%\inc%_EXT%\boost\type_traits\*.*pp
mkdir: %_DEST%\inc%_EXT%\boost\type_traits\detail
..\%__SRC%\misc\build\spirit-1.6.1\miniboost\boost\type_traits\detail\*.*pp %_DEST%\inc%_EXT%\boost\type_traits\detail\*.*pp

mkdir: %_DEST%\inc%_EXT%\boost\utility
..\%__SRC%\misc\build\spirit-1.6.1\miniboost\boost\utility\*.*pp %_DEST%\inc%_EXT%\boost\utility\*.*pp


..\%__SRC%\misc\build\spirit-1.6.1\boost\*.*pp %_DEST%\inc%_EXT%\boost\*.*pp
mkdir: %_DEST%\inc%_EXT%\boost\spirit
..\%__SRC%\misc\build\spirit-1.6.1\boost\spirit\*.*pp %_DEST%\inc%_EXT%\boost\spirit\*.*pp

mkdir: %_DEST%\inc%_EXT%\boost\spirit\attribute
..\%__SRC%\misc\build\spirit-1.6.1\boost\spirit\attribute\*.*pp %_DEST%\inc%_EXT%\boost\spirit\attribute\*.*pp

mkdir: %_DEST%\inc%_EXT%\boost\spirit\core
..\%__SRC%\misc\build\spirit-1.6.1\boost\spirit\core\*.*pp %_DEST%\inc%_EXT%\boost\spirit\core\*.*pp
mkdir: %_DEST%\inc%_EXT%\boost\spirit\core\composite
..\%__SRC%\misc\build\spirit-1.6.1\boost\spirit\core\composite\*.*pp %_DEST%\inc%_EXT%\boost\spirit\core\composite\*.*pp
mkdir: %_DEST%\inc%_EXT%\boost\spirit\core\composite\impl
..\%__SRC%\misc\build\spirit-1.6.1\boost\spirit\core\composite\impl\*.*pp %_DEST%\inc%_EXT%\boost\spirit\core\composite\impl\*.*pp
mkdir: %_DEST%\inc%_EXT%\boost\spirit\core\impl
..\%__SRC%\misc\build\spirit-1.6.1\boost\spirit\core\impl\*.*pp %_DEST%\inc%_EXT%\boost\spirit\core\impl\*.*pp
mkdir: %_DEST%\inc%_EXT%\boost\spirit\core\meta
..\%__SRC%\misc\build\spirit-1.6.1\boost\spirit\core\meta\*.*pp %_DEST%\inc%_EXT%\boost\spirit\core\meta\*.*pp
mkdir: %_DEST%\inc%_EXT%\boost\spirit\core\meta\impl
..\%__SRC%\misc\build\spirit-1.6.1\boost\spirit\core\meta\impl\*.*pp %_DEST%\inc%_EXT%\boost\spirit\core\meta\impl\*.*pp
mkdir: %_DEST%\inc%_EXT%\boost\spirit\core\non_terminal
..\%__SRC%\misc\build\spirit-1.6.1\boost\spirit\core\non_terminal\*.*pp %_DEST%\inc%_EXT%\boost\spirit\core\non_terminal\*.*pp
mkdir: %_DEST%\inc%_EXT%\boost\spirit\core\non_terminal\impl
..\%__SRC%\misc\build\spirit-1.6.1\boost\spirit\core\non_terminal\impl\*.*pp %_DEST%\inc%_EXT%\boost\spirit\core\non_terminal\impl\*.*pp
mkdir: %_DEST%\inc%_EXT%\boost\spirit\core\primitives
..\%__SRC%\misc\build\spirit-1.6.1\boost\spirit\core\primitives\*.*pp %_DEST%\inc%_EXT%\boost\spirit\core\primitives\*.*pp
mkdir: %_DEST%\inc%_EXT%\boost\spirit\core\primitives\impl
..\%__SRC%\misc\build\spirit-1.6.1\boost\spirit\core\primitives\impl\*.*pp %_DEST%\inc%_EXT%\boost\spirit\core\primitives\impl\*.*pp
mkdir: %_DEST%\inc%_EXT%\boost\spirit\core\scanner
..\%__SRC%\misc\build\spirit-1.6.1\boost\spirit\core\scanner\*.*pp %_DEST%\inc%_EXT%\boost\spirit\core\scanner\*.*pp
mkdir: %_DEST%\inc%_EXT%\boost\spirit\core\scanner\impl
..\%__SRC%\misc\build\spirit-1.6.1\boost\spirit\core\scanner\impl\*.*pp %_DEST%\inc%_EXT%\boost\spirit\core\scanner\impl\*.*pp

mkdir: %_DEST%\inc%_EXT%\boost\spirit\debug
..\%__SRC%\misc\build\spirit-1.6.1\boost\spirit\debug\*.*pp %_DEST%\inc%_EXT%\boost\spirit\debug\*.*pp
mkdir: %_DEST%\inc%_EXT%\boost\spirit\debug\impl
..\%__SRC%\misc\build\spirit-1.6.1\boost\spirit\debug\impl\*.*pp %_DEST%\inc%_EXT%\boost\spirit\debug\impl\*.*pp

mkdir: %_DEST%\inc%_EXT%\boost\spirit\dynamic
..\%__SRC%\misc\build\spirit-1.6.1\boost\spirit\dynamic\*.*pp %_DEST%\inc%_EXT%\boost\spirit\dynamic\*.*pp
mkdir: %_DEST%\inc%_EXT%\boost\spirit\dynamic\impl
..\%__SRC%\misc\build\spirit-1.6.1\boost\spirit\dynamic\impl\*.*pp %_DEST%\inc%_EXT%\boost\spirit\dynamic\impl\*.*pp

mkdir: %_DEST%\inc%_EXT%\boost\spirit\error_handling
..\%__SRC%\misc\build\spirit-1.6.1\boost\spirit\error_handling\*.*pp %_DEST%\inc%_EXT%\boost\spirit\error_handling\*.*pp
mkdir: %_DEST%\inc%_EXT%\boost\spirit\error_handling\impl
..\%__SRC%\misc\build\spirit-1.6.1\boost\spirit\error_handling\impl\*.*pp %_DEST%\inc%_EXT%\boost\spirit\error_handling\impl\*.*pp

mkdir: %_DEST%\inc%_EXT%\boost\spirit\iterator
..\%__SRC%\misc\build\spirit-1.6.1\boost\spirit\iterator\*.*pp %_DEST%\inc%_EXT%\boost\spirit\iterator\*.*pp
mkdir: %_DEST%\inc%_EXT%\boost\spirit\iterator\impl
..\%__SRC%\misc\build\spirit-1.6.1\boost\spirit\iterator\impl\*.*pp %_DEST%\inc%_EXT%\boost\spirit\iterator\impl\*.*pp

mkdir: %_DEST%\inc%_EXT%\boost\spirit\phoenix
..\%__SRC%\misc\build\spirit-1.6.1\boost\spirit\phoenix\*.*pp %_DEST%\inc%_EXT%\boost\spirit\phoenix\*.*pp

mkdir: %_DEST%\inc%_EXT%\boost\spirit\symbols
..\%__SRC%\misc\build\spirit-1.6.1\boost\spirit\symbols\*.*pp %_DEST%\inc%_EXT%\boost\spirit\symbols\*.*pp
mkdir: %_DEST%\inc%_EXT%\boost\spirit\symbols\impl
..\%__SRC%\misc\build\spirit-1.6.1\boost\spirit\symbols\impl\*.*pp %_DEST%\inc%_EXT%\boost\spirit\symbols\impl\*.*pp

mkdir: %_DEST%\inc%_EXT%\boost\spirit\tree
..\%__SRC%\misc\build\spirit-1.6.1\boost\spirit\tree\*.*pp %_DEST%\inc%_EXT%\boost\spirit\tree\*.*pp
mkdir: %_DEST%\inc%_EXT%\boost\spirit\tree\impl
..\%__SRC%\misc\build\spirit-1.6.1\boost\spirit\tree\impl\*.*pp %_DEST%\inc%_EXT%\boost\spirit\tree\impl\*.*pp

mkdir: %_DEST%\inc%_EXT%\boost\spirit\utility
..\%__SRC%\misc\build\spirit-1.6.1\boost\spirit\utility\*.*pp %_DEST%\inc%_EXT%\boost\spirit\utility\*.*pp
mkdir: %_DEST%\inc%_EXT%\boost\spirit\utility\impl
..\%__SRC%\misc\build\spirit-1.6.1\boost\spirit\utility\impl\*.*pp %_DEST%\inc%_EXT%\boost\spirit\utility\impl\*.*pp
mkdir: %_DEST%\inc%_EXT%\boost\spirit\utility\impl\chset
..\%__SRC%\misc\build\spirit-1.6.1\boost\spirit\utility\impl\chset\*.*pp %_DEST%\inc%_EXT%\boost\spirit\utility\impl\chset\*.*pp

mkdir: %_DEST%\inc%_EXT%\boost\pool
..\%__SRC%\misc\build\boost-1.30.2\boost\pool\*.hpp %_DEST%\inc%_EXT%\boost\pool
mkdir: %_DEST%\inc%_EXT%\boost\pool\detail
..\%__SRC%\misc\build\boost-1.30.2\boost\pool\detail\*.hpp %_DEST%\inc%_EXT%\boost\pool\detail
..\%__SRC%\misc\build\boost-1.30.2\boost\pool\detail\*.inc %_DEST%\inc%_EXT%\boost\pool\detail

mkdir: %_DEST%\inc%_EXT%\boost\tuple
..\%__SRC%\misc\build\boost-1.30.2\boost\tuple\*.hpp %_DEST%\inc%_EXT%\boost\tuple
mkdir: %_DEST%\inc%_EXT%\boost\tuple\detail
..\%__SRC%\misc\build\boost-1.30.2\boost\tuple\detail\*.hpp %_DEST%\inc%_EXT%\boost\tuple\detail

mkdir: %_DEST%\inc%_EXT%\boost\numeric
mkdir: %_DEST%\inc%_EXT%\boost\numeric\conversion
mkdir: %_DEST%\inc%_EXT%\boost\numeric\conversion\detail
mkdir: %_DEST%\inc%_EXT%\boost\numeric\ublas
mkdir: %_DEST%\inc%_EXT%\boost\numeric\ublas\detail
..\%__SRC%\misc\build\boost-1.30.2\boost\numeric\ublas\*.hpp %_DEST%\inc%_EXT%\boost\numeric\ublas\*.hpp

mkdir: %_DEST%\inc%_EXT%\boost\config\no_tr1
mkdir: %_DEST%\inc%_EXT%\boost\optional

..\%__SRC%\misc\build\boost_1_34_1\boost\* %_DEST%\inc%_EXT%\boost
..\%__SRC%\misc\build\boost_1_34_1\boost\function\* %_DEST%\inc%_EXT%\boost\function
..\%__SRC%\misc\build\boost_1_34_1\boost\function\detail\* %_DEST%\inc%_EXT%\boost\function\detail
..\%__SRC%\misc\build\boost_1_34_1\boost\pending\* %_DEST%\inc%_EXT%\boost\pending
..\%__SRC%\misc\build\boost_1_34_1\boost\bind\* %_DEST%\inc%_EXT%\boost\bind
..\%__SRC%\misc\build\boost_1_34_1\boost\config\* %_DEST%\inc%_EXT%\boost\config
..\%__SRC%\misc\build\boost_1_34_1\boost\config\compiler\* %_DEST%\inc%_EXT%\boost\config\compiler
..\%__SRC%\misc\build\boost_1_34_1\boost\config\platform\* %_DEST%\inc%_EXT%\boost\config\platform
..\%__SRC%\misc\build\boost_1_34_1\boost\config\stdlib\* %_DEST%\inc%_EXT%\boost\config\stdlib
..\%__SRC%\misc\build\boost_1_34_1\boost\config\no_tr1\* %_DEST%\inc%_EXT%\boost\config\no_tr1
..\%__SRC%\misc\build\boost_1_34_1\boost\detail\* %_DEST%\inc%_EXT%\boost\detail
mkdir: %_DEST%\inc%_EXT%\boost\iterator
mkdir: %_DEST%\inc%_EXT%\boost\iterator\detail
..\%__SRC%\misc\build\boost_1_34_1\boost\iterator\* %_DEST%\inc%_EXT%\boost\iterator
..\%__SRC%\misc\build\boost_1_34_1\boost\iterator\detail\* %_DEST%\inc%_EXT%\boost\iterator\detail
..\%__SRC%\misc\build\boost_1_34_1\boost\mpl\* %_DEST%\inc%_EXT%\boost\mpl
..\%__SRC%\misc\build\boost_1_34_1\boost\mpl\aux_\* %_DEST%\inc%_EXT%\boost\mpl\aux_
..\%__SRC%\misc\build\boost_1_34_1\boost\mpl\aux_\config\* %_DEST%\inc%_EXT%\boost\mpl\aux_\config
..\%__SRC%\misc\build\boost_1_34_1\boost\mpl\aux_\preprocessed\* %_DEST%\inc%_EXT%\boost\mpl\aux_\preprocessed
..\%__SRC%\misc\build\boost_1_34_1\boost\mpl\aux_\preprocessed\bcc\* %_DEST%\inc%_EXT%\boost\mpl\aux_\preprocessed\bcc
..\%__SRC%\misc\build\boost_1_34_1\boost\mpl\aux_\preprocessed\bcc551\* %_DEST%\inc%_EXT%\boost\mpl\aux_\preprocessed\bcc551
..\%__SRC%\misc\build\boost_1_34_1\boost\mpl\aux_\preprocessed\gcc\* %_DEST%\inc%_EXT%\boost\mpl\aux_\preprocessed\gcc
..\%__SRC%\misc\build\boost_1_34_1\boost\mpl\aux_\preprocessed\msvc60\* %_DEST%\inc%_EXT%\boost\mpl\aux_\preprocessed\msvc60
..\%__SRC%\misc\build\boost_1_34_1\boost\mpl\aux_\preprocessed\msvc70\* %_DEST%\inc%_EXT%\boost\mpl\aux_\preprocessed\msvc70
..\%__SRC%\misc\build\boost_1_34_1\boost\mpl\aux_\preprocessed\mwcw\* %_DEST%\inc%_EXT%\boost\mpl\aux_\preprocessed\mwcw
..\%__SRC%\misc\build\boost_1_34_1\boost\mpl\aux_\preprocessed\no_ctps\* %_DEST%\inc%_EXT%\boost\mpl\aux_\preprocessed\no_ctps
..\%__SRC%\misc\build\boost_1_34_1\boost\mpl\aux_\preprocessed\no_ttp\* %_DEST%\inc%_EXT%\boost\mpl\aux_\preprocessed\no_ttp
..\%__SRC%\misc\build\boost_1_34_1\boost\mpl\aux_\preprocessed\plain\* %_DEST%\inc%_EXT%\boost\mpl\aux_\preprocessed\plain
..\%__SRC%\misc\build\boost_1_34_1\boost\mpl\aux_\preprocessor\* %_DEST%\inc%_EXT%\boost\mpl\aux_\preprocessor
..\%__SRC%\misc\build\boost_1_34_1\boost\mpl\aux_\range_c\* %_DEST%\inc%_EXT%\boost\mpl\aux_\range_c
..\%__SRC%\misc\build\boost_1_34_1\boost\mpl\limits\* %_DEST%\inc%_EXT%\boost\mpl\limits
..\%__SRC%\misc\build\boost_1_34_1\boost\mpl\list\* %_DEST%\inc%_EXT%\boost\mpl\list
..\%__SRC%\misc\build\boost_1_34_1\boost\mpl\list\aux_\* %_DEST%\inc%_EXT%\boost\mpl\list\aux_
..\%__SRC%\misc\build\boost_1_34_1\boost\mpl\list\aux_\preprocessed\* %_DEST%\inc%_EXT%\boost\mpl\list\aux_\preprocessed
..\%__SRC%\misc\build\boost_1_34_1\boost\mpl\list\aux_\preprocessed\plain\* %_DEST%\inc%_EXT%\boost\mpl\list\aux_\preprocessed\plain
..\%__SRC%\misc\build\boost_1_34_1\boost\mpl\math\* %_DEST%\inc%_EXT%\boost\mpl\math
..\%__SRC%\misc\build\boost_1_34_1\boost\mpl\vector\* %_DEST%\inc%_EXT%\boost\mpl\vector
..\%__SRC%\misc\build\boost_1_34_1\boost\mpl\vector\aux_\* %_DEST%\inc%_EXT%\boost\mpl\vector\aux_
..\%__SRC%\misc\build\boost_1_34_1\boost\mpl\vector\aux_\preprocessed\* %_DEST%\inc%_EXT%\boost\mpl\vector\aux_\preprocessed
..\%__SRC%\misc\build\boost_1_34_1\boost\mpl\vector\aux_\preprocessed\no_ctps\* %_DEST%\inc%_EXT%\boost\mpl\vector\aux_\preprocessed\no_ctps
..\%__SRC%\misc\build\boost_1_34_1\boost\mpl\vector\aux_\preprocessed\plain\* %_DEST%\inc%_EXT%\boost\mpl\vector\aux_\preprocessed\plain
..\%__SRC%\misc\build\boost_1_34_1\boost\mpl\vector\aux_\preprocessed\typeof_based\* %_DEST%\inc%_EXT%\boost\mpl\vector\aux_\preprocessed\typeof_based

..\%__SRC%\misc\build\boost_1_34_1\boost\numeric\*.hpp %_DEST%\inc%_EXT%\boost\numeric\*.hpp
..\%__SRC%\misc\build\boost_1_34_1\boost\numeric\conversion\*.hpp %_DEST%\inc%_EXT%\boost\numeric\conversion\*.hpp
..\%__SRC%\misc\build\boost_1_34_1\boost\numeric\conversion\detail\*.hpp %_DEST%\inc%_EXT%\boost\numeric\conversion\detail\*.hpp
..\%__SRC%\misc\build\boost_1_34_1\boost\numeric\ublas\*.hpp %_DEST%\inc%_EXT%\boost\numeric\ublas\*.hpp
..\%__SRC%\misc\build\boost_1_34_1\boost\numeric\ublas\detail\*.hpp %_DEST%\inc%_EXT%\boost\numeric\ublas\detail\*.hpp

..\%__SRC%\misc\build\boost_1_34_1\boost\preprocessor\* %_DEST%\inc%_EXT%\boost\preprocessor
..\%__SRC%\misc\build\boost_1_34_1\boost\preprocessor\arithmetic\* %_DEST%\inc%_EXT%\boost\preprocessor\arithmetic
..\%__SRC%\misc\build\boost_1_34_1\boost\preprocessor\arithmetic\detail\* %_DEST%\inc%_EXT%\boost\preprocessor\arithmetic\detail
..\%__SRC%\misc\build\boost_1_34_1\boost\preprocessor\array\* %_DEST%\inc%_EXT%\boost\preprocessor\array
..\%__SRC%\misc\build\boost_1_34_1\boost\preprocessor\comparison\* %_DEST%\inc%_EXT%\boost\preprocessor\comparison
..\%__SRC%\misc\build\boost_1_34_1\boost\preprocessor\config\* %_DEST%\inc%_EXT%\boost\preprocessor\config
..\%__SRC%\misc\build\boost_1_34_1\boost\preprocessor\control\* %_DEST%\inc%_EXT%\boost\preprocessor\control
..\%__SRC%\misc\build\boost_1_34_1\boost\preprocessor\control\detail\* %_DEST%\inc%_EXT%\boost\preprocessor\control\detail
..\%__SRC%\misc\build\boost_1_34_1\boost\preprocessor\control\detail\edg\* %_DEST%\inc%_EXT%\boost\preprocessor\control\detail\edg
..\%__SRC%\misc\build\boost_1_34_1\boost\preprocessor\control\detail\msvc\* %_DEST%\inc%_EXT%\boost\preprocessor\control\detail\msvc
..\%__SRC%\misc\build\boost_1_34_1\boost\preprocessor\debug\* %_DEST%\inc%_EXT%\boost\preprocessor\debug
..\%__SRC%\misc\build\boost_1_34_1\boost\preprocessor\detail\* %_DEST%\inc%_EXT%\boost\preprocessor\detail
..\%__SRC%\misc\build\boost_1_34_1\boost\preprocessor\facilities\* %_DEST%\inc%_EXT%\boost\preprocessor\facilities
..\%__SRC%\misc\build\boost_1_34_1\boost\preprocessor\iteration\* %_DEST%\inc%_EXT%\boost\preprocessor\iteration
..\%__SRC%\misc\build\boost_1_34_1\boost\preprocessor\iteration\detail\* %_DEST%\inc%_EXT%\boost\preprocessor\iteration\detail
..\%__SRC%\misc\build\boost_1_34_1\boost\preprocessor\iteration\detail\bounds\* %_DEST%\inc%_EXT%\boost\preprocessor\iteration\detail\bounds
..\%__SRC%\misc\build\boost_1_34_1\boost\preprocessor\iteration\detail\iter\* %_DEST%\inc%_EXT%\boost\preprocessor\iteration\detail\iter
..\%__SRC%\misc\build\boost_1_34_1\boost\preprocessor\list\* %_DEST%\inc%_EXT%\boost\preprocessor\list
..\%__SRC%\misc\build\boost_1_34_1\boost\preprocessor\list\detail\* %_DEST%\inc%_EXT%\boost\preprocessor\list\detail
..\%__SRC%\misc\build\boost_1_34_1\boost\preprocessor\list\detail\edg\* %_DEST%\inc%_EXT%\boost\preprocessor\list\detail\edg
..\%__SRC%\misc\build\boost_1_34_1\boost\preprocessor\logical\* %_DEST%\inc%_EXT%\boost\preprocessor\logical
..\%__SRC%\misc\build\boost_1_34_1\boost\preprocessor\punctuation\* %_DEST%\inc%_EXT%\boost\preprocessor\punctuation
..\%__SRC%\misc\build\boost_1_34_1\boost\preprocessor\repetition\* %_DEST%\inc%_EXT%\boost\preprocessor\repetition
..\%__SRC%\misc\build\boost_1_34_1\boost\preprocessor\repetition\detail\* %_DEST%\inc%_EXT%\boost\preprocessor\repetition\detail
..\%__SRC%\misc\build\boost_1_34_1\boost\preprocessor\repetition\detail\edg\* %_DEST%\inc%_EXT%\boost\preprocessor\repetition\detail\edg
..\%__SRC%\misc\build\boost_1_34_1\boost\preprocessor\repetition\detail\msvc\* %_DEST%\inc%_EXT%\boost\preprocessor\repetition\detail\msvc
..\%__SRC%\misc\build\boost_1_34_1\boost\preprocessor\repetition\detail\* %_DEST%\inc%_EXT%\boost\preprocessor\repetition\detail
..\%__SRC%\misc\build\boost_1_34_1\boost\preprocessor\selection\* %_DEST%\inc%_EXT%\boost\preprocessor\selection
..\%__SRC%\misc\build\boost_1_34_1\boost\preprocessor\seq\* %_DEST%\inc%_EXT%\boost\preprocessor\seq
..\%__SRC%\misc\build\boost_1_34_1\boost\preprocessor\seq\detail\* %_DEST%\inc%_EXT%\boost\preprocessor\seq\detail
..\%__SRC%\misc\build\boost_1_34_1\boost\preprocessor\slot\* %_DEST%\inc%_EXT%\boost\preprocessor\slot
..\%__SRC%\misc\build\boost_1_34_1\boost\preprocessor\slot\detail\* %_DEST%\inc%_EXT%\boost\preprocessor\slot\detail
..\%__SRC%\misc\build\boost_1_34_1\boost\preprocessor\tuple\* %_DEST%\inc%_EXT%\boost\preprocessor\tuple
..\%__SRC%\misc\build\boost_1_34_1\boost\type_traits\* %_DEST%\inc%_EXT%\boost\type_traits
..\%__SRC%\misc\build\boost_1_34_1\boost\type_traits\detail\* %_DEST%\inc%_EXT%\boost\type_traits\detail
..\%__SRC%\misc\build\boost_1_34_1\boost\utility\* %_DEST%\inc%_EXT%\boost\utility
..\%__SRC%\misc\build\boost_1_34_1\boost\pool\* %_DEST%\inc%_EXT%\boost\pool
..\%__SRC%\misc\build\boost_1_34_1\boost\pool\detail\* %_DEST%\inc%_EXT%\boost\pool\detail
..\%__SRC%\misc\build\boost_1_34_1\boost\tuple\* %_DEST%\inc%_EXT%\boost\tuple
..\%__SRC%\misc\build\boost_1_34_1\boost\tuple\detail\* %_DEST%\inc%_EXT%\boost\tuple\detail
..\%__SRC%\misc\build\boost_1_34_1\boost\optional\* %_DEST%\inc%_EXT%\boost\optional

..\%__SRC%\misc\build\boost_1_34_1\boost\spirit\* %_DEST%\inc%_EXT%\boost\spirit
mkdir: %_DEST%\inc%_EXT%\boost\spirit\actor
..\%__SRC%\misc\build\boost_1_34_1\boost\spirit\actor\* %_DEST%\inc%_EXT%\boost\spirit\actor
..\%__SRC%\misc\build\boost_1_34_1\boost\spirit\attribute\* %_DEST%\inc%_EXT%\boost\spirit\attribute
..\%__SRC%\misc\build\boost_1_34_1\boost\spirit\core\* %_DEST%\inc%_EXT%\boost\spirit\core
..\%__SRC%\misc\build\boost_1_34_1\boost\spirit\core\composite\* %_DEST%\inc%_EXT%\boost\spirit\core\composite
..\%__SRC%\misc\build\boost_1_34_1\boost\spirit\core\composite\impl\* %_DEST%\inc%_EXT%\boost\spirit\core\composite\impl
..\%__SRC%\misc\build\boost_1_34_1\boost\spirit\core\impl\* %_DEST%\inc%_EXT%\boost\spirit\core\impl
..\%__SRC%\misc\build\boost_1_34_1\boost\spirit\core\meta\* %_DEST%\inc%_EXT%\boost\spirit\core\meta
..\%__SRC%\misc\build\boost_1_34_1\boost\spirit\core\meta\impl\* %_DEST%\inc%_EXT%\boost\spirit\core\meta\impl
..\%__SRC%\misc\build\boost_1_34_1\boost\spirit\core\non_terminal\* %_DEST%\inc%_EXT%\boost\spirit\core\non_terminal
..\%__SRC%\misc\build\boost_1_34_1\boost\spirit\core\non_terminal\impl\* %_DEST%\inc%_EXT%\boost\spirit\core\non_terminal\impl
..\%__SRC%\misc\build\boost_1_34_1\boost\spirit\core\primitives\* %_DEST%\inc%_EXT%\boost\spirit\core\primitives
..\%__SRC%\misc\build\boost_1_34_1\boost\spirit\core\primitives\impl\* %_DEST%\inc%_EXT%\boost\spirit\core\primitives\impl
..\%__SRC%\misc\build\boost_1_34_1\boost\spirit\core\scanner\* %_DEST%\inc%_EXT%\boost\spirit\core\scanner
..\%__SRC%\misc\build\boost_1_34_1\boost\spirit\core\scanner\impl\* %_DEST%\inc%_EXT%\boost\spirit\core\scanner\impl
..\%__SRC%\misc\build\boost_1_34_1\boost\spirit\debug\* %_DEST%\inc%_EXT%\boost\spirit\debug
..\%__SRC%\misc\build\boost_1_34_1\boost\spirit\debug\impl\* %_DEST%\inc%_EXT%\boost\spirit\debug\impl
..\%__SRC%\misc\build\boost_1_34_1\boost\spirit\dynamic\* %_DEST%\inc%_EXT%\boost\spirit\dynamic
..\%__SRC%\misc\build\boost_1_34_1\boost\spirit\dynamic\impl\* %_DEST%\inc%_EXT%\boost\spirit\dynamic\impl
..\%__SRC%\misc\build\boost_1_34_1\boost\spirit\error_handling\* %_DEST%\inc%_EXT%\boost\spirit\error_handling
..\%__SRC%\misc\build\boost_1_34_1\boost\spirit\error_handling\impl\* %_DEST%\inc%_EXT%\boost\spirit\error_handling\impl
..\%__SRC%\misc\build\boost_1_34_1\boost\spirit\iterator\* %_DEST%\inc%_EXT%\boost\spirit\iterator
..\%__SRC%\misc\build\boost_1_34_1\boost\spirit\iterator\impl\* %_DEST%\inc%_EXT%\boost\spirit\iterator\impl
mkdir: %_DEST%\inc%_EXT%\boost\spirit\meta
mkdir: %_DEST%\inc%_EXT%\boost\spirit\meta\impl
..\%__SRC%\misc\build\boost_1_34_1\boost\spirit\meta\* %_DEST%\inc%_EXT%\boost\spirit\meta
..\%__SRC%\misc\build\boost_1_34_1\boost\spirit\meta\impl\* %_DEST%\inc%_EXT%\boost\spirit\meta\impl
..\%__SRC%\misc\build\boost_1_34_1\boost\spirit\phoenix\* %_DEST%\inc%_EXT%\boost\spirit\phoenix
..\%__SRC%\misc\build\boost_1_34_1\boost\spirit\symbols\* %_DEST%\inc%_EXT%\boost\spirit\symbols
..\%__SRC%\misc\build\boost_1_34_1\boost\spirit\symbols\impl\* %_DEST%\inc%_EXT%\boost\spirit\symbols\impl
..\%__SRC%\misc\build\boost_1_34_1\boost\spirit\tree\* %_DEST%\inc%_EXT%\boost\spirit\tree
..\%__SRC%\misc\build\boost_1_34_1\boost\spirit\tree\impl\* %_DEST%\inc%_EXT%\boost\spirit\tree\impl
..\%__SRC%\misc\build\boost_1_34_1\boost\spirit\utility\* %_DEST%\inc%_EXT%\boost\spirit\utility
..\%__SRC%\misc\build\boost_1_34_1\boost\spirit\utility\impl\* %_DEST%\inc%_EXT%\boost\spirit\utility\impl
..\%__SRC%\misc\build\boost_1_34_1\boost\spirit\utility\impl\chset\* %_DEST%\inc%_EXT%\boost\spirit\utility\impl\chset
