# C and C++ library symbols
__mh_dylib_header
___builtin_new
dyld_stub_binding_helper
___builtin_delete
___builtin_vec_delete
___builtin_vec_new
___check_eh_spec
___cp_pop_exception
___cp_push_exception
___eh_alloc
___eh_rtime_match
___get_eh_context
___pure_virtual
___rtti_class
___rtti_si
___rtti_user
___sjthrow
___start_cp_handler
___terminate
___uncatch_exception
_terminate__Fv
rest_world
save_world
__._9exception
___tf9exception
___vt_9exception
___eprintf
__._9bad_alloc
___tf9bad_alloc
___vt_9bad_alloc
__keymgr_get_per_thread_data
__._10bad_typeid
__._8bad_cast
___get_eh_info
___is_pointer__FPv
___throw_type_match_rtti
___vt_10bad_typeid
___vt_8bad_cast
__keymgr_set_per_thread_data
___ti9exception
_what__C9exception
__._9type_info
___eq__C9type_infoRCB0
___tf16__user_type_info
___tf9type_info
___ti9type_info
___vt_9type_info
___tf13bad_exception
___eh_free
___tfv
___dynamic_cast

# Global symbols
_component_getImplementationEnvironment
_component_writeInfo
_component_getFactory
_release__Q29configmgr22OConfigurationRegistry
_acquire__Q29configmgr22OConfigurationRegistry
_checkOpen__Q29configmgr22OConfigurationRegistry
_getNodePathFromURL__Q29configmgr22OConfigurationRegistryRCQ23rtl8OUString
___Q29configmgr22OConfigurationRegistryRCQ53com3sun4star3unot9Reference1ZQ53com3sun4star4lang20XMultiServiceFactory
_checkRelativeKeyName__Q29configmgr25OConfigurationRegistryKeyRQ23rtl8OUString
_implGetKey__Q29configmgr25OConfigurationRegistryKeyRCQ23rtl8OUString
___Q29configmgr25OConfigurationRegistryKeyGQ53com3sun4star3uno3AnyRCQ53com3sun4star3unot9Reference1ZQ53com3sun4star9container11XNameAccessRCQ23rtl8OUStringUc
___Q29configmgr25OConfigurationRegistryKeyRCQ53com3sun4star3unot9Reference1ZQ53com3sun4star9container11XNameAccessRCQ23rtl8OUStringUc
_writeValueNode__Q29configmgr25OConfigurationRegistryKeyRCQ53com3sun4star3uno3Any
_checkValid__Q29configmgr25OConfigurationRegistryKeyQ39configmgr25OConfigurationRegistryKey15KEY_ACCESS_TYPE
_getEmptyLeafDefault__Q29configmgr25OConfigurationRegistryKeyRCQ23rtl8OUStringn1
_getDescendant__Q29configmgr25OConfigurationRegistryKeyRCQ23rtl8OUString
_acquire__Q29configmgr11TreeManager
_disposeUser__Q29configmgr11TreeManagerRCQ23vost4ORef1ZQ29configmgr8OOptions
_disposeOne__Q29configmgr11TreeManagerRCQ23vost4ORef1ZQ29configmgr8OOptions
___Q29configmgr15OUpdateCallbackRCQ29configmgr17ConfigurationNameRCQ23vost4ORef1ZQ29configmgr8OOptionsRQ29configmgr11TreeManager
_updateTree_orig__Q29configmgr11TreeManagerRQ29configmgr14TreeChangeList
_ensureTemplate__Q29configmgr11TreeManagerRCQ23rtl8OUString
_completeTemplateLocation__Q29configmgr11TreeManagerRCQ23rtl8OUString
_implLoadSubtree__Q29configmgr11TreeManagerRCQ23rtl8OUStringRCQ23vost4ORef1ZQ29configmgr8OOptionssRQ29configmgr8TreeInfoRQ29configmgr17OReadSynchronizedRQ29configmgr10StatusInfo
_cancelNotify__Q29configmgr11TreeManagerRCQ53com3sun4star3unot8Sequence1ZQ23rtl8OUStringRCQ23vost4ORef1ZQ29configmgr8OOptionsRQ29configmgr10StatusInfo
_requestNotify__Q29configmgr11TreeManagerRCQ23rtl8OUStringRCQ23vost4ORef1ZQ29configmgr8OOptionsRQ29configmgr10StatusInfo
_openNodeSynchron__Q29configmgr11TreeManagerRCQ23rtl8OUStringRCQ23vost4ORef1ZQ29configmgr8OOptionslRQ29configmgr10StatusInfo
_disposeAll__Q29configmgr11TreeManager
__._Q29configmgr12TreeOnDemand
___Q29configmgr12TreeOnDemand
_implDisposeOne__Q29configmgr11TreeManagerGQ24_STLt8auto_ptr1ZQ29configmgr8TreeInfoRCQ23vost4ORef1ZQ29configmgr8OOptions
_createCacheWriter__Q29configmgr11TreeManagerRCQ23vost4ORef1ZQ29configmgr8OOptions
_createDisposer__Q29configmgr11TreeManagerRCQ23vost4ORef1ZQ29configmgr8OOptions
_makeTree__Q29configmgr12TreeOnDemand
_getModuleName__CQ29configmgr10ModuleTree
_getSubtree__CQ29configmgr4TreeRCQ29configmgr17ConfigurationName
_getPending__Q29configmgr4TreeRCQ29configmgr17ConfigurationName
_addPending__Q29configmgr4TreeRCQ29configmgr17ConfigurationNamePCQ29configmgr13SubtreeChange
_mergeChanges__Q29configmgr4TreeRCQ29configmgr17ConfigurationNameRQ29configmgr13SubtreeChange
_releaseSubtree__Q29configmgr4TreeRCQ29configmgr17ConfigurationName
_acquireSubtreeWithDepth__Q29configmgr4TreeRCQ29configmgr17ConfigurationNames
_extractModuleName__Q29configmgr4TreeRCQ29configmgr17ConfigurationName
_implGetNode__CQ29configmgr4TreeRCQ29configmgr17ConfigurationName
_implGetSubtree__CQ29configmgr4TreeRCQ29configmgr17ConfigurationName
_addPending__Q29configmgr10ModuleTreeRCQ29configmgr17ConfigurationNamePCQ29configmgr13SubtreeChange
_implNewModuleTree__Q29configmgr4TreeRCQ29configmgr17ConfigurationNameGQ24_STLt8auto_ptr1ZQ29configmgr8ISubtrees
_makeModuleTree__Q29configmgr10ModuleTreeRCQ29configmgr17ConfigurationNameGQ24_STLt8auto_ptr1ZQ29configmgr8ISubtrees
_getNode__CQ29configmgr10ModuleTreeRCQ29configmgr17ConfigurationName
_getSubtree__CQ29configmgr10ModuleTreeRCQ29configmgr17ConfigurationName
_addSubtree__Q29configmgr10ModuleTreeRCQ29configmgr17ConfigurationNameGQ24_STLt8auto_ptr1ZQ29configmgr8ISubtrees
___Q29configmgr10ModuleTreeGQ24_STLt8auto_ptr1ZQ29configmgr8ISubtree
_complete__Q29configmgr13OCompleteTreeRQ29configmgr8ISubtreen1l
__._Q39configmgr21OTreeDisposeScheduler5Timer
__._Q39configmgr24OTreeCacheWriteScheduler5Timer
_implStartBefore__Q29configmgr24OTreeCacheWriteSchedulerRCQ29configmgr9TimeStamp
_onTimerShot__Q29configmgr24OTreeCacheWriteScheduler
_runDisposer__Q29configmgr24OTreeCacheWriteScheduler
_stopAndWriteCache__Q29configmgr24OTreeCacheWriteScheduler
_getTask__Q29configmgr21OTreeDisposeSchedulerRCQ29configmgr9TimeStampRB1
_runDisposer__Q29configmgr21OTreeDisposeSchedulerRCQ29configmgr9TimeStamp
_onTimerShot__Q29configmgr21OTreeDisposeScheduler
_implStartBefore__Q29configmgr21OTreeDisposeSchedulerRCQ29configmgr9TimeStamp
_implAddTask__Q29configmgr21OTreeDisposeSchedulerRCQ23vost4ORef1ZQ29configmgr8OOptionsRCQ29configmgr9TimeStamp
_locateInternationalMapFile__Q29configmgr75_GLOBAL_.N._Users_pluby_SRC618_configmgr_source_session_bootstrap.cxxqttK5cRQ23rtl8OUStringn2
_locateUserInstallationPath__Q29configmgr75_GLOBAL_.N._Users_pluby_SRC618_configmgr_source_session_bootstrap.cxxqttK5cRQ23rtl8OUString
_substitutePathVariables__Q29configmgr75_GLOBAL_.N._Users_pluby_SRC618_configmgr_source_session_bootstrap.cxxqttK5cRQ23rtl8OUString
_getProfileStringItem__Q29configmgr18ConnectionSettingsPCcn1
_getProfileIntItem__Q29configmgr18ConnectionSettingsPCcn1
_clearSetting__Q29configmgr18ConnectionSettingsPCc
_getSetting__CQ29configmgr18ConnectionSettingsPCc
_ensureConfigPath__Q29configmgr18ConnectionSettingsPCcRCQ23rtl8OUStringPCc
_implCollectSRegistrySetting__Q29configmgr18ConnectionSettings
_implDetermineSessionType__Q29configmgr18ConnectionSettings
_locateBootstrapFiles__Q29configmgr75_GLOBAL_.N._Users_pluby_SRC618_configmgr_source_session_bootstrap.cxxqttK5cRQ23rtl8OUStringn2
_implNormalizePathSetting__Q29configmgr18ConnectionSettingsPCc
_clearIrrelevantItems__Q29configmgr18ConnectionSettings
_implTranslateCompatibilitySettings__Q29configmgr18ConnectionSettings
_implTranslate__Q29configmgr18ConnectionSettingsRCQ53com3sun4star3unot8Sequence1ZQ53com3sun4star3uno3Any
_getMaybeSetting__CQ29configmgr18ConnectionSettingsPCc
_getIntSetting__CQ29configmgr18ConnectionSettingsPCc
_getStringSetting__CQ29configmgr18ConnectionSettingsPCc
_haveSetting__CQ29configmgr18ConnectionSettingsPCc
_putSetting__Q29configmgr18ConnectionSettingsPCcRCQ39configmgr18ConnectionSettings7Setting
_construct__Q29configmgr18ConnectionSettingsRCQ53com3sun4star3unot8Sequence1ZQ53com3sun4star3uno3Any
_implSkip__Q29configmgr19OSessionInputStream
__._Q29configmgr14OReceiveThread
_setDocumentLocator__Q29configmgr14OLayoutRefinerRCQ53com3sun4star3unot9Reference1ZQ63com3sun4star3xml3sax8XLocator
_processingInstruction__Q29configmgr14OLayoutRefinerRCQ23rtl8OUStringn1
_ignorableWhitespace__Q29configmgr14OLayoutRefinerRCQ23rtl8OUString
_endDocument__Q29configmgr14OLayoutRefiner
_startDocument__Q29configmgr14OLayoutRefiner
_getOutputStream__Q29configmgr14OLayoutRefiner
_setOutputStream__Q29configmgr14OLayoutRefinerRCQ53com3sun4star3unot9Reference1ZQ53com3sun4star2io13XOutputStream
__._Q29configmgr17OFakeDataRootPath
_release__Q29configmgr17OFakeDataRootPath
_acquire__Q29configmgr17OFakeDataRootPath
_release__Q29configmgr16OUserNameDecoder
_acquire__Q29configmgr16OUserNameDecoder
_writeEmptyProfile__Q29configmgr14ORemoteSessionRCQ23rtl8OUStringn1
___Q29configmgr20OWaitForCloseSessionPQ29configmgr14ORemoteSessionRCQ23vost4ORef1ZQ29configmgr16IRequestCallback
_nextRequestTransId__Q29configmgr14ORemoteSessionRQ23rtl8OUString
_writeNodeParameter__Q29configmgr14ORemoteSessionPQ29configmgr20IDOMNodeDataProviderRCQ23rtl8OUString
___Q29configmgr17OFakeDataRootPathPQ29configmgr20IDOMNodeDataProviderRCQ23rtl8OUString
___Q29configmgr17OFakeDataRootPathRCQ23vost4ORef1ZQ29configmgr20IDataRequestCallbackRCQ23rtl8OUString
_closeEnvelopedRequest__Q29configmgr14ORemoteSession
_writeStringParameter__Q29configmgr14ORemoteSessionRCQ23rtl8OUStringn2
___Q29configmgr17OFakeDataRootPathRCQ23vost4ORef1ZQ29configmgr19IOpenObjectCallbackRCQ23rtl8OUString
_translateNodePath__Q29configmgr14ORemoteSessionRQ23rtl8OUStringQ39configmgr14ORemoteSession11PATH_ORIGINQ39configmgr14ORemoteSession10PATH_USAGE
_openEnvelopedRequest__Q29configmgr14ORemoteSessionRCQ23rtl8OUStringl
_implDisconnect__Q29configmgr14ORemoteSession
_kill__Q29configmgr14ORemoteSession
_implCloseSuccessfull__Q29configmgr14ORemoteSession
_getConnectionData__CQ29configmgr6Module
___Q29configmgr6ModuleRCQ53com3sun4star3unot9Reference1ZQ53com3sun4star4lang20XMultiServiceFactory
__._Q29configmgr6Module
___Q29configmgr16OProviderFactoryRCQ53com3sun4star3unot9Reference1ZQ53com3sun4star4lang20XMultiServiceFactoryPFRCB1_Q53com3sun4star3unot9Reference1ZQ53com3sun4star3uno10XInterface
_createProvider__Q29configmgr16OProviderFactory
_implGetProvider__Q29configmgr16OProviderFactoryRCQ29configmgr18ConnectionSettingsUc
_ensureDefaultProvider__Q29configmgr16OProviderFactory
_createProviderWithArguments__Q29configmgr16OProviderFactoryRCQ53com3sun4star3unot8Sequence1ZQ53com3sun4star3uno3Any
_ensureSettings__Q29configmgr16OProviderFactory
_indent__Q29configmgr13OConfigTracer
_ensureInitalized__Q29configmgr13OConfigTracer
_implTrace__Q29configmgr13OConfigTracerPCcn1Pv
_ensureData__Q29configmgr13OConfigTracer
__._Q29configmgr18OTreeRootTagKiller
_release__Q29configmgr21OSLInputStreamWrapper
_acquire__Q29configmgr21OSLInputStreamWrapper
_queryInterface__Q29configmgr21OSLInputStreamWrapperRCQ53com3sun4star3uno4Type
_release__Q29configmgr22OSLOutputStreamWrapper
_acquire__Q29configmgr22OSLOutputStreamWrapper
_queryInterface__Q29configmgr22OSLOutputStreamWrapperRCQ53com3sun4star3uno4Type
___Q29configmgr17ConfigurationNameRCQ23rtl8OUStringl
_init__Q29configmgr17ConfigurationNameRCB0RCQ23rtl8OUString
_init__Q29configmgr17ConfigurationNameRCQ23rtl8OUString
_init_concat__Q29configmgr17ConfigurationNameRCQ23rtl8OUStringn1l
_validate__Q29configmgr17ConfigurationNameRQ23rtl8OUStringb
_release__Q29configmgr15OValueConverter
_acquire__Q29configmgr15OValueConverter
_popTree__Q29configmgr13OMergeChanges
_pushTree__Q29configmgr13OMergeChangesPQ29configmgr13SubtreeChange
_check__Q29configmgr13OMergeChangesRCQ29configmgr17ConfigurationName
_popTree__Q29configmgr20OMergeTreeChangeList
_pushTree__Q29configmgr20OMergeTreeChangeListPQ29configmgr13SubtreeChange
_check__Q29configmgr20OMergeTreeChangeListRCQ29configmgr17ConfigurationName
_init__Q29configmgr12ONameCreatorRCQ29configmgr17ConfigurationName
_searchForChange__Q29configmgr18OMergeSearchChangeRQ29configmgr6Change
___Q29configmgr18OMergeSearchChangeRCQ23rtl8OUString
_popName__Q29configmgr12ONameCreator
_pushName__Q29configmgr12ONameCreatorRCQ23rtl8OUString
_createName__Q29configmgr12ONameCreatorRCQ23rtl8OUString
_convertBinaryStringToAny__Q29configmgr14ODataConverterRCQ23rtl8OUStringPQ53com3sun4star3unot8Sequence1ZSc
_convertToList__Q29configmgr14ODataConverterRQ29configmgr7DataRep
_needLastEndElementCall__Q29configmgr14XMLTreeBuilder
_processingInstruction__Q29configmgr14XMLTreeBuilderRCQ23rtl8OUStringn1
_ignorableWhitespace__Q29configmgr14XMLTreeBuilderRCQ23rtl8OUString
_setDocumentLocator__Q29configmgr24XMLTreeChangeListBuilderRCQ53com3sun4star3unot9Reference1ZQ63com3sun4star3xml3sax8XLocator
_processingInstruction__Q29configmgr24XMLTreeChangeListBuilderRCQ23rtl8OUStringn1
___Q29configmgr14XMLTreeBuilderGQ24_STLt8auto_ptr1ZQ29configmgr7SubtreeRCQ23vost4ORef1ZQ29configmgr8OOptions
___Q29configmgr15XMLSetTreatmentRCQ53com3sun4star3unot9Reference1ZQ53com3sun4star6script14XTypeConverterRCQ53com3sun4star3unot9Reference1ZQ53com3sun4star9container11XNameAccessRCQ53com3sun4star3unot9Reference1ZQ53com3sun4star4lang20XMultiServiceFactoryRCQ53com3sun4star3unot9Reference1ZQ53com3sun4star3uno10XInterfaceRCQ23vost4ORef1ZQ29configmgr8OOptions
___Q29configmgr13XMLFileImportRCQ53com3sun4star3unot9Reference1ZQ53com3sun4star6script14XTypeConverterRCQ53com3sun4star3unot9Reference1ZQ53com3sun4star9container11XNameAccessRCQ53com3sun4star3unot9Reference1ZQ53com3sun4star4lang20XMultiServiceFactoryRCQ53com3sun4star3unot9Reference1ZQ53com3sun4star3uno10XInterfaceRCQ23vost4ORef1ZQ29configmgr8OOptions
_endDocument__Q29configmgr24XMLTreeChangeListBuilder
_startDocument__Q29configmgr24XMLTreeChangeListBuilder
_setChangeList__Q29configmgr24XMLTreeChangeListBuilderRQ29configmgr14TreeChangeList
___Q29configmgr24XMLTreeChangeListBuilderRCQ23vost4ORef1ZQ29configmgr8OOptions
_handle__Q29configmgr8ValueGetRCQ29configmgr8ISubtree
___Q29configmgr8ValueGet
_waitToResponseForINode__Q29configmgr14XMLTreeBuilderP9TimeValue
_getUnoTunnelImplementationId__Q29configmgr14XMLTreeBuilder
_LineWarning__Q29configmgr14XMLTreeBuilderRCQ23rtl7OString
_rootSubtree__Q29configmgr14XMLTreeBuilderGQ24_STLt8auto_ptr1ZQ29configmgr7Subtree
_writeNodeData__Q29configmgr13CmXMLFormaterRCQ53com3sun4star3unot9Reference1ZQ63com3sun4star3xml3sax16XDocumentHandler
_handleAttributes__Q29configmgr13CmXMLFormaterRCQ29configmgr10RemoveNodeRQ29configmgr17AttributeListImpl
_handleAttributes__Q29configmgr13CmXMLFormaterRCQ29configmgr11ValueChangeRQ29configmgr17AttributeListImpl
_handleAttributes__Q29configmgr13CmXMLFormaterRCQ29configmgr13SubtreeChangeRQ29configmgr17AttributeListImpl
_handleAttributes__Q29configmgr13CmXMLFormaterRCQ29configmgr8ISubtreeRQ29configmgr17AttributeListImpl
_handleAttributes__Q29configmgr13CmXMLFormaterRCQ29configmgr9ValueNodeRQ29configmgr17AttributeListImpl
_write__Q29configmgr16AnyToXMLDocumentRCQ23rtl8OUStringRCQ53com3sun4star3uno3AnyRCQ53com3sun4star3uno4TypeRQ29configmgr17AttributeListImpl
_writeLocalized__Q29configmgr16AnyToXMLDocumentRCQ23rtl8OUStringn1RCQ53com3sun4star3uno3AnyRCQ53com3sun4star3uno4TypeRQ29configmgr17AttributeListImpl
_writeSimpleValue__Q29configmgr16AnyToXMLDocumentRCQ53com3sun4star3uno3AnyRCQ53com3sun4star3uno4Type
_writeContent__Q29configmgr16AnyToXMLDocumentRCQ53com3sun4star3uno3AnyRCQ53com3sun4star3uno4TypeRQ29configmgr17AttributeListImpl
_setDefaultValueAttributes__Q29configmgr16AnyToXMLDocumentRCQ53com3sun4star3uno3AnyRCQ53com3sun4star3uno4TypeRQ29configmgr17AttributeListImpl
___Q29configmgr13OLocalHandlerRCQ24_STLt6vector2ZQ23rtl8OUStringZQ24_STLt9allocator1ZB2
_doUpdateTree__Q29configmgr12LocalSessionRCQ23rtl8OUStringn2RQ29configmgr14TreeChangeListRCQ23vost4ORef1ZQ29configmgr8OOptionsRB1
_createShareFileURL__CQ29configmgr12LocalSessionRCQ23rtl8OUString
_getFileURL__CQ29configmgr12LocalSessionRCQ23rtl8OUStringn1
___Q29configmgr23OLocalWriteHandlerSetupRCQ53com3sun4star3unot9Reference1ZQ63com3sun4star3xml3sax16XDocumentHandlerRCQ53com3sun4star3unot9Reference1ZQ63com3sun4star3xml3sax7XParserRCQ24_STLt6vector2ZQ23rtl8OUStringZQ24_STLt9allocator1ZB6PQ29configmgr20IDOMNodeDataProvider
___Q29configmgr22OLocalReadHandlerSetupRCQ53com3sun4star3unot9Reference1ZQ63com3sun4star3xml3sax16XDocumentHandlerRCQ24_STLt6vector2ZQ23rtl8OUStringZQ24_STLt9allocator1ZB4
___Q29configmgr15SearchNodeStateRCQ29configmgr8TreeInfo
___Q29configmgr8TreeInfoRCQ23rtl8OUStringPQ29configmgr11ElementNode
_split__Q29configmgr15SearchNodeStateGQ23rtl8OUStringRB1n1
___Q29configmgr15SearchNodeStateRCQ23rtl8OUStringn1PQ29configmgr11ElementNode
_createElementHandler__9configmgrPQ29configmgr11ElementNodeRCQ23rtl8OUString
_startElement__Q29configmgr12HandlerStateRQ29configmgr14HandlerContextRCQ23rtl8OUStringRCQ53com3sun4star3unot9Reference1ZQ63com3sun4star3xml3sax14XAttributeList
_pushHandler__Q29configmgr14HandlerContextRQ29configmgr12HandlerStateRCQ23rtl8OUStringRCQ53com3sun4star3unot9Reference1ZQ63com3sun4star3xml3sax14XAttributeList
_endElement__Q29configmgr12HandlerStateRQ29configmgr14HandlerContextRCQ23rtl8OUString
_stop__Q29configmgr12HandlerStateRQ29configmgr14HandlerContext
_start__Q29configmgr12HandlerStateRQ29configmgr14HandlerContext
_createNodeBuilder__9configmgrRQ29configmgr14BuilderContextRQ29configmgr9InnerNodeRCQ23rtl8OUStringRCQ53com3sun4star3unot9Reference1ZQ63com3sun4star3xml3sax14XAttributeList
_pushBuilder__Q29configmgr14BuilderContextRQ29configmgr12BuilderStateRCQ23rtl8OUStringRCQ53com3sun4star3unot9Reference1ZQ63com3sun4star3xml3sax14XAttributeList
_handleNameAccess__Q29configmgr11ODataExportRQ53com3sun4star3unot9Reference1ZQ53com3sun4star9container11XNameAccess
_writeStart__Q29configmgr11ODataExport
_getServiceNames__Q29configmgr11ODataExportPCQ29configmgr11ServiceInfo
_countServices__Q29configmgr11ODataExportPCQ29configmgr11ServiceInfo
_setLocale__Q29configmgr11ODataImportRCQ53com3sun4star4lang6Locale
_setEntityResolver__Q29configmgr11ODataImportRCQ53com3sun4star3unot9Reference1ZQ63com3sun4star3xml3sax15XEntityResolver
_setDTDHandler__Q29configmgr11ODataImportRCQ53com3sun4star3unot9Reference1ZQ63com3sun4star3xml3sax11XDTDHandler
_setErrorHandler__Q29configmgr11ODataImportRCQ53com3sun4star3unot9Reference1ZQ63com3sun4star3xml3sax13XErrorHandler
_setDocumentHandler__Q29configmgr11ODataImportRCQ53com3sun4star3unot9Reference1ZQ63com3sun4star3xml3sax16XDocumentHandler
_parseStream__Q29configmgr11ODataImportRCQ63com3sun4star3xml3sax11InputSource
_getServiceNames__Q29configmgr11ODataImportPCQ29configmgr11ServiceInfo
_countServices__Q29configmgr11ODataImportPCQ29configmgr11ServiceInfo
__._Q29configmgr11ParseThread
_clearMarks__Q29configmgr11ElementNode
___Q39configmgr10updatetree15SearchNodeStatePCQ29configmgr14TreeChangeListRCQ23rtl8OUString
_split__Q39configmgr10updatetree15SearchNodeStateGQ23rtl8OUStringRB1n1
___Q39configmgr10updatetree15SearchNodeStateRCQ23rtl8OUStringn1PCQ29configmgr13SubtreeChange
___Q39configmgr10updatetree20DumpRemainingChangesRQ39configmgr10updatetree14HandlerContextRCQ24_STLt3set3ZQ23rtl8OUStringZQ24_STLt4less1ZB3ZQ24_STLt9allocator1ZB3
_getAttributeIndexByName__Q29configmgr10updatetreeRCQ53com3sun4star3unot9Reference1ZQ63com3sun4star3xml3sax14XAttributeListRCQ23rtl8OUString
_createElementHandler__Q29configmgr10updatetreePCQ29configmgr6ChangeRCQ23rtl8OUStringRCQ53com3sun4star3unot9Reference1ZQ63com3sun4star3xml3sax14XAttributeList
_endSelf__Q39configmgr10updatetree12HandlerStateRQ39configmgr10updatetree14HandlerContextRCQ23rtl8OUString
_startSelf__Q39configmgr10updatetree12HandlerStateRQ39configmgr10updatetree14HandlerContextRCQ23rtl8OUStringRCQ53com3sun4star3unot9Reference1ZQ63com3sun4star3xml3sax14XAttributeList
__._Q39configmgr10updatetree7Handler
___Q39configmgr10updatetree7HandlerGQ53com3sun4star3unot9Reference1ZQ63com3sun4star3xml3sax16XDocumentHandlerRQ29configmgr13CmXMLFormater
_endChild__Q39configmgr10updatetree12HandlerStateRQ39configmgr10updatetree14HandlerContextRCQ23rtl8OUString
_state__Q39configmgr10updatetree7Handler
_pushHandler__Q39configmgr10updatetree14HandlerContextRQ39configmgr10updatetree12HandlerStateRCQ23rtl8OUStringRCQ53com3sun4star3unot9Reference1ZQ63com3sun4star3xml3sax14XAttributeList
_startDocument__Q39configmgr10updatetree7HandlerRQ39configmgr10updatetree12HandlerStateRCQ23rtl8OUString
___Q39configmgr10updatetree14HandlerContextGQ53com3sun4star3unot9Reference1ZQ63com3sun4star3xml3sax16XDocumentHandlerRQ29configmgr13CmXMLFormater
_startElement__Q39configmgr10updatetree12HandlerStateRQ39configmgr10updatetree14HandlerContextRCQ23rtl8OUStringRCQ53com3sun4star3unot9Reference1ZQ63com3sun4star3xml3sax14XAttributeList
_endElement__Q39configmgr10updatetree12HandlerStateRQ39configmgr10updatetree14HandlerContextRCQ23rtl8OUString
_stop__Q39configmgr10updatetree12HandlerStateRQ39configmgr10updatetree14HandlerContext
_start__Q39configmgr10updatetree12HandlerStateRQ39configmgr10updatetree14HandlerContext
_started__CQ39configmgr10updatetree12HandlerState
_handle__Q39configmgr10updatetree12MyTreeChangeRCQ29configmgr13SubtreeChange
___Q39configmgr10updatetree18SubtreeChangeStateRCQ29configmgr13SubtreeChange
___Q39configmgr10updatetree15RemoveNodeStateRCQ29configmgr10RemoveNode
___Q39configmgr10updatetree12AddNodeStateRCQ29configmgr7AddNode
___Q39configmgr10updatetree16ValueChangeStateRCQ29configmgr11ValueChange
__._Q39configmgr10updatetree12HandlerState
___Q39configmgr10updatetree12HandlerState
_extractUnoException__CQ39configmgr13configuration19WrappedUnoException
_describe__Q39configmgr13configuration12TypeMismatchRCQ23rtl8OUStringn1
___Q39configmgr13configuration9ExceptionRCQ23rtl7OString
_implValidateValue__CQ39configmgr13configuration12GroupUpdaterRCQ39configmgr13configuration7NodeRefRCQ53com3sun4star3uno3Any
_implValidateNode__CQ39configmgr13configuration12GroupUpdaterRCQ39configmgr13configuration4TreeRCQ39configmgr13configuration7NodeRef
_implValidateTree__CQ39configmgr13configuration12GroupUpdaterRCQ39configmgr13configuration4TreeRCQ39configmgr13configuration7NodeRef
___Q39configmgr13configuration4PathRCQ39configmgr13configuration7PathRepQ49configmgr13configuration8PathType4Type
_init__Q39configmgr13configuration4Path
_parent__CQ39configmgr13configuration7PathRep
_compose__CQ39configmgr13configuration7PathRepRCB0
_implParsePath__Q39configmgr13configuration76_GLOBAL_.N._Users_pluby_SRC618_configmgr_source_treemgr_configpath.cxxzIeoneRCQ23rtl8OUStringQ49configmgr13configuration8PathType4Type
_isAbsolute__Q39configmgr13configuration76_GLOBAL_.N._Users_pluby_SRC618_configmgr_source_treemgr_configpath.cxxzIeoneRCQ39configmgr13configuration7PathRep
_isAbsolute__Q39configmgr13configuration76_GLOBAL_.N._Users_pluby_SRC618_configmgr_source_treemgr_configpath.cxxzIeoneRCQ23rtl8OUString
_isValidName__Q39configmgr13configuration76_GLOBAL_.N._Users_pluby_SRC618_configmgr_source_treemgr_configpath.cxxzIeoneRCQ23rtl8OUString
_unbracket__Q39configmgr13configuration76_GLOBAL_.N._Users_pluby_SRC618_configmgr_source_treemgr_configpath.cxxzIeoneRCQ23rtl8OUString
_isBracketed__Q39configmgr13configuration76_GLOBAL_.N._Users_pluby_SRC618_configmgr_source_treemgr_configpath.cxxzIeoneRCQ23rtl8OUString
_makeValueElement__Q39configmgr13configuration15ValueSetUpdaterRCQ39configmgr13configuration4NameRCQ39configmgr13configuration7NodeRefRCQ53com3sun4star3uno3Any
_implValidateValue__Q39configmgr13configuration15ValueSetUpdaterRCQ39configmgr13configuration7NodeRefRCQ53com3sun4star3uno3Any
_implValidateElement__Q39configmgr13configuration15ValueSetUpdaterRCQ39configmgr13configuration4TreeRCQ39configmgr13configuration7NodeRef
_implValidateElement__Q39configmgr13configuration14TreeSetUpdaterRCQ39configmgr13configuration4TreeRCQ39configmgr13configuration7NodeRef
_get__CQ39configmgr13configuration11ElementTree
_implValidateTree__Q39configmgr13configuration14TreeSetUpdaterRCQ39configmgr13configuration11ElementTree
_implValidateValue__Q39configmgr13configuration15ValueSetUpdaterRCQ53com3sun4star3uno3Any
_getImpl__CQ39configmgr13configuration11ElementTree
_implValidateSet__Q39configmgr13configuration15ValueSetUpdater
_implValidateSet__Q39configmgr13configuration14TreeSetUpdater
_makeValueElement__Q39configmgr13configuration15ValueSetUpdaterRCQ39configmgr13configuration4NameRCQ53com3sun4star3uno3Any
___rf__CQ39configmgr13configuration11ElementTree
_apply__CQ39configmgr13configuration10NodeChange
_test__CQ39configmgr13configuration10NodeChange
___as__Q39configmgr13configuration10NodeChangeRCB0
_getBaseNode__CQ39configmgr13configuration10NodeChange
_getBaseTree__CQ39configmgr13configuration10NodeChange
_swap__Q39configmgr13configuration10NodeChangeRB0
___Q39configmgr13configuration13SetChangeImplRCQ39configmgr13configuration4Nameb
_preCheckValue__Q39configmgr13configuration15ValueChangeImplRQ39configmgr13configuration13ValueNodeImplRQ53com3sun4star3uno3Anyn1
___Q39configmgr13configuration15ValueChangeImpl
_doFillChange__CQ39configmgr13configuration15ValueChangeImplRQ39configmgr13configuration14NodeChangeInfo
___Q39configmgr13configuration15ValueChangeImplRCQ53com3sun4star3uno3Anyn1
__._Q39configmgr13configuration15ValueChangeImpl
___Q39configmgr13configuration15ValueChangeImplRCQ53com3sun4star3uno3Any
___Q39configmgr13configuration14NodeChangeImplb
_implApply__Q39configmgr13configuration14NodeChangeImplPQ39configmgr13configuration4NodeRUi
_implGetTarget__CQ39configmgr13configuration14NodeChangeImpl
___Q39configmgr13configuration22DirectValueSetNodeImplRQ39configmgr13configuration24DeferredValueSetNodeImpl
_implRemoveOldElement__Q39configmgr13configuration24DeferredValueSetNodeImplRCQ39configmgr13configuration4Name
_implInsertNewElement__Q39configmgr13configuration24DeferredValueSetNodeImplRCQ39configmgr13configuration4NameRCQ23vost4ORef1ZQ39configmgr13configuration15ElementTreeImpl
___Q39configmgr13configuration21DirectTreeSetNodeImplRQ39configmgr13configuration23DeferredTreeSetNodeImpl
_implRemoveOldElement__Q39configmgr13configuration23DeferredTreeSetNodeImplRCQ39configmgr13configuration4Name
_implInsertNewElement__Q39configmgr13configuration23DeferredTreeSetNodeImplRCQ39configmgr13configuration4NameRCQ23vost4ORef1ZQ39configmgr13configuration15ElementTreeImpl
___Q39configmgr13configuration24DeferredValueSetNodeImplRQ39configmgr13configuration22DirectValueSetNodeImpl
___Q39configmgr13configuration23DeferredTreeSetNodeImplRQ39configmgr13configuration21DirectTreeSetNodeImpl
___Q39configmgr13configuration19DirectGroupNodeImplRQ39configmgr13configuration21DeferredGroupNodeImpl
___Q39configmgr13configuration21DeferredGroupNodeImplRQ39configmgr13configuration19DirectGroupNodeImpl
___Q39configmgr13configuration19DirectValueNodeImplRQ39configmgr13configuration21DeferredValueNodeImpl
___Q39configmgr13configuration21DeferredValueNodeImplRQ39configmgr13configuration19DirectValueNodeImpl
_offset__Q39configmgr13configuration14TreeImplHelperRCQ39configmgr13configuration6NodeID
_tree__Q39configmgr13configuration14TreeImplHelperRCQ39configmgr13configuration6NodeID
_bind__CQ39configmgr13configuration4TreeUi
_swap__Q39configmgr13configuration4TreeRB0
_swap__Q39configmgr13configuration7NodeRefRB0
_makeNode__Q39configmgr13configuration14TreeImplHelperPQ39configmgr13configuration4NodeUiUi
___Q39configmgr13configuration7NodeRefPQ39configmgr13configuration4NodeUiUi
_implInitElement__Q39configmgr13configuration19AbstractSetNodeImplRCQ23vost4ORef1ZQ39configmgr13configuration15ElementTreeImpl
_implAdjustToElementChange__Q39configmgr13configuration19AbstractSetNodeImplRQ39configmgr13configuration11NodeChangesRCQ29configmgr6ChangeRCQ39configmgr13configuration16TemplateProviderUi
_findElement__Q39configmgr13configuration10ElementSetRCQ39configmgr13configuration4Name
_add__Q49configmgr13configuration77_GLOBAL_.N._Users_pluby_SRC618_configmgr_source_treemgr_setnodeimpl.cxxYQAYAa19CollectElementTreesRQ29configmgr5INode
_assignActualType__Q39configmgr13configuration18TemplateImplHelperRQ39configmgr13configuration8TemplateRCQ53com3sun4star3uno4Type
_makeElementTemplateWithType__Q39configmgr13configuration21TemplateProvider_ImplRCQ39configmgr13configuration12TemplateNameRCQ29configmgr8ISubtree
_makeTemplate__Q39configmgr13configuration21TemplateProvider_ImplRCQ39configmgr13configuration12TemplateNameRCQ53com3sun4star3uno4TypeRCQ39configmgr13configuration10Attributes
_findTemplate__Q39configmgr13configuration21TemplateProvider_ImplRCQ39configmgr13configuration12TemplateName
_createNew__Q39configmgr13configuration18TemplateImplHelperRCQ39configmgr13configuration12TemplateNameRCQ53com3sun4star3uno4TypeRCQ39configmgr13configuration10Attributes
_clearContext__Q39configmgr13configuration8TreeImpl
_setContext__Q39configmgr13configuration8TreeImplPB0Ui
_renameNode__Q39configmgr13configuration4NodeRCQ39configmgr13configuration4Name
_disposeData__Q39configmgr13configuration8TreeImpl
___Q39configmgr13configuration8TreeImplRB0Ui
__._Q39configmgr13configuration8TreeImpl
_build__Q39configmgr13configuration8TreeImplRQ39configmgr13configuration11NodeFactoryRQ29configmgr5INodeUiRCQ39configmgr13configuration16TemplateProvider
___Q39configmgr13configuration8TreeImpl
_doAdjustToSubChanges__Q39configmgr13configuration8TreeImplRQ39configmgr13configuration11NodeChangesRCQ29configmgr13SubtreeChangeUiRCQ39configmgr13configuration16TemplateProviderUi
_doFailedSubCommitted__Q39configmgr13configuration8TreeImplRQ29configmgr13SubtreeChangeUi
_doRevertSubCommitted__Q39configmgr13configuration8TreeImplRQ29configmgr13SubtreeChangeUi
_doFinishSubCommitted__Q39configmgr13configuration8TreeImplRQ29configmgr13SubtreeChangeUi
_doCommitSubChanges__Q39configmgr13configuration8TreeImplRQ29configmgr13SubtreeChangeUi
_doAdjustToChanges__Q39configmgr13configuration8TreeImplRQ39configmgr13configuration11NodeChangesRCQ29configmgr6ChangeUiRCQ39configmgr13configuration16TemplateProviderUi
_doFailedCommit__Q39configmgr13configuration8TreeImplRQ29configmgr6ChangeUi
_doRevertCommit__Q39configmgr13configuration8TreeImplRQ29configmgr6ChangeUi
_doFinishCommit__Q39configmgr13configuration8TreeImplRQ29configmgr6ChangeUi
_doCommitChanges__Q39configmgr13configuration8TreeImplUi
_implCommitChangesFrom__Q39configmgr13configuration8TreeImplUi
_implCollectChangesFrom__Q39configmgr13configuration8TreeImplUiRQ39configmgr13configuration11NodeChanges
_implGetContextPath__CQ39configmgr13configuration8TreeImplRQ24_STLt6vector2ZQ39configmgr13configuration4NameZQ24_STLt9allocator1ZB2
___Q39configmgr13configuration4NodeRCQ23vost4ORef1ZQ39configmgr13configuration8NodeImplUi
_addGroup__Q39configmgr13configuration15TreeImplBuilderRQ29configmgr8ISubtree
_addSet__Q39configmgr13configuration15TreeImplBuilderRQ29configmgr8ISubtree
_addValue__Q39configmgr13configuration15TreeImplBuilderRQ29configmgr9ValueNode
_notifyRootListeners__Q49configmgr9configapi11Broadcaster4ImplRCQ24_STLt6vector2ZQ49configmgr9configapi74_GLOBAL_.N._Users_pluby_SRC618_configmgr_source_api2_broadcaster.cxx0u34pa10ChangeDataZQ24_STLt9allocator1ZB2
_translateChanges__CQ49configmgr9configapi11Broadcaster4ImplRQ24_STLt6vector2ZQ49configmgr9configapi74_GLOBAL_.N._Users_pluby_SRC618_configmgr_source_api2_broadcaster.cxx0u34pa10ChangeDataZQ24_STLt9allocator1ZB2RCQ39configmgr13configuration11NodeChangesb
_create__Q49configmgr9configapi11Broadcaster4ImplRCQ23vost4ORef1ZQ39configmgr9configapi12NotifierImplPCQ39configmgr9configapi11ApiTreeImplRCQ39configmgr13configuration11NodeChangesb
_create__Q49configmgr9configapi74_GLOBAL_.N._Users_pluby_SRC618_configmgr_source_api2_broadcaster.cxx0u34pa25MultiTreeBroadcaster_ImplRCQ24_STLt4pair2ZCQ23vost4ORef1ZQ39configmgr9configapi12NotifierImplZPCQ39configmgr9configapi11ApiTreeImplRCQ24_STLt3map4ZB2ZPCB4ZQ49configmgr9configapi74_GLOBAL_.N._Users_pluby_SRC618_configmgr_source_api2_broadcaster.cxx0u34pat15LessORefBodyPtr1ZB3ZQ24_STLt9allocator1ZB1RCQ39configmgr13configuration11NodeChanges
_findNotifiers__Q39configmgr9configapi74_GLOBAL_.N._Users_pluby_SRC618_configmgr_source_api2_broadcaster.cxx0u34paRQ24_STLt3map4ZQ23vost4ORef1ZQ39configmgr9configapi12NotifierImplZPCQ39configmgr9configapi11ApiTreeImplZQ49configmgr9configapi74_GLOBAL_.N._Users_pluby_SRC618_configmgr_source_api2_broadcaster.cxx0u34pat15LessORefBodyPtr1ZB2ZQ24_STLt9allocator1ZQ24_STLt4pair2ZCB1ZPCB3RCQ39configmgr13configuration11NodeChangesPCB3
_create__Q49configmgr9configapi74_GLOBAL_.N._Users_pluby_SRC618_configmgr_source_api2_broadcaster.cxx0u34pa27MultiChangeBroadcaster_ImplRCQ24_STLt4pair2ZCQ23vost4ORef1ZQ39configmgr9configapi12NotifierImplZPCQ39configmgr9configapi11ApiTreeImplRCQ39configmgr13configuration11NodeChanges
_create__Q49configmgr9configapi11Broadcaster4ImplRCQ23vost4ORef1ZQ39configmgr9configapi12NotifierImplPCQ39configmgr9configapi11ApiTreeImplRCQ39configmgr13configuration10NodeChangeb
_create__Q49configmgr9configapi74_GLOBAL_.N._Users_pluby_SRC618_configmgr_source_api2_broadcaster.cxx0u34pa28SingleChangeBroadcaster_ImplRCQ24_STLt4pair2ZCQ23vost4ORef1ZQ39configmgr9configapi12NotifierImplZPCQ39configmgr9configapi11ApiTreeImplRCQ39configmgr13configuration10NodeChange
_selectChanges__Q49configmgr9configapi74_GLOBAL_.N._Users_pluby_SRC618_configmgr_source_api2_broadcaster.cxx0u34pa25MultiTreeBroadcaster_ImplRQ24_STLt6vector2ZQ49configmgr9configapi74_GLOBAL_.N._Users_pluby_SRC618_configmgr_source_api2_broadcaster.cxx0u34pa10ChangeDataZQ24_STLt9allocator1ZB2RCB1RCQ24_STLt4pair2ZCQ23vost4ORef1ZQ39configmgr9configapi12NotifierImplZPCQ39configmgr9configapi11ApiTreeImpl
___Q49configmgr9configapi74_GLOBAL_.N._Users_pluby_SRC618_configmgr_source_api2_broadcaster.cxx0u34pa25MultiTreeBroadcaster_ImplRCQ24_STLt4pair2ZCQ23vost4ORef1ZQ39configmgr9configapi12NotifierImplZPCQ39configmgr9configapi11ApiTreeImplRQ24_STLt6vector2ZQ23vost4ORef1ZQ49configmgr9configapi11Broadcaster4ImplZQ24_STLt9allocator1ZB6
_create__Q49configmgr9configapi74_GLOBAL_.N._Users_pluby_SRC618_configmgr_source_api2_broadcaster.cxx0u34pa26SingleTreeBroadcaster_ImplRCQ24_STLt4pair2ZCQ23vost4ORef1ZQ39configmgr9configapi12NotifierImplZPCQ39configmgr9configapi11ApiTreeImpln1RCQ39configmgr13configuration11NodeChanges
_selectChanges__Q49configmgr9configapi74_GLOBAL_.N._Users_pluby_SRC618_configmgr_source_api2_broadcaster.cxx0u34pa25MultiTreeBroadcaster_ImplRQ39configmgr13configuration11NodeChangesRCB1RCQ24_STLt4pair2ZCQ23vost4ORef1ZQ39configmgr9configapi12NotifierImplZPCQ39configmgr9configapi11ApiTreeImpl
_selectChanges__Q49configmgr9configapi74_GLOBAL_.N._Users_pluby_SRC618_configmgr_source_api2_broadcaster.cxx0u34pa26SingleTreeBroadcaster_ImplRQ24_STLt6vector2ZQ49configmgr9configapi74_GLOBAL_.N._Users_pluby_SRC618_configmgr_source_api2_broadcaster.cxx0u34pa10ChangeDataZQ24_STLt9allocator1ZB2RCB1RCQ39configmgr13configuration6NodeID
___Q49configmgr9configapi74_GLOBAL_.N._Users_pluby_SRC618_configmgr_source_api2_broadcaster.cxx0u34pa26SingleTreeBroadcaster_ImplRCQ24_STLt4pair2ZCQ23vost4ORef1ZQ39configmgr9configapi12NotifierImplZPCQ39configmgr9configapi11ApiTreeImplRQ24_STLt6vector2ZQ23vost4ORef1ZQ49configmgr9configapi74_GLOBAL_.N._Users_pluby_SRC618_configmgr_source_api2_broadcaster.cxx0u34pa25NodeLocalBroadcaster_ImplZQ24_STLt9allocator1ZB6
_selectChanges__Q49configmgr9configapi74_GLOBAL_.N._Users_pluby_SRC618_configmgr_source_api2_broadcaster.cxx0u34pa26SingleTreeBroadcaster_ImplRQ39configmgr13configuration11NodeChangesRCB1RCQ39configmgr13configuration6NodeID
___Q49configmgr9configapi74_GLOBAL_.N._Users_pluby_SRC618_configmgr_source_api2_broadcaster.cxx0u34pa27MultiChangeBroadcaster_ImplRCQ24_STLt4pair2ZCQ23vost4ORef1ZQ39configmgr9configapi12NotifierImplZPCQ39configmgr9configapi11ApiTreeImplRCQ39configmgr13configuration6NodeIDRQ24_STLt3set3ZB5ZQ24_STLt4less1ZB5ZQ24_STLt9allocator1ZB5
_create__Q49configmgr9configapi74_GLOBAL_.N._Users_pluby_SRC618_configmgr_source_api2_broadcaster.cxx0u34pa28SingleChangeBroadcaster_ImplRCQ24_STLt4pair2ZCQ23vost4ORef1ZQ39configmgr9configapi12NotifierImplZPCQ39configmgr9configapi11ApiTreeImplRCQ39configmgr13configuration6NodeIDRCQ39configmgr13configuration10NodeChange
_create__Q49configmgr9configapi74_GLOBAL_.N._Users_pluby_SRC618_configmgr_source_api2_broadcaster.cxx0u34pa27MultiChangeBroadcaster_ImplRCQ24_STLt4pair2ZCQ23vost4ORef1ZQ39configmgr9configapi12NotifierImplZPCQ39configmgr9configapi11ApiTreeImplRCQ39configmgr13configuration6NodeIDRCQ39configmgr13configuration11NodeChanges
_notifySingleChange__Q49configmgr9configapi74_GLOBAL_.N._Users_pluby_SRC618_configmgr_source_api2_broadcaster.cxx0u34pa25NodeLocalBroadcaster_ImplRCQ49configmgr9configapi74_GLOBAL_.N._Users_pluby_SRC618_configmgr_source_api2_broadcaster.cxx0u34pa10ChangeDatabRPQ53com3sun4star5beans19PropertyChangeEvent
_querySingleConstraint__Q49configmgr9configapi74_GLOBAL_.N._Users_pluby_SRC618_configmgr_source_api2_broadcaster.cxx0u34pa25NodeLocalBroadcaster_ImplRCQ49configmgr9configapi74_GLOBAL_.N._Users_pluby_SRC618_configmgr_source_api2_broadcaster.cxx0u34pa10ChangeDatab
___Q49configmgr9configapi74_GLOBAL_.N._Users_pluby_SRC618_configmgr_source_api2_broadcaster.cxx0u34pa28SingleChangeBroadcaster_ImplRCQ24_STLt4pair2ZCQ23vost4ORef1ZQ39configmgr9configapi12NotifierImplZPCQ39configmgr9configapi11ApiTreeImplRCQ39configmgr13configuration6NodeIDn1
_create__Q49configmgr9configapi74_GLOBAL_.N._Users_pluby_SRC618_configmgr_source_api2_broadcaster.cxx0u34pa28SingleChangeBroadcaster_ImplRCQ24_STLt4pair2ZCQ23vost4ORef1ZQ39configmgr9configapi12NotifierImplZPCQ39configmgr9configapi11ApiTreeImplRCQ39configmgr13configuration6NodeIDn1RCQ39configmgr13configuration10NodeChange
_findNotifier__Q39configmgr9configapi74_GLOBAL_.N._Users_pluby_SRC618_configmgr_source_api2_broadcaster.cxx0u34paRCQ39configmgr13configuration10NodeChangePCQ39configmgr9configapi11ApiTreeImpl
_release__Q29configmgr12OGroupAccess
_acquire__Q29configmgr12OGroupAccess
_release__Q29configmgr11OUserAccess
_acquire__Q29configmgr11OUserAccess
_getBasePath__Q29configmgr13OProviderImplRCQ23rtl8OUString
_getErrorMessage__Q29configmgr13OProviderImplRCQ23rtl8OUStringRCQ23vost4ORef1ZQ29configmgr8OOptions
_getTreeLock__Q29configmgr13OProviderImpl
_getTreeLock__CQ29configmgr13OProviderImpl
_search__Q49configmgr9configapi8internal15SearchExactNameRQ39configmgr13configuration7NodeRefRQ39configmgr13configuration4Tree
_findMatch__Q49configmgr9configapi8internal15SearchExactNameRQ39configmgr13configuration7NodeRefRQ39configmgr13configuration4Tree
_makeSetElement__Q39configmgr9configapi7FactoryRCQ39configmgr13configuration11ElementTree
_makeGroupMember__Q39configmgr9configapi7FactoryRCQ39configmgr13configuration4TreeRCQ39configmgr13configuration7NodeRef
_findElement__Q39configmgr9configapi7FactoryRCQ39configmgr13configuration6NodeID
_implFind__Q39configmgr9configapi7FactoryRCQ39configmgr13configuration6NodeID
_implIsReadOnly__Q39configmgr9configapi19UpdateObjectFactoryRCQ39configmgr13configuration4TreeRCQ39configmgr13configuration7NodeRef
_getDataLock__Q39configmgr9configapi13NodeSetAccess
_getDataLock__Q39configmgr9configapi15NodeGroupAccess
_detachSetElement__Q29configmgr9configapiRQ39configmgr9configapi10SetElement
_attachSetElement__Q29configmgr9configapiRQ39configmgr9configapi17NodeTreeSetAccessRQ39configmgr9configapi10SetElement
_getDataLock__CQ39configmgr9configapi11TreeElement
__._Q49configmgr9configapi15ApiRootTreeImpl12NodeListener
_nodeDeleted__Q39configmgr9configapi15ApiRootTreeImplRCQ23rtl8OUStringPQ29configmgr18IConfigBroadcaster
_nodeChanged__Q39configmgr9configapi15ApiRootTreeImplRCQ29configmgr6ChangeRCQ23rtl8OUStringPQ29configmgr18IConfigBroadcaster
_disposing__Q39configmgr9configapi15ApiRootTreeImplPQ29configmgr18IConfigBroadcaster
_getProviderComponent__Q39configmgr9configapi11ApiTreeImpl
_implDisposeNode__Q39configmgr9configapi11ApiTreeImplRCQ39configmgr13configuration7NodeRefPQ53com3sun4star3uno10XInterface
_releaseData__Q39configmgr9configapi15ApiRootTreeImpl
_disposeTreeNow__Q39configmgr9configapi11ApiTreeImpl
_isAlive__CQ39configmgr9configapi11ApiTreeImpl
_implDisposeTree__Q39configmgr9configapi11ApiTreeImpl
_setParentTree__Q39configmgr9configapi11ApiTreeImplPB0
_getParentComponent__Q39configmgr9configapi11ApiTreeImpl
_implSetNotificationSource__Q39configmgr9configapi15ApiRootTreeImplPQ29configmgr18IConfigBroadcaster
_implSetLocation__Q39configmgr9configapi15ApiRootTreeImpl
_deinit__Q39configmgr9configapi11ApiTreeImpl
_init__Q39configmgr9configapi11ApiTreeImplPB0
_unbind__Q49configmgr9configapi15ApiRootTreeImpl12NodeListener
___Q39configmgr9configapi16DisposeGuardImplRCQ39configmgr9configapi8Notifier
_getMutex__CQ39configmgr9configapi8Notifier
_getUpdateProvider__Q39configmgr9configapi9Committer
__._Q29configmgr15OInnerGroupInfo
__._Q29configmgr17OInnerGroupUpdate
__._Q29configmgr20OSetElementGroupInfo
__._Q29configmgr22OSetElementGroupUpdate
__._Q29configmgr21ORootElementGroupInfo
__._Q29configmgr23ORootElementGroupUpdate
_getGroupNode__Q29configmgr10BasicGroup
_implFilter__CQ29configmgr26PropertiesFilteredNotifierRCQ53com3sun4star3unot8Sequence1ZQ53com3sun4star5beans19PropertyChangeEvent
_getGroupNode__Q29configmgr16BasicPropertySet
_create__Q39configmgr9configapi19NodePropertySetInfoRQ39configmgr9configapi19NodeGroupInfoAccessUc
_find__CQ39configmgr9configapi19NodePropertySetInfoRCQ23rtl8OUString
_setAttributes__Q39configmgr9configapi17CollectPropertiesRsRCQ39configmgr13configuration7NodeRef
_reset__Q39configmgr9configapi17CollectProperties
__._Q29configmgr13OInnerSetInfo
__._Q29configmgr19OInnerTreeSetUpdate
__._Q29configmgr20OInnerValueSetUpdate
__._Q29configmgr18OSetElementSetInfo
__._Q29configmgr24OSetElementTreeSetUpdate
__._Q29configmgr25OSetElementValueSetUpdate
__._Q29configmgr19ORootElementSetInfo
__._Q29configmgr25ORootElementTreeSetUpdate
__._Q29configmgr26ORootElementValueSetUpdate
_getSetNode__Q29configmgr13BasicValueSet
_getSetNode__Q29configmgr8BasicSet
_fillChange__Q29configmgr9configapiRQ53com3sun4star4util13ElementChangeRCQ39configmgr13configuration22ExtendedNodeChangeInfoRCQ39configmgr13configuration4TreeRCQ39configmgr13configuration7NodeRefRQ39configmgr9configapi7Factory
_resolveUnoObjects__Q29configmgr9configapiRQ39configmgr9configapi9UnoChangeRCQ39configmgr13configuration14NodeChangeInfoRQ39configmgr9configapi7Factory
_rebaseChange__Q29configmgr9configapiRQ39configmgr13configuration22ExtendedNodeChangeInfoRCQ39configmgr13configuration4TreeRCQ39configmgr13configuration7NodeRef
_resolveChangeLocation__Q29configmgr9configapiRQ39configmgr13configuration12RelativePathRCQ39configmgr13configuration22ExtendedNodeChangeInfoRCQ39configmgr13configuration4TreeRCQ39configmgr13configuration7NodeRef
_decodeModifiedUTF7__Q29configmgr18unnamed_encodenamePPCUsPCUsbPQ23rtl14OUStringBuffer
_flush__Q39configmgr18unnamed_encodename18ModifiedUTF7Buffer
_validate__Q29configmgr18unnamed_encodenameRCQ23rtl8OUString
__._Q29configmgr27ConfigChangeBroadcastHelper
_dispose__Q29configmgr27ConfigChangeBroadcastHelperPQ29configmgr18IConfigBroadcaster
___Q29configmgr27ConfigChangeBroadcastHelper
_broadcast__Q29configmgr27ConfigChangeBroadcastHelperRCQ29configmgr14TreeChangeListUcPQ29configmgr18IConfigBroadcaster
_removeListener__Q29configmgr27ConfigChangeBroadcastHelperRCQ23vost4ORef1ZQ29configmgr13INodeListener
_addListener__Q29configmgr27ConfigChangeBroadcastHelperRCQ23rtl8OUStringRCQ23vost4ORef1ZQ29configmgr13INodeListener
_dispatchInner__Q39configmgr8internal28ConfigChangesBroadcasterImplRCQ23vost4ORef1ZQ29configmgr13INodeListenerRCQ23rtl8OUStringRCQ29configmgr6ChangeRCB3UcPQ29configmgr18IConfigBroadcaster
_dispatchOuter__Q39configmgr8internal28ConfigChangesBroadcasterImplRCQ23vost4ORef1ZQ29configmgr13INodeListenerRCQ23rtl8OUStringRCQ29configmgr6ChangeRCB3UcPQ29configmgr18IConfigBroadcaster
_dispatch__Q39configmgr8internal28ConfigChangesBroadcasterImplRCQ29configmgr6ChangeRCQ23rtl8OUStringUcPQ29configmgr18IConfigBroadcaster
_checkAlive__Q29configmgr20ServiceComponentImplRCQ23rtl8OUString
___Q29configmgr10RemoveNodeRCB0
___Q29configmgr7AddNodeRCB0
_getStaticType__Q29configmgr10RemoveNode
_getStaticType__Q29configmgr7AddNode
_getStaticType__Q29configmgr11ValueChange
_ensure__Q29configmgr20OCreateSubtreeAction
_ensure__Q29configmgr16OMergeTreeAction
_elementNames__CQ29configmgr13SubtreeChange
___Q39configmgr13SubtreeChange13ChildIteratorPCQ29configmgr13SubtreeChangeGQ49configmgr13SubtreeChange13ChildIterator6EndPos
___Q39configmgr13SubtreeChange13ChildIteratorPCQ29configmgr13SubtreeChange
_swap__Q29configmgr6ChangeRB0
_getStaticType__Q29configmgr21SubtreeChangeReferrer
_getStaticType__Q29configmgr13SubtreeChange
__._Q29configmgr10SearchNode
___Q29configmgr10SearchNodeRCQ23rtl8OUString
___Q29configmgr12ChildListSetRCB0
_getStaticType__Q29configmgr7Subtree
__._Q29configmgr12ChildListSet
_getStaticType__Q29configmgr9ValueNode
___Q29configmgr5INodeGQ39configmgr13configuration10Attributes
_getStaticType__Q29configmgr8ISubtree
_getStaticType__Q29configmgr5INode
