mkdir: %COMMON_DEST%\bin%_EXT%\hid
mkdir: %COMMON_DEST%\res%_EXT%
mkdir: %_DEST%\xml%_EXT%\uiconfig
mkdir: %_DEST%\xml%_EXT%\uiconfig\modules
mkdir: %_DEST%\xml%_EXT%\uiconfig\modules\sdraw
mkdir: %_DEST%\xml%_EXT%\uiconfig\modules\simpress
mkdir: %_DEST%\xml%_EXT%\uiconfig\modules\sdraw\menubar
mkdir: %_DEST%\xml%_EXT%\uiconfig\modules\simpress\menubar
mkdir: %_DEST%\xml%_EXT%\uiconfig\modules\sdraw\toolbar
mkdir: %_DEST%\xml%_EXT%\uiconfig\modules\simpress\toolbar
mkdir: %_DEST%\xml%_EXT%\uiconfig\modules\sdraw\statusbar
mkdir: %_DEST%\xml%_EXT%\uiconfig\modules\simpress\statusbar

..\%COMMON_OUTDIR%\misc\*.hid %COMMON_DEST%\bin%_EXT%\hid\*.hid
..\%COMMON_OUTDIR%\srs\core_srs.hid %COMMON_DEST%\res%_EXT%\sdcore_srs.hid

..\%__SRC%\misc\*.map %_DEST%\bin%_EXT%\*.map
..\%__SRC%\lib\sdi.lib %_DEST%\lib%_EXT%\sdi.lib
..\%__SRC%\slb\lib*.* %_DEST%\lib%_EXT%\lib*.*
..\%__SRC%\lib\lib*.* %_DEST%\lib%_EXT%\lib*.*
..\%__SRC%\bin\sd?????.dll %_DEST%\bin%_EXT%\sd?????.dll
..\%__SRC%\bin\sd??????.dll %_DEST%\bin%_EXT%\sd??????.dll
..\%__SRC%\bin\sd*.res %_DEST%\bin%_EXT%\sd*.res
..\%__SRC%\bin\sd???????.dll %_DEST%\bin%_EXT%\sd???????.dll
..\%__SRC%\bin\emp?????.* %_DEST%\bin%_EXT%\emp?????.*

mkdir: %_DEST%\pck%_EXT%
..\res\webview\common.inc %_DEST%\pck%_EXT%\common.inc
..\res\webview\common.pl %_DEST%\pck%_EXT%\common.pl
..\res\webview\edit.asp %_DEST%\pck%_EXT%\edit.asp
..\res\webview\edit.pl %_DEST%\pck%_EXT%\edit.pl
..\res\webview\editpic.asp %_DEST%\pck%_EXT%\editpic.asp
..\res\webview\editpic.pl %_DEST%\pck%_EXT%\editpic.pl
..\res\webview\index.pl %_DEST%\pck%_EXT%\index.pl
..\res\webview\poll.asp %_DEST%\pck%_EXT%\poll.asp
..\res\webview\poll.pl %_DEST%\pck%_EXT%\poll.pl
..\res\webview\savepic.asp %_DEST%\pck%_EXT%\savepic.asp
..\res\webview\savepic.pl %_DEST%\pck%_EXT%\savepic.pl
..\res\webview\show.asp %_DEST%\pck%_EXT%\show.asp
..\res\webview\show.pl %_DEST%\pck%_EXT%\show.pl
..\res\webview\webview.asp %_DEST%\pck%_EXT%\webcast.asp
..\res\webview\webview.pl %_DEST%\pck%_EXT%\webcast.pl

..\res\buttons\*.zip %_DEST%\pck%_EXT%\*.zip

mkdir: %_DEST%\inc%_EXT%\sd
..\inc\sddll.hxx %_DEST%\inc%_EXT%\sd\sddll.hxx

..\xml\*.xml %_DEST%\xml%_EXT%\*.xml

..\uiconfig\sdraw\menubar\*.xml %_DEST%\xml%_EXT%\uiconfig\modules\sdraw\menubar\*.xml
..\uiconfig\simpress\menubar\*.xml %_DEST%\xml%_EXT%\uiconfig\modules\simpress\menubar\*.xml
..\uiconfig\sdraw\toolbar\*.xml %_DEST%\xml%_EXT%\uiconfig\modules\sdraw\toolbar\*.xml
..\uiconfig\simpress\toolbar\*.xml %_DEST%\xml%_EXT%\uiconfig\modules\simpress\toolbar\*.xml
..\uiconfig\sdraw\statusbar\*.xml %_DEST%\xml%_EXT%\uiconfig\modules\sdraw\statusbar\*.xml
..\uiconfig\simpress\statusbar\*.xml %_DEST%\xml%_EXT%\uiconfig\modules\simpress\statusbar\*.xml

..\%__SRC%\misc\sd.component %_DEST%\xml%_EXT%\sd.component
..\%__SRC%\misc\sdd.component %_DEST%\xml%_EXT%\sdd.component
